Archive member included to satisfy reference by file (symbol)

/opt/st/stm32cubeide_1.10.1/plugins/com.st.stm32cube.ide.mcu.externaltools.gnu-tools-for-stm32.10.3-2021.10.linux64_1.0.0.202111181127/tools/bin/../lib/gcc/arm-none-eabi/10.3.1/../../../../arm-none-eabi/lib/thumb/v7e-m+fp/hard/libc_nano.a(lib_a-errno.o)
                              ./Core/Src/syscalls.o (__errno)
/opt/st/stm32cubeide_1.10.1/plugins/com.st.stm32cube.ide.mcu.externaltools.gnu-tools-for-stm32.10.3-2021.10.linux64_1.0.0.202111181127/tools/bin/../lib/gcc/arm-none-eabi/10.3.1/../../../../arm-none-eabi/lib/thumb/v7e-m+fp/hard/libc_nano.a(lib_a-exit.o)
                              /opt/st/stm32cubeide_1.10.1/plugins/com.st.stm32cube.ide.mcu.externaltools.gnu-tools-for-stm32.10.3-2021.10.linux64_1.0.0.202111181127/tools/bin/../lib/gcc/arm-none-eabi/10.3.1/../../../../arm-none-eabi/lib/thumb/v7e-m+fp/hard/crt0.o (exit)
/opt/st/stm32cubeide_1.10.1/plugins/com.st.stm32cube.ide.mcu.externaltools.gnu-tools-for-stm32.10.3-2021.10.linux64_1.0.0.202111181127/tools/bin/../lib/gcc/arm-none-eabi/10.3.1/../../../../arm-none-eabi/lib/thumb/v7e-m+fp/hard/libc_nano.a(lib_a-impure.o)
                              /opt/st/stm32cubeide_1.10.1/plugins/com.st.stm32cube.ide.mcu.externaltools.gnu-tools-for-stm32.10.3-2021.10.linux64_1.0.0.202111181127/tools/bin/../lib/gcc/arm-none-eabi/10.3.1/../../../../arm-none-eabi/lib/thumb/v7e-m+fp/hard/libc_nano.a(lib_a-exit.o) (_global_impure_ptr)
/opt/st/stm32cubeide_1.10.1/plugins/com.st.stm32cube.ide.mcu.externaltools.gnu-tools-for-stm32.10.3-2021.10.linux64_1.0.0.202111181127/tools/bin/../lib/gcc/arm-none-eabi/10.3.1/../../../../arm-none-eabi/lib/thumb/v7e-m+fp/hard/libc_nano.a(lib_a-init.o)
                              /opt/st/stm32cubeide_1.10.1/plugins/com.st.stm32cube.ide.mcu.externaltools.gnu-tools-for-stm32.10.3-2021.10.linux64_1.0.0.202111181127/tools/bin/../lib/gcc/arm-none-eabi/10.3.1/../../../../arm-none-eabi/lib/thumb/v7e-m+fp/hard/crt0.o (__libc_init_array)
/opt/st/stm32cubeide_1.10.1/plugins/com.st.stm32cube.ide.mcu.externaltools.gnu-tools-for-stm32.10.3-2021.10.linux64_1.0.0.202111181127/tools/bin/../lib/gcc/arm-none-eabi/10.3.1/../../../../arm-none-eabi/lib/thumb/v7e-m+fp/hard/libc_nano.a(lib_a-malloc.o)
                              ./Middlewares/ST/STM32_USB_Host_Library/Class/CDC/Src/usbh_cdc.o (malloc)
/opt/st/stm32cubeide_1.10.1/plugins/com.st.stm32cube.ide.mcu.externaltools.gnu-tools-for-stm32.10.3-2021.10.linux64_1.0.0.202111181127/tools/bin/../lib/gcc/arm-none-eabi/10.3.1/../../../../arm-none-eabi/lib/thumb/v7e-m+fp/hard/libc_nano.a(lib_a-memset.o)
                              /opt/st/stm32cubeide_1.10.1/plugins/com.st.stm32cube.ide.mcu.externaltools.gnu-tools-for-stm32.10.3-2021.10.linux64_1.0.0.202111181127/tools/bin/../lib/gcc/arm-none-eabi/10.3.1/../../../../arm-none-eabi/lib/thumb/v7e-m+fp/hard/crt0.o (memset)
/opt/st/stm32cubeide_1.10.1/plugins/com.st.stm32cube.ide.mcu.externaltools.gnu-tools-for-stm32.10.3-2021.10.linux64_1.0.0.202111181127/tools/bin/../lib/gcc/arm-none-eabi/10.3.1/../../../../arm-none-eabi/lib/thumb/v7e-m+fp/hard/libc_nano.a(lib_a-nano-freer.o)
                              /opt/st/stm32cubeide_1.10.1/plugins/com.st.stm32cube.ide.mcu.externaltools.gnu-tools-for-stm32.10.3-2021.10.linux64_1.0.0.202111181127/tools/bin/../lib/gcc/arm-none-eabi/10.3.1/../../../../arm-none-eabi/lib/thumb/v7e-m+fp/hard/libc_nano.a(lib_a-malloc.o) (_free_r)
/opt/st/stm32cubeide_1.10.1/plugins/com.st.stm32cube.ide.mcu.externaltools.gnu-tools-for-stm32.10.3-2021.10.linux64_1.0.0.202111181127/tools/bin/../lib/gcc/arm-none-eabi/10.3.1/../../../../arm-none-eabi/lib/thumb/v7e-m+fp/hard/libc_nano.a(lib_a-nano-mallocr.o)
                              /opt/st/stm32cubeide_1.10.1/plugins/com.st.stm32cube.ide.mcu.externaltools.gnu-tools-for-stm32.10.3-2021.10.linux64_1.0.0.202111181127/tools/bin/../lib/gcc/arm-none-eabi/10.3.1/../../../../arm-none-eabi/lib/thumb/v7e-m+fp/hard/libc_nano.a(lib_a-malloc.o) (_malloc_r)
/opt/st/stm32cubeide_1.10.1/plugins/com.st.stm32cube.ide.mcu.externaltools.gnu-tools-for-stm32.10.3-2021.10.linux64_1.0.0.202111181127/tools/bin/../lib/gcc/arm-none-eabi/10.3.1/../../../../arm-none-eabi/lib/thumb/v7e-m+fp/hard/libc_nano.a(lib_a-printf.o)
                              ./Core/Src/main.o (printf)
/opt/st/stm32cubeide_1.10.1/plugins/com.st.stm32cube.ide.mcu.externaltools.gnu-tools-for-stm32.10.3-2021.10.linux64_1.0.0.202111181127/tools/bin/../lib/gcc/arm-none-eabi/10.3.1/../../../../arm-none-eabi/lib/thumb/v7e-m+fp/hard/libc_nano.a(lib_a-sbrkr.o)
                              /opt/st/stm32cubeide_1.10.1/plugins/com.st.stm32cube.ide.mcu.externaltools.gnu-tools-for-stm32.10.3-2021.10.linux64_1.0.0.202111181127/tools/bin/../lib/gcc/arm-none-eabi/10.3.1/../../../../arm-none-eabi/lib/thumb/v7e-m+fp/hard/libc_nano.a(lib_a-nano-mallocr.o) (_sbrk_r)
[...]
Memory Configuration

Name             Origin             Length             Attributes
CCMRAM           0x0000000010000000 0x0000000000010000 xrw
RAM              0x0000000020000000 0x0000000000020000 xrw
FLASH            0x0000000008000000 0x0000000000100000 xr
*default*        0x0000000000000000 0xffffffffffffffff

Linker script and memory map

LOAD /opt/st/stm32cubeide_1.10.1/plugins/com.st.stm32cube.ide.mcu.externaltools.gnu-tools-for-stm32.10.3-2021.10.linux64_1.0.0.202111181127/tools/bin/../lib/gcc/arm-none-eabi/10.3.1/thumb/v7e-m+fp/hard/crti.o
LOAD /opt/st/stm32cubeide_1.10.1/plugins/com.st.stm32cube.ide.mcu.externaltools.gnu-tools-for-stm32.10.3-2021.10.linux64_1.0.0.202111181127/tools/bin/../lib/gcc/arm-none-eabi/10.3.1/thumb/v7e-m+fp/hard/crtbegin.o
LOAD /opt/st/stm32cubeide_1.10.1/plugins/com.st.stm32cube.ide.mcu.externaltools.gnu-tools-for-stm32.10.3-2021.10.linux64_1.0.0.202111181127/tools/bin/../lib/gcc/arm-none-eabi/10.3.1/../../../../arm-none-eabi/lib/thumb/v7e-m+fp/hard/crt0.o
LOAD ./Core/Src/light/led_stop/stop_light.o
LOAD ./Core/Src/light/led_stript/ARGB.o
LOAD ./Core/Src/light/led_stript/control.o
LOAD ./Core/Src/main.o
LOAD ./Core/Src/stm32f4xx_hal_msp.o
LOAD ./Core/Src/stm32f4xx_it.o
LOAD ./Core/Src/syscalls.o
LOAD ./Core/Src/sysmem.o
LOAD ./Core/Src/system_stm32f4xx.o
LOAD ./Core/Src/microSD/file_system.o
LOAD ./Core/Src/microSD/sd_spi.o
LOAD ./Core/Src/queue/queue.o
LOAD ./Core/Startup/startup_stm32f407vgtx.o
LOAD ./Drivers/STM32F4xx_HAL_Driver/Src/stm32f4xx_hal.o
LOAD ./Drivers/STM32F4xx_HAL_Driver/Src/stm32f4xx_hal_cortex.o
LOAD ./Drivers/STM32F4xx_HAL_Driver/Src/stm32f4xx_hal_dma.o
LOAD ./Drivers/STM32F4xx_HAL_Driver/Src/stm32f4xx_hal_dma_ex.o
LOAD ./Drivers/STM32F4xx_HAL_Driver/Src/stm32f4xx_hal_exti.o
LOAD ./Drivers/STM32F4xx_HAL_Driver/Src/stm32f4xx_hal_flash.o
LOAD ./Drivers/STM32F4xx_HAL_Driver/Src/stm32f4xx_hal_flash_ex.o
LOAD ./Drivers/STM32F4xx_HAL_Driver/Src/stm32f4xx_hal_flash_ramfunc.o
LOAD ./Drivers/STM32F4xx_HAL_Driver/Src/stm32f4xx_hal_gpio.o
LOAD ./Drivers/STM32F4xx_HAL_Driver/Src/stm32f4xx_hal_hcd.o
LOAD ./Drivers/STM32F4xx_HAL_Driver/Src/stm32f4xx_hal_pwr.o
LOAD ./Drivers/STM32F4xx_HAL_Driver/Src/stm32f4xx_hal_pwr_ex.o
LOAD ./Drivers/STM32F4xx_HAL_Driver/Src/stm32f4xx_hal_rcc.o
LOAD ./Drivers/STM32F4xx_HAL_Driver/Src/stm32f4xx_hal_rcc_ex.o
LOAD ./Drivers/STM32F4xx_HAL_Driver/Src/stm32f4xx_hal_spi.o
LOAD ./Drivers/STM32F4xx_HAL_Driver/Src/stm32f4xx_hal_tim.o
LOAD ./Drivers/STM32F4xx_HAL_Driver/Src/stm32f4xx_hal_tim_ex.o
LOAD ./Drivers/STM32F4xx_HAL_Driver/Src/stm32f4xx_hal_uart.o
LOAD ./Drivers/STM32F4xx_HAL_Driver/Src/stm32f4xx_ll_usb.o
LOAD ./FATFS/App/fatfs.o
LOAD ./FATFS/Target/user_diskio.o
LOAD ./Middlewares/ST/STM32_USB_Host_Library/Class/CDC/Src/usbh_cdc.o
LOAD ./Middlewares/ST/STM32_USB_Host_Library/Core/Src/usbh_core.o
LOAD ./Middlewares/ST/STM32_USB_Host_Library/Core/Src/usbh_ctlreq.o
LOAD ./Middlewares/ST/STM32_USB_Host_Library/Core/Src/usbh_ioreq.o
LOAD ./Middlewares/ST/STM32_USB_Host_Library/Core/Src/usbh_pipes.o
LOAD ./Middlewares/Third_Party/FatFs/src/diskio.o
LOAD ./Middlewares/Third_Party/FatFs/src/ff.o
LOAD ./Middlewares/Third_Party/FatFs/src/ff_gen_drv.o
LOAD ./Middlewares/Third_Party/FatFs/src/option/ccsbcs.o
LOAD ./Middlewares/Third_Party/FatFs/src/option/syscall.o
LOAD ./USB_HOST/App/usb_host.o
LOAD ./USB_HOST/Target/usbh_conf.o
LOAD ./USB_HOST/Target/usbh_platform.o
START GROUP
LOAD /opt/st/stm32cubeide_1.10.1/plugins/com.st.stm32cube.ide.mcu.externaltools.gnu-tools-for-stm32.10.3-2021.10.linux64_1.0.0.202111181127/tools/bin/../lib/gcc/arm-none-eabi/10.3.1/../../../../arm-none-eabi/lib/thumb/v7e-m+fp/hard/libc_nano.a
LOAD /opt/st/stm32cubeide_1.10.1/plugins/com.st.stm32cube.ide.mcu.externaltools.gnu-tools-for-stm32.10.3-2021.10.linux64_1.0.0.202111181127/tools/bin/../lib/gcc/arm-none-eabi/10.3.1/../../../../arm-none-eabi/lib/thumb/v7e-m+fp/hard/libm.a
END GROUP
START GROUP
LOAD /opt/st/stm32cubeide_1.10.1/plugins/com.st.stm32cube.ide.mcu.externaltools.gnu-tools-for-stm32.10.3-2021.10.linux64_1.0.0.202111181127/tools/bin/../lib/gcc/arm-none-eabi/10.3.1/thumb/v7e-m+fp/hard/libgcc.a
LOAD /opt/st/stm32cubeide_1.10.1/plugins/com.st.stm32cube.ide.mcu.externaltools.gnu-tools-for-stm32.10.3-2021.10.linux64_1.0.0.202111181127/tools/bin/../lib/gcc/arm-none-eabi/10.3.1/../../../../arm-none-eabi/lib/thumb/v7e-m+fp/hard/libc_nano.a
END GROUP
START GROUP
LOAD /opt/st/stm32cubeide_1.10.1/plugins/com.st.stm32cube.ide.mcu.externaltools.gnu-tools-for-stm32.10.3-2021.10.linux64_1.0.0.202111181127/tools/bin/../lib/gcc/arm-none-eabi/10.3.1/thumb/v7e-m+fp/hard/libgcc.a
LOAD /opt/st/stm32cubeide_1.10.1/plugins/com.st.stm32cube.ide.mcu.externaltools.gnu-tools-for-stm32.10.3-2021.10.linux64_1.0.0.202111181127/tools/bin/../lib/gcc/arm-none-eabi/10.3.1/../../../../arm-none-eabi/lib/thumb/v7e-m+fp/hard/libc_nano.a
LOAD /opt/st/stm32cubeide_1.10.1/plugins/com.st.stm32cube.ide.mcu.externaltools.gnu-tools-for-stm32.10.3-2021.10.linux64_1.0.0.202111181127/tools/bin/../lib/gcc/arm-none-eabi/10.3.1/../../../../arm-none-eabi/lib/thumb/v7e-m+fp/hard/libnosys.a
END GROUP
START GROUP
LOAD /opt/st/stm32cubeide_1.10.1/plugins/com.st.stm32cube.ide.mcu.externaltools.gnu-tools-for-stm32.10.3-2021.10.linux64_1.0.0.202111181127/tools/bin/../lib/gcc/arm-none-eabi/10.3.1/thumb/v7e-m+fp/hard/libgcc.a
LOAD /opt/st/stm32cubeide_1.10.1/plugins/com.st.stm32cube.ide.mcu.externaltools.gnu-tools-for-stm32.10.3-2021.10.linux64_1.0.0.202111181127/tools/bin/../lib/gcc/arm-none-eabi/10.3.1/../../../../arm-none-eabi/lib/thumb/v7e-m+fp/hard/libc_nano.a
LOAD /opt/st/stm32cubeide_1.10.1/plugins/com.st.stm32cube.ide.mcu.externaltools.gnu-tools-for-stm32.10.3-2021.10.linux64_1.0.0.202111181127/tools/bin/../lib/gcc/arm-none-eabi/10.3.1/../../../../arm-none-eabi/lib/thumb/v7e-m+fp/hard/libnosys.a
END GROUP
LOAD /opt/st/stm32cubeide_1.10.1/plugins/com.st.stm32cube.ide.mcu.externaltools.gnu-tools-for-stm32.10.3-2021.10.linux64_1.0.0.202111181127/tools/bin/../lib/gcc/arm-none-eabi/10.3.1/thumb/v7e-m+fp/hard/crtend.o
LOAD /opt/st/stm32cubeide_1.10.1/plugins/com.st.stm32cube.ide.mcu.externaltools.gnu-tools-for-stm32.10.3-2021.10.linux64_1.0.0.202111181127/tools/bin/../lib/gcc/arm-none-eabi/10.3.1/thumb/v7e-m+fp/hard/crtn.o
                0x0000000020020000                _estack = (ORIGIN (RAM) + LENGTH (RAM))
                0x0000000000000200                _Min_Heap_Size = 0x200
                0x0000000000000400                _Min_Stack_Size = 0x400

.isr_vector     0x0000000008000000      0x188
                0x0000000008000000                . = ALIGN (0x4)
 *(.isr_vector)
 .isr_vector    0x0000000008000000      0x188 ./Core/Startup/startup_stm32f407vgtx.o
                0x0000000008000000                g_pfnVectors
                0x0000000008000188                . = ALIGN (0x4)

.text           0x0000000008000190    0x12384
                0x0000000008000190                . = ALIGN (0x4)
 *(.text)
 .text          0x0000000008000190       0x40 /opt/st/stm32cubeide_1.10.1/plugins/com.st.stm32cube.ide.mcu.externaltools.gnu-tools-for-stm32.10.3-2021.10.linux64_1.0.0.202111181127/tools/bin/../lib/gcc/arm-none-eabi/10.3.1/thumb/v7e-m+fp/hard/crtbegin.o
 .text          0x00000000080001d0       0x10 /opt/st/stm32cubeide_1.10.1/plugins/com.st.stm32cube.ide.mcu.externaltools.gnu-tools-for-stm32.10.3-2021.10.linux64_1.0.0.202111181127/tools/bin/../lib/gcc/arm-none-eabi/10.3.1/../../../../arm-none-eabi/lib/thumb/v7e-m+fp/hard/libc_nano.a(lib_a-strlen.o)
                0x00000000080001d0                strlen
 .text          0x00000000080001e0       0xa0 /opt/st/stm32cubeide_1.10.1/plugins/com.st.stm32cube.ide.mcu.externaltools.gnu-tools-for-stm32.10.3-2021.10.linux64_1.0.0.202111181127/tools/bin/../lib/gcc/arm-none-eabi/10.3.1/../../../../arm-none-eabi/lib/thumb/v7e-m+fp/hard/libc_nano.a(lib_a-memchr.o)
                0x00000000080001e0                memchr
 .text          0x0000000008000280      0x254 /opt/st/stm32cubeide_1.10.1/plugins/com.st.stm32cube.ide.mcu.externaltools.gnu-tools-for-stm32.10.3-2021.10.linux64_1.0.0.202111181127/tools/bin/../lib/gcc/arm-none-eabi/10.3.1/thumb/v7e-m+fp/hard/libgcc.a(_arm_muldf3.o)
                0x0000000008000280                __aeabi_dmul
                0x0000000008000280                __muldf3
 .text          0x00000000080004d4      0x378 /opt/st/stm32cubeide_1.10.1/plugins/com.st.stm32cube.ide.mcu.externaltools.gnu-tools-for-stm32.10.3-2021.10.linux64_1.0.0.202111181127/tools/bin/../lib/gcc/arm-none-eabi/10.3.1/thumb/v7e-m+fp/hard/libgcc.a(_arm_addsubdf3.o)
                0x00000000080004d4                __aeabi_drsub
                0x00000000080004dc                __aeabi_dsub
                0x00000000080004dc                __subdf3
                0x00000000080004e0                __adddf3
                0x00000000080004e0                __aeabi_dadd
                0x0000000008000758                __aeabi_ui2d
                0x0000000008000758                __floatunsidf
                0x0000000008000778                __floatsidf
                0x0000000008000778                __aeabi_i2d
                0x000000000800079c                __extendsfdf2
                0x000000000800079c                __aeabi_f2d
                0x00000000080007e0                __aeabi_ul2d
                0x00000000080007e0                __floatundidf
                0x00000000080007f0                __floatdidf
                0x00000000080007f0                __aeabi_l2d
 .text          0x000000000800084c       0x40 /opt/st/stm32cubeide_1.10.1/plugins/com.st.stm32cube.ide.mcu.externaltools.gnu-tools-for-stm32.10.3-2021.10.linux64_1.0.0.202111181127/tools/bin/../lib/gcc/arm-none-eabi/10.3.1/thumb/v7e-m+fp/hard/libgcc.a(_arm_fixunsdfsi.o)
                0x000000000800084c                __fixunsdfsi
                0x000000000800084c                __aeabi_d2uiz
 .text          0x000000000800088c       0x30 /opt/st/stm32cubeide_1.10.1/plugins/com.st.stm32cube.ide.mcu.externaltools.gnu-tools-for-stm32.10.3-2021.10.linux64_1.0.0.202111181127/tools/bin/../lib/gcc/arm-none-eabi/10.3.1/thumb/v7e-m+fp/hard/libgcc.a(_aeabi_uldivmod.o)
                0x000000000800088c                __aeabi_uldivmod
 .text          0x00000000080008bc      0x2d0 /opt/st/stm32cubeide_1.10.1/plugins/com.st.stm32cube.ide.mcu.externaltools.gnu-tools-for-stm32.10.3-2021.10.linux64_1.0.0.202111181127/tools/bin/../lib/gcc/arm-none-eabi/10.3.1/thumb/v7e-m+fp/hard/libgcc.a(_udivmoddi4.o)
                0x00000000080008bc                __udivmoddi4
 .text          0x0000000008000b8c        0x4 /opt/st/stm32cubeide_1.10.1/plugins/com.st.stm32cube.ide.mcu.externaltools.gnu-tools-for-stm32.10.3-2021.10.linux64_1.0.0.202111181127/tools/bin/../lib/gcc/arm-none-eabi/10.3.1/thumb/v7e-m+fp/hard/libgcc.a(_dvmd_tls.o)
                0x0000000008000b8c                __aeabi_ldiv0
                0x0000000008000b8c                __aeabi_idiv0
 *(.text*)
 .text.stop_light_turn_on_left
                0x0000000008000b90       0x38 ./Core/Src/light/led_stop/stop_light.o
                0x0000000008000b90                stop_light_turn_on_left
 .text.stop_light_turn_on_right
                0x0000000008000bc8       0x38 ./Core/Src/light/led_stop/stop_light.o
                0x0000000008000bc8                stop_light_turn_on_right
 .text.stop_light_turn_off_left
                0x0000000008000c00       0x38 ./Core/Src/light/led_stop/stop_light.o
                0x0000000008000c00                stop_light_turn_off_left
 .text.stop_light_turn_off_right
                0x0000000008000c38       0x38 ./Core/Src/light/led_stop/stop_light.o
                0x0000000008000c38                stop_light_turn_off_right
 .text.set_duty_cycle_stop_left_1
                0x0000000008000c70       0x20 ./Core/Src/light/led_stop/stop_light.o
                0x0000000008000c70                set_duty_cycle_stop_left_1
 .text.set_duty_cycle_stop_left_2
                0x0000000008000c90       0x20 ./Core/Src/light/led_stop/stop_light.o
                0x0000000008000c90                set_duty_cycle_stop_left_2
 .text.set_duty_cycle_stop_left_3
                0x0000000008000cb0       0x20 ./Core/Src/light/led_stop/stop_light.o
                0x0000000008000cb0                set_duty_cycle_stop_left_3
 .text.set_duty_cycle_stop_left_4
                0x0000000008000cd0       0x20 ./Core/Src/light/led_stop/stop_light.o
                0x0000000008000cd0                set_duty_cycle_stop_left_4
 .text.set_duty_cycle_stop_left_5
                0x0000000008000cf0       0x20 ./Core/Src/light/led_stop/stop_light.o
                0x0000000008000cf0                set_duty_cycle_stop_left_5
 .text.set_duty_cycle_stop_ritht_1
                0x0000000008000d10       0x20 ./Core/Src/light/led_stop/stop_light.o
                0x0000000008000d10                set_duty_cycle_stop_ritht_1
 .text.set_duty_cycle_stop_ritht_2
                0x0000000008000d30       0x20 ./Core/Src/light/led_stop/stop_light.o
                0x0000000008000d30                set_duty_cycle_stop_ritht_2
 .text.set_duty_cycle_stop_ritht_3
                0x0000000008000d50       0x20 ./Core/Src/light/led_stop/stop_light.o
                0x0000000008000d50                set_duty_cycle_stop_ritht_3
 .text.set_duty_cycle_stop_ritht_4
                0x0000000008000d70       0x20 ./Core/Src/light/led_stop/stop_light.o
                0x0000000008000d70                set_duty_cycle_stop_ritht_4
 .text.set_duty_cycle_stop_ritht_5
                0x0000000008000d90       0x20 ./Core/Src/light/led_stop/stop_light.o
                0x0000000008000d90                set_duty_cycle_stop_ritht_5
 .text.stop_light_all_turn_off
                0x0000000008000db0       0x10 ./Core/Src/light/led_stop/stop_light.o
                0x0000000008000db0                stop_light_all_turn_off
 .text.test_from_midle_to_corner
                0x0000000008000dc0      0x1b8 ./Core/Src/light/led_stop/stop_light.o
                0x0000000008000dc0                test_from_midle_to_corner
 .text.ARGB_Init
                0x0000000008000f78      0x104 ./Core/Src/light/led_stript/ARGB.o
                0x0000000008000f78                ARGB_Init
 .text.ARGB_Clear_left
                0x000000000800107c       0x18 ./Core/Src/light/led_stript/ARGB.o
                0x000000000800107c                ARGB_Clear_left
 .text.ARGB_Clear_right
                0x0000000008001094       0x18 ./Core/Src/light/led_stript/ARGB.o
                0x0000000008001094                ARGB_Clear_right
 .text.ARGB_SetBrightness
                0x00000000080010ac       0x20 ./Core/Src/light/led_stript/ARGB.o
                0x00000000080010ac                ARGB_SetBrightness
 .text.ARGB_SetRGB_left
                0x00000000080010cc       0xf4 ./Core/Src/light/led_stript/ARGB.o
                0x00000000080010cc                ARGB_SetRGB_left
 .text.ARGB_SetRGB_right
                0x00000000080011c0       0xf4 ./Core/Src/light/led_stript/ARGB.o
                0x00000000080011c0                ARGB_SetRGB_right
 .text.ARGB_SetWhite_left
                0x00000000080012b4       0x48 ./Core/Src/light/led_stript/ARGB.o
                0x00000000080012b4                ARGB_SetWhite_left
 .text.ARGB_SetWhite_right
                0x00000000080012fc       0x48 ./Core/Src/light/led_stript/ARGB.o
                0x00000000080012fc                ARGB_SetWhite_right
 .text.ARGB_FillRGB_left
                0x0000000008001344       0x42 ./Core/Src/light/led_stript/ARGB.o
                0x0000000008001344                ARGB_FillRGB_left
 .text.ARGB_FillRGB_right
                0x0000000008001386       0x42 ./Core/Src/light/led_stript/ARGB.o
                0x0000000008001386                ARGB_FillRGB_right
 .text.ARGB_FillWhite_left
                0x00000000080013c8       0x3a ./Core/Src/light/led_stript/ARGB.o
                0x00000000080013c8                ARGB_FillWhite_left
 .text.ARGB_FillWhite_right
                0x0000000008001402       0x3a ./Core/Src/light/led_stript/ARGB.o
                0x0000000008001402                ARGB_FillWhite_right
 .text.ARGB_Show_left
                0x000000000800143c      0x398 ./Core/Src/light/led_stript/ARGB.o
                0x000000000800143c                ARGB_Show_left
 .text.ARGB_Show_right
                0x00000000080017d4      0x398 ./Core/Src/light/led_stript/ARGB.o
                0x00000000080017d4                ARGB_Show_right
 .text.scale8   0x0000000008001b6c       0x28 ./Core/Src/light/led_stript/ARGB.o
 .text.ARGB_TIM_DMADelayPulseCplt_left
                0x0000000008001b94      0x2f8 ./Core/Src/light/led_stript/ARGB.o
 .text.ARGB_TIM_DMADelayPulseCplt_right
                0x0000000008001e8c      0x2f8 ./Core/Src/light/led_stript/ARGB.o
 .text.ARGB_TIM_DMADelayPulseHalfCplt_left
                0x0000000008002184      0x1b0 ./Core/Src/light/led_stript/ARGB.o
 .text.ARGB_TIM_DMADelayPulseHalfCplt_right
                0x0000000008002334      0x1b0 ./Core/Src/light/led_stript/ARGB.o
 .text.turn_off_left_stript
                0x00000000080024e4       0x1a ./Core/Src/light/led_stript/control.o
                0x00000000080024e4                turn_off_left_stript
 .text.turn_off_right_stript
                0x00000000080024fe       0x1a ./Core/Src/light/led_stript/control.o
                0x00000000080024fe                turn_off_right_stript
 .text.turn_off_left_and_right_dtript
                0x0000000008002518       0x10 ./Core/Src/light/led_stript/control.o
                0x0000000008002518                turn_off_left_and_right_dtript
 .text.turn_all_leds_from_centr
                0x0000000008002528       0xa2 ./Core/Src/light/led_stript/control.o
                0x0000000008002528                turn_all_leds_from_centr
 .text.set_left_one_rgbw_led
                0x00000000080025ca       0x42 ./Core/Src/light/led_stript/control.o
                0x00000000080025ca                set_left_one_rgbw_led
 .text.set_right_one_rgbw_led
                0x000000000800260c       0x42 ./Core/Src/light/led_stript/control.o
                0x000000000800260c                set_right_one_rgbw_led
 *fill*         0x000000000800264e        0x2 
 .text.start_and_init_25_hz
                0x0000000008002650       0x3c ./Core/Src/main.o
                0x0000000008002650                start_and_init_25_hz
 .text.stop_25_hz
                0x000000000800268c       0x14 ./Core/Src/main.o
                0x000000000800268c                stop_25_hz
 .text.init_leds_pwm
                0x00000000080026a0       0x64 ./Core/Src/main.o
                0x00000000080026a0                init_leds_pwm
 .text.init_uart3
                0x0000000008002704       0x1c ./Core/Src/main.o
                0x0000000008002704                init_uart3
 .text.init_rgbw_led_stript
                0x0000000008002720       0x16 ./Core/Src/main.o
                0x0000000008002720                init_rgbw_led_stript
 *fill*         0x0000000008002736        0x2 
 .text.__io_putchar
                0x0000000008002738       0x24 ./Core/Src/main.o
                0x0000000008002738                __io_putchar
 .text.read_framesfrom_bin_file
                0x000000000800275c      0x230 ./Core/Src/main.o
                0x000000000800275c                read_framesfrom_bin_file
 .text.main     0x000000000800298c      0x124 ./Core/Src/main.o
                0x000000000800298c                main
 .text.SystemClock_Config
                0x0000000008002ab0       0xd4 ./Core/Src/main.o
                0x0000000008002ab0                SystemClock_Config
 .text.MX_SPI1_Init
                0x0000000008002b84       0x6c ./Core/Src/main.o
 .text.MX_TIM2_Init
                0x0000000008002bf0      0x12c ./Core/Src/main.o
 .text.MX_TIM3_Init
                0x0000000008002d1c      0x130 ./Core/Src/main.o
 .text.MX_TIM4_Init
                0x0000000008002e4c      0x104 ./Core/Src/main.o
 .text.MX_TIM8_Init
                0x0000000008002f50      0x120 ./Core/Src/main.o
 .text.MX_TIM13_Init
                0x0000000008003070       0x48 ./Core/Src/main.o
 .text.MX_USART3_UART_Init
                0x00000000080030b8       0x54 ./Core/Src/main.o
 .text.MX_DMA_Init
                0x000000000800310c       0x50 ./Core/Src/main.o
 .text.MX_GPIO_Init
                0x000000000800315c      0x2c0 ./Core/Src/main.o
 .text.HAL_TIM_PeriodElapsedCallback
                0x000000000800341c       0x34 ./Core/Src/main.o
                0x000000000800341c                HAL_TIM_PeriodElapsedCallback
 .text.HAL_UART_RxCpltCallback
                0x0000000008003450       0x80 ./Core/Src/main.o
                0x0000000008003450                HAL_UART_RxCpltCallback
 .text.all_leds_animantion_ok_state
                0x00000000080034d0       0x30 ./Core/Src/main.o
                0x00000000080034d0                all_leds_animantion_ok_state
 .text.all_leds_animantion_error_state
                0x0000000008003500       0x72 ./Core/Src/main.o
                0x0000000008003500                all_leds_animantion_error_state
 .text.Error_Handler
                0x0000000008003572        0xa ./Core/Src/main.o
                0x0000000008003572                Error_Handler
 .text.HAL_MspInit
                0x000000000800357c       0x50 ./Core/Src/stm32f4xx_hal_msp.o
                0x000000000800357c                HAL_MspInit
 .text.HAL_SPI_MspInit
                0x00000000080035cc       0x90 ./Core/Src/stm32f4xx_hal_msp.o
                0x00000000080035cc                HAL_SPI_MspInit
 .text.HAL_TIM_Base_MspInit
                0x000000000800365c       0xe0 ./Core/Src/stm32f4xx_hal_msp.o
                0x000000000800365c                HAL_TIM_Base_MspInit
 .text.HAL_TIM_PWM_MspInit
                0x000000000800373c      0x150 ./Core/Src/stm32f4xx_hal_msp.o
                0x000000000800373c                HAL_TIM_PWM_MspInit
 .text.HAL_TIM_MspPostInit
                0x000000000800388c      0x1dc ./Core/Src/stm32f4xx_hal_msp.o
                0x000000000800388c                HAL_TIM_MspPostInit
 .text.HAL_UART_MspInit
                0x0000000008003a68       0xa0 ./Core/Src/stm32f4xx_hal_msp.o
                0x0000000008003a68                HAL_UART_MspInit
 .text.NMI_Handler
                0x0000000008003b08        0x6 ./Core/Src/stm32f4xx_it.o
                0x0000000008003b08                NMI_Handler
 .text.HardFault_Handler
                0x0000000008003b0e        0x6 ./Core/Src/stm32f4xx_it.o
                0x0000000008003b0e                HardFault_Handler
 .text.MemManage_Handler
                0x0000000008003b14        0x6 ./Core/Src/stm32f4xx_it.o
                0x0000000008003b14                MemManage_Handler
 .text.BusFault_Handler
                0x0000000008003b1a        0x6 ./Core/Src/stm32f4xx_it.o
                0x0000000008003b1a                BusFault_Handler
 .text.UsageFault_Handler
                0x0000000008003b20        0x6 ./Core/Src/stm32f4xx_it.o
                0x0000000008003b20                UsageFault_Handler
 .text.SVC_Handler
                0x0000000008003b26        0xe ./Core/Src/stm32f4xx_it.o
                0x0000000008003b26                SVC_Handler
 .text.DebugMon_Handler
                0x0000000008003b34        0xe ./Core/Src/stm32f4xx_it.o
                0x0000000008003b34                DebugMon_Handler
 .text.PendSV_Handler
                0x0000000008003b42        0xe ./Core/Src/stm32f4xx_it.o
                0x0000000008003b42                PendSV_Handler
 .text.SysTick_Handler
                0x0000000008003b50        0xc ./Core/Src/stm32f4xx_it.o
                0x0000000008003b50                SysTick_Handler
 .text.TIM2_IRQHandler
                0x0000000008003b5c       0x14 ./Core/Src/stm32f4xx_it.o
                0x0000000008003b5c                TIM2_IRQHandler
 .text.USART3_IRQHandler
                0x0000000008003b70       0x14 ./Core/Src/stm32f4xx_it.o
                0x0000000008003b70                USART3_IRQHandler
 .text.TIM8_UP_TIM13_IRQHandler
                0x0000000008003b84       0x1c ./Core/Src/stm32f4xx_it.o
                0x0000000008003b84                TIM8_UP_TIM13_IRQHandler
 .text.TIM8_TRG_COM_TIM14_IRQHandler
                0x0000000008003ba0       0x14 ./Core/Src/stm32f4xx_it.o
                0x0000000008003ba0                TIM8_TRG_COM_TIM14_IRQHandler
 .text.DMA2_Stream4_IRQHandler
                0x0000000008003bb4       0x14 ./Core/Src/stm32f4xx_it.o
                0x0000000008003bb4                DMA2_Stream4_IRQHandler
 .text.OTG_FS_IRQHandler
                0x0000000008003bc8       0x14 ./Core/Src/stm32f4xx_it.o
                0x0000000008003bc8                OTG_FS_IRQHandler
 .text.DMA2_Stream7_IRQHandler
                0x0000000008003bdc       0x14 ./Core/Src/stm32f4xx_it.o
                0x0000000008003bdc                DMA2_Stream7_IRQHandler
 .text._read    0x0000000008003bf0       0x3a ./Core/Src/syscalls.o
                0x0000000008003bf0                _read
 .text._write   0x0000000008003c2a       0x38 ./Core/Src/syscalls.o
                0x0000000008003c2a                _write
 .text._close   0x0000000008003c62       0x18 ./Core/Src/syscalls.o
                0x0000000008003c62                _close
 .text._fstat   0x0000000008003c7a       0x20 ./Core/Src/syscalls.o
                0x0000000008003c7a                _fstat
 .text._isatty  0x0000000008003c9a       0x16 ./Core/Src/syscalls.o
                0x0000000008003c9a                _isatty
 .text._lseek   0x0000000008003cb0       0x1a ./Core/Src/syscalls.o
                0x0000000008003cb0                _lseek
 *fill*         0x0000000008003cca        0x2 
 .text._sbrk    0x0000000008003ccc       0x6c ./Core/Src/sysmem.o
                0x0000000008003ccc                _sbrk
 .text.SystemInit
                0x0000000008003d38       0x24 ./Core/Src/system_stm32f4xx.o
                0x0000000008003d38                SystemInit
 .text.SD_SPI_Init
                0x0000000008003d5c      0x1c0 ./Core/Src/microSD/sd_spi.o
                0x0000000008003d5c                SD_SPI_Init
 .text.SPIx_WriteRead
                0x0000000008003f1c       0x3c ./Core/Src/microSD/sd_spi.o
                0x0000000008003f1c                SPIx_WriteRead
 .text.SPI_SendByte
                0x0000000008003f58       0x1a ./Core/Src/microSD/sd_spi.o
                0x0000000008003f58                SPI_SendByte
 .text.SPI_ReceiveByte
                0x0000000008003f72       0x1a ./Core/Src/microSD/sd_spi.o
                0x0000000008003f72                SPI_ReceiveByte
 .text.SPI_Release
                0x0000000008003f8c        0xe ./Core/Src/microSD/sd_spi.o
                0x0000000008003f8c                SPI_Release
 .text.SD_SPI_WaitingForReadiness
                0x0000000008003f9a       0x4a ./Core/Src/microSD/sd_spi.o
                0x0000000008003f9a                SD_SPI_WaitingForReadiness
 .text.SD_SPI_Cmd
                0x0000000008003fe4       0xd4 ./Core/Src/microSD/sd_spi.o
                0x0000000008003fe4                SD_SPI_Cmd
 .text.SD_SPI_Read_Block
                0x00000000080040b8       0x8c ./Core/Src/microSD/sd_spi.o
                0x00000000080040b8                SD_SPI_Read_Block
 .text.SD_SPI_Write_Block
                0x0000000008004144       0xa4 ./Core/Src/microSD/sd_spi.o
                0x0000000008004144                SD_SPI_Write_Block
 .text.SD_SPI_GetFileInfo
                0x00000000080041e8      0x1e0 ./Core/Src/microSD/sd_spi.o
                0x00000000080041e8                SD_SPI_GetFileInfo
 .text.init_microSD
                0x00000000080043c8       0x40 ./Core/Src/microSD/sd_spi.o
                0x00000000080043c8                init_microSD
 .text.SD_Error_Handler
                0x0000000008004408       0x18 ./Core/Src/microSD/sd_spi.o
                0x0000000008004408                SD_Error_Handler
 .text.update_all_leds
                0x0000000008004420       0xdc ./Core/Src/microSD/sd_spi.o
                0x0000000008004420                update_all_leds
 .text.Reset_Handler
                0x00000000080044fc       0x50 ./Core/Startup/startup_stm32f407vgtx.o
                0x00000000080044fc                Reset_Handler
 .text.Default_Handler
                0x000000000800454c        0x2 ./Core/Startup/startup_stm32f407vgtx.o
                0x000000000800454c                RTC_Alarm_IRQHandler
                0x000000000800454c                HASH_RNG_IRQHandler
                0x000000000800454c                EXTI2_IRQHandler
                0x000000000800454c                TIM8_CC_IRQHandler
                0x000000000800454c                TIM1_CC_IRQHandler
                0x000000000800454c                DMA2_Stream5_IRQHandler
                0x000000000800454c                DMA1_Stream5_IRQHandler
                0x000000000800454c                PVD_IRQHandler
                0x000000000800454c                SDIO_IRQHandler
                0x000000000800454c                TAMP_STAMP_IRQHandler
                0x000000000800454c                CAN2_RX1_IRQHandler
                0x000000000800454c                EXTI3_IRQHandler
                0x000000000800454c                TIM1_UP_TIM10_IRQHandler
                0x000000000800454c                I2C3_ER_IRQHandler
                0x000000000800454c                EXTI0_IRQHandler
                0x000000000800454c                I2C2_EV_IRQHandler
                0x000000000800454c                DMA1_Stream2_IRQHandler
                0x000000000800454c                CAN1_RX0_IRQHandler
                0x000000000800454c                FPU_IRQHandler
                0x000000000800454c                OTG_HS_WKUP_IRQHandler
                0x000000000800454c                CAN2_SCE_IRQHandler
                0x000000000800454c                DMA2_Stream2_IRQHandler
                0x000000000800454c                SPI1_IRQHandler
                0x000000000800454c                TIM6_DAC_IRQHandler
                0x000000000800454c                TIM1_BRK_TIM9_IRQHandler
                0x000000000800454c                DCMI_IRQHandler
                0x000000000800454c                CAN2_RX0_IRQHandler
                0x000000000800454c                DMA2_Stream3_IRQHandler
                0x000000000800454c                USART6_IRQHandler
                0x000000000800454c                CAN1_RX1_IRQHandler
                0x000000000800454c                UART5_IRQHandler
                0x000000000800454c                DMA2_Stream0_IRQHandler
                0x000000000800454c                TIM4_IRQHandler
                0x000000000800454c                I2C1_EV_IRQHandler
                0x000000000800454c                DMA1_Stream6_IRQHandler
                0x000000000800454c                DMA1_Stream1_IRQHandler
                0x000000000800454c                UART4_IRQHandler
                0x000000000800454c                TIM3_IRQHandler
                0x000000000800454c                RCC_IRQHandler
                0x000000000800454c                TIM8_BRK_TIM12_IRQHandler
                0x000000000800454c                Default_Handler
                0x000000000800454c                EXTI15_10_IRQHandler
                0x000000000800454c                ADC_IRQHandler
                0x000000000800454c                DMA1_Stream7_IRQHandler
                0x000000000800454c                TIM7_IRQHandler
                0x000000000800454c                CAN2_TX_IRQHandler
                0x000000000800454c                TIM5_IRQHandler
                0x000000000800454c                I2C3_EV_IRQHandler
                0x000000000800454c                EXTI9_5_IRQHandler
                0x000000000800454c                RTC_WKUP_IRQHandler
                0x000000000800454c                ETH_WKUP_IRQHandler
                0x000000000800454c                SPI2_IRQHandler
                0x000000000800454c                OTG_HS_EP1_IN_IRQHandler
                0x000000000800454c                DMA1_Stream0_IRQHandler
                0x000000000800454c                CAN1_TX_IRQHandler
                0x000000000800454c                EXTI4_IRQHandler
                0x000000000800454c                FSMC_IRQHandler
                0x000000000800454c                ETH_IRQHandler
                0x000000000800454c                OTG_HS_EP1_OUT_IRQHandler
                0x000000000800454c                WWDG_IRQHandler
                0x000000000800454c                OTG_FS_WKUP_IRQHandler
                0x000000000800454c                TIM1_TRG_COM_TIM11_IRQHandler
                0x000000000800454c                OTG_HS_IRQHandler
                0x000000000800454c                EXTI1_IRQHandler
                0x000000000800454c                USART2_IRQHandler
                0x000000000800454c                I2C2_ER_IRQHandler
                0x000000000800454c                DMA2_Stream1_IRQHandler
                0x000000000800454c                CAN1_SCE_IRQHandler
                0x000000000800454c                FLASH_IRQHandler
                0x000000000800454c                USART1_IRQHandler
                0x000000000800454c                SPI3_IRQHandler
                0x000000000800454c                DMA1_Stream4_IRQHandler
                0x000000000800454c                I2C1_ER_IRQHandler
                0x000000000800454c                DMA2_Stream6_IRQHandler
                0x000000000800454c                DMA1_Stream3_IRQHandler
 *fill*         0x000000000800454e        0x2 
 .text.HAL_Init
                0x0000000008004550       0x44 ./Drivers/STM32F4xx_HAL_Driver/Src/stm32f4xx_hal.o
                0x0000000008004550                HAL_Init
 .text.HAL_InitTick
                0x0000000008004594       0x60 ./Drivers/STM32F4xx_HAL_Driver/Src/stm32f4xx_hal.o
                0x0000000008004594                HAL_InitTick
 .text.HAL_IncTick
                0x00000000080045f4       0x28 ./Drivers/STM32F4xx_HAL_Driver/Src/stm32f4xx_hal.o
                0x00000000080045f4                HAL_IncTick
 .text.HAL_GetTick
                0x000000000800461c       0x18 ./Drivers/STM32F4xx_HAL_Driver/Src/stm32f4xx_hal.o
                0x000000000800461c                HAL_GetTick
 .text.HAL_Delay
                0x0000000008004634       0x48 ./Drivers/STM32F4xx_HAL_Driver/Src/stm32f4xx_hal.o
                0x0000000008004634                HAL_Delay
 .text.__NVIC_SetPriorityGrouping
                0x000000000800467c       0x48 ./Drivers/STM32F4xx_HAL_Driver/Src/stm32f4xx_hal_cortex.o
 .text.__NVIC_GetPriorityGrouping
                0x00000000080046c4       0x1c ./Drivers/STM32F4xx_HAL_Driver/Src/stm32f4xx_hal_cortex.o
 .text.__NVIC_EnableIRQ
                0x00000000080046e0       0x3c ./Drivers/STM32F4xx_HAL_Driver/Src/stm32f4xx_hal_cortex.o
 .text.__NVIC_SetPriority
                0x000000000800471c       0x54 ./Drivers/STM32F4xx_HAL_Driver/Src/stm32f4xx_hal_cortex.o
 .text.NVIC_EncodePriority
                0x0000000008004770       0x66 ./Drivers/STM32F4xx_HAL_Driver/Src/stm32f4xx_hal_cortex.o
 *fill*         0x00000000080047d6        0x2 
 .text.SysTick_Config
                0x00000000080047d8       0x44 ./Drivers/STM32F4xx_HAL_Driver/Src/stm32f4xx_hal_cortex.o
 .text.HAL_NVIC_SetPriorityGrouping
                0x000000000800481c       0x16 ./Drivers/STM32F4xx_HAL_Driver/Src/stm32f4xx_hal_cortex.o
                0x000000000800481c                HAL_NVIC_SetPriorityGrouping
 .text.HAL_NVIC_SetPriority
                0x0000000008004832       0x38 ./Drivers/STM32F4xx_HAL_Driver/Src/stm32f4xx_hal_cortex.o
                0x0000000008004832                HAL_NVIC_SetPriority
 .text.HAL_NVIC_EnableIRQ
                0x000000000800486a       0x1c ./Drivers/STM32F4xx_HAL_Driver/Src/stm32f4xx_hal_cortex.o
                0x000000000800486a                HAL_NVIC_EnableIRQ
 .text.HAL_SYSTICK_Config
                0x0000000008004886       0x18 ./Drivers/STM32F4xx_HAL_Driver/Src/stm32f4xx_hal_cortex.o
                0x0000000008004886                HAL_SYSTICK_Config
 *fill*         0x000000000800489e        0x2 
 .text.HAL_DMA_Init
                0x00000000080048a0      0x15c ./Drivers/STM32F4xx_HAL_Driver/Src/stm32f4xx_hal_dma.o
                0x00000000080048a0                HAL_DMA_Init
 .text.HAL_DMA_Start_IT
                0x00000000080049fc       0xb0 ./Drivers/STM32F4xx_HAL_Driver/Src/stm32f4xx_hal_dma.o
                0x00000000080049fc                HAL_DMA_Start_IT
 .text.HAL_DMA_Abort
                0x0000000008004aac       0xe0 ./Drivers/STM32F4xx_HAL_Driver/Src/stm32f4xx_hal_dma.o
                0x0000000008004aac                HAL_DMA_Abort
 .text.HAL_DMA_Abort_IT
                0x0000000008004b8c       0x44 ./Drivers/STM32F4xx_HAL_Driver/Src/stm32f4xx_hal_dma.o
                0x0000000008004b8c                HAL_DMA_Abort_IT
 .text.HAL_DMA_IRQHandler
                0x0000000008004bd0      0x314 ./Drivers/STM32F4xx_HAL_Driver/Src/stm32f4xx_hal_dma.o
                0x0000000008004bd0                HAL_DMA_IRQHandler
 .text.DMA_SetConfig
                0x0000000008004ee4       0x5c ./Drivers/STM32F4xx_HAL_Driver/Src/stm32f4xx_hal_dma.o
 .text.DMA_CalcBaseAndBitshift
                0x0000000008004f40       0x6c ./Drivers/STM32F4xx_HAL_Driver/Src/stm32f4xx_hal_dma.o
 .text.DMA_CheckFifoParam
                0x0000000008004fac       0xf8 ./Drivers/STM32F4xx_HAL_Driver/Src/stm32f4xx_hal_dma.o
 .text.HAL_GPIO_Init
                0x00000000080050a4      0x338 ./Drivers/STM32F4xx_HAL_Driver/Src/stm32f4xx_hal_gpio.o
                0x00000000080050a4                HAL_GPIO_Init
 .text.HAL_GPIO_WritePin
                0x00000000080053dc       0x32 ./Drivers/STM32F4xx_HAL_Driver/Src/stm32f4xx_hal_gpio.o
                0x00000000080053dc                HAL_GPIO_WritePin
 .text.HAL_GPIO_TogglePin
                0x000000000800540e       0x34 ./Drivers/STM32F4xx_HAL_Driver/Src/stm32f4xx_hal_gpio.o
                0x000000000800540e                HAL_GPIO_TogglePin
 .text.HAL_HCD_Init
                0x0000000008005442       0xc4 ./Drivers/STM32F4xx_HAL_Driver/Src/stm32f4xx_hal_hcd.o
                0x0000000008005442                HAL_HCD_Init
 .text.HAL_HCD_HC_Init
                0x0000000008005506      0x11e ./Drivers/STM32F4xx_HAL_Driver/Src/stm32f4xx_hal_hcd.o
                0x0000000008005506                HAL_HCD_HC_Init
 .text.HAL_HCD_HC_Halt
                0x0000000008005624       0x46 ./Drivers/STM32F4xx_HAL_Driver/Src/stm32f4xx_hal_hcd.o
                0x0000000008005624                HAL_HCD_HC_Halt
 *fill*         0x000000000800566a        0x2 
 .text.HAL_HCD_HC_SubmitRequest
                0x000000000800566c      0x2ac ./Drivers/STM32F4xx_HAL_Driver/Src/stm32f4xx_hal_hcd.o
                0x000000000800566c                HAL_HCD_HC_SubmitRequest
 .text.HAL_HCD_IRQHandler
                0x0000000008005918      0x216 ./Drivers/STM32F4xx_HAL_Driver/Src/stm32f4xx_hal_hcd.o
                0x0000000008005918                HAL_HCD_IRQHandler
 .text.HAL_HCD_Start
                0x0000000008005b2e       0x46 ./Drivers/STM32F4xx_HAL_Driver/Src/stm32f4xx_hal_hcd.o
                0x0000000008005b2e                HAL_HCD_Start
 .text.HAL_HCD_Stop
                0x0000000008005b74       0x3a ./Drivers/STM32F4xx_HAL_Driver/Src/stm32f4xx_hal_hcd.o
                0x0000000008005b74                HAL_HCD_Stop
 .text.HAL_HCD_ResetPort
                0x0000000008005bae       0x1c ./Drivers/STM32F4xx_HAL_Driver/Src/stm32f4xx_hal_hcd.o
                0x0000000008005bae                HAL_HCD_ResetPort
 .text.HAL_HCD_HC_GetURBState
                0x0000000008005bca       0x28 ./Drivers/STM32F4xx_HAL_Driver/Src/stm32f4xx_hal_hcd.o
                0x0000000008005bca                HAL_HCD_HC_GetURBState
 .text.HAL_HCD_HC_GetXferCount
                0x0000000008005bf2       0x28 ./Drivers/STM32F4xx_HAL_Driver/Src/stm32f4xx_hal_hcd.o
                0x0000000008005bf2                HAL_HCD_HC_GetXferCount
 .text.HAL_HCD_GetCurrentFrame
                0x0000000008005c1a       0x1c ./Drivers/STM32F4xx_HAL_Driver/Src/stm32f4xx_hal_hcd.o
                0x0000000008005c1a                HAL_HCD_GetCurrentFrame
 .text.HAL_HCD_GetCurrentSpeed
                0x0000000008005c36       0x1c ./Drivers/STM32F4xx_HAL_Driver/Src/stm32f4xx_hal_hcd.o
                0x0000000008005c36                HAL_HCD_GetCurrentSpeed
 .text.HCD_HC_IN_IRQHandler
                0x0000000008005c52      0x6aa ./Drivers/STM32F4xx_HAL_Driver/Src/stm32f4xx_hal_hcd.o
 .text.HCD_HC_OUT_IRQHandler
                0x00000000080062fc      0x6d2 ./Drivers/STM32F4xx_HAL_Driver/Src/stm32f4xx_hal_hcd.o
 .text.HCD_RXQLVL_IRQHandler
                0x00000000080069ce      0x1a4 ./Drivers/STM32F4xx_HAL_Driver/Src/stm32f4xx_hal_hcd.o
 .text.HCD_Port_IRQHandler
                0x0000000008006b72       0xe6 ./Drivers/STM32F4xx_HAL_Driver/Src/stm32f4xx_hal_hcd.o
 .text.HAL_RCC_OscConfig
                0x0000000008006c58      0x4f0 ./Drivers/STM32F4xx_HAL_Driver/Src/stm32f4xx_hal_rcc.o
                0x0000000008006c58                HAL_RCC_OscConfig
 .text.HAL_RCC_ClockConfig
                0x0000000008007148      0x1cc ./Drivers/STM32F4xx_HAL_Driver/Src/stm32f4xx_hal_rcc.o
                0x0000000008007148                HAL_RCC_ClockConfig
 .text.HAL_RCC_GetSysClockFreq
                0x0000000008007314      0x20c ./Drivers/STM32F4xx_HAL_Driver/Src/stm32f4xx_hal_rcc.o
                0x0000000008007314                HAL_RCC_GetSysClockFreq
 .text.HAL_RCC_GetHCLKFreq
                0x0000000008007520       0x18 ./Drivers/STM32F4xx_HAL_Driver/Src/stm32f4xx_hal_rcc.o
                0x0000000008007520                HAL_RCC_GetHCLKFreq
 .text.HAL_RCC_GetPCLK1Freq
                0x0000000008007538       0x28 ./Drivers/STM32F4xx_HAL_Driver/Src/stm32f4xx_hal_rcc.o
                0x0000000008007538                HAL_RCC_GetPCLK1Freq
 .text.HAL_RCC_GetPCLK2Freq
                0x0000000008007560       0x28 ./Drivers/STM32F4xx_HAL_Driver/Src/stm32f4xx_hal_rcc.o
                0x0000000008007560                HAL_RCC_GetPCLK2Freq
 .text.HAL_SPI_Init
                0x0000000008007588      0x112 ./Drivers/STM32F4xx_HAL_Driver/Src/stm32f4xx_hal_spi.o
                0x0000000008007588                HAL_SPI_Init
 .text.HAL_SPI_TransmitReceive
                0x000000000800769a      0x344 ./Drivers/STM32F4xx_HAL_Driver/Src/stm32f4xx_hal_spi.o
                0x000000000800769a                HAL_SPI_TransmitReceive
 *fill*         0x00000000080079de        0x2 
 .text.SPI_WaitFlagStateUntilTimeout
                0x00000000080079e0      0x110 ./Drivers/STM32F4xx_HAL_Driver/Src/stm32f4xx_hal_spi.o
 .text.SPI_EndRxTxTransaction
                0x0000000008007af0       0x84 ./Drivers/STM32F4xx_HAL_Driver/Src/stm32f4xx_hal_spi.o
 .text.HAL_TIM_Base_Init
                0x0000000008007b74       0x9e ./Drivers/STM32F4xx_HAL_Driver/Src/stm32f4xx_hal_tim.o
                0x0000000008007b74                HAL_TIM_Base_Init
 *fill*         0x0000000008007c12        0x2 
 .text.HAL_TIM_Base_Start_IT
                0x0000000008007c14       0xe0 ./Drivers/STM32F4xx_HAL_Driver/Src/stm32f4xx_hal_tim.o
                0x0000000008007c14                HAL_TIM_Base_Start_IT
 .text.HAL_TIM_Base_Stop_IT
                0x0000000008007cf4       0x5e ./Drivers/STM32F4xx_HAL_Driver/Src/stm32f4xx_hal_tim.o
                0x0000000008007cf4                HAL_TIM_Base_Stop_IT
 .text.HAL_TIM_PWM_Init
                0x0000000008007d52       0x9e ./Drivers/STM32F4xx_HAL_Driver/Src/stm32f4xx_hal_tim.o
                0x0000000008007d52                HAL_TIM_PWM_Init
 .text.HAL_TIM_PWM_Start
                0x0000000008007df0      0x190 ./Drivers/STM32F4xx_HAL_Driver/Src/stm32f4xx_hal_tim.o
                0x0000000008007df0                HAL_TIM_PWM_Start
 .text.HAL_TIM_PWM_Stop
                0x0000000008007f80       0xe0 ./Drivers/STM32F4xx_HAL_Driver/Src/stm32f4xx_hal_tim.o
                0x0000000008007f80                HAL_TIM_PWM_Stop
 .text.HAL_TIM_IRQHandler
                0x0000000008008060      0x210 ./Drivers/STM32F4xx_HAL_Driver/Src/stm32f4xx_hal_tim.o
                0x0000000008008060                HAL_TIM_IRQHandler
 .text.HAL_TIM_PWM_ConfigChannel
                0x0000000008008270      0x184 ./Drivers/STM32F4xx_HAL_Driver/Src/stm32f4xx_hal_tim.o
                0x0000000008008270                HAL_TIM_PWM_ConfigChannel
 .text.HAL_TIM_ConfigClockSource
                0x00000000080083f4      0x18e ./Drivers/STM32F4xx_HAL_Driver/Src/stm32f4xx_hal_tim.o
                0x00000000080083f4                HAL_TIM_ConfigClockSource
 .text.HAL_TIM_OC_DelayElapsedCallback
                0x0000000008008582       0x14 ./Drivers/STM32F4xx_HAL_Driver/Src/stm32f4xx_hal_tim.o
                0x0000000008008582                HAL_TIM_OC_DelayElapsedCallback
 .text.HAL_TIM_IC_CaptureCallback
                0x0000000008008596       0x14 ./Drivers/STM32F4xx_HAL_Driver/Src/stm32f4xx_hal_tim.o
                0x0000000008008596                HAL_TIM_IC_CaptureCallback
 .text.HAL_TIM_PWM_PulseFinishedCallback
                0x00000000080085aa       0x14 ./Drivers/STM32F4xx_HAL_Driver/Src/stm32f4xx_hal_tim.o
                0x00000000080085aa                HAL_TIM_PWM_PulseFinishedCallback
 .text.HAL_TIM_TriggerCallback
                0x00000000080085be       0x14 ./Drivers/STM32F4xx_HAL_Driver/Src/stm32f4xx_hal_tim.o
                0x00000000080085be                HAL_TIM_TriggerCallback
 .text.HAL_TIM_ErrorCallback
                0x00000000080085d2       0x14 ./Drivers/STM32F4xx_HAL_Driver/Src/stm32f4xx_hal_tim.o
                0x00000000080085d2                HAL_TIM_ErrorCallback
 .text.TIM_DMAError
                0x00000000080085e6       0x92 ./Drivers/STM32F4xx_HAL_Driver/Src/stm32f4xx_hal_tim.o
                0x00000000080085e6                TIM_DMAError
 .text.TIM_Base_SetConfig
                0x0000000008008678      0x140 ./Drivers/STM32F4xx_HAL_Driver/Src/stm32f4xx_hal_tim.o
                0x0000000008008678                TIM_Base_SetConfig
 .text.TIM_OC1_SetConfig
                0x00000000080087b8       0xe0 ./Drivers/STM32F4xx_HAL_Driver/Src/stm32f4xx_hal_tim.o
 .text.TIM_OC2_SetConfig
                0x0000000008008898       0xec ./Drivers/STM32F4xx_HAL_Driver/Src/stm32f4xx_hal_tim.o
                0x0000000008008898                TIM_OC2_SetConfig
 .text.TIM_OC3_SetConfig
                0x0000000008008984       0xe8 ./Drivers/STM32F4xx_HAL_Driver/Src/stm32f4xx_hal_tim.o
 .text.TIM_OC4_SetConfig
                0x0000000008008a6c       0xac ./Drivers/STM32F4xx_HAL_Driver/Src/stm32f4xx_hal_tim.o
 .text.TIM_TI1_ConfigInputStage
                0x0000000008008b18       0x5e ./Drivers/STM32F4xx_HAL_Driver/Src/stm32f4xx_hal_tim.o
 .text.TIM_TI2_ConfigInputStage
                0x0000000008008b76       0x60 ./Drivers/STM32F4xx_HAL_Driver/Src/stm32f4xx_hal_tim.o
 .text.TIM_ITRx_SetConfig
                0x0000000008008bd6       0x36 ./Drivers/STM32F4xx_HAL_Driver/Src/stm32f4xx_hal_tim.o
 .text.TIM_ETR_SetConfig
                0x0000000008008c0c       0x40 ./Drivers/STM32F4xx_HAL_Driver/Src/stm32f4xx_hal_tim.o
                0x0000000008008c0c                TIM_ETR_SetConfig
 .text.TIM_CCxChannelCmd
                0x0000000008008c4c       0x4a ./Drivers/STM32F4xx_HAL_Driver/Src/stm32f4xx_hal_tim.o
                0x0000000008008c4c                TIM_CCxChannelCmd
 *fill*         0x0000000008008c96        0x2 
 .text.HAL_TIMEx_MasterConfigSynchronization
                0x0000000008008c98       0xf8 ./Drivers/STM32F4xx_HAL_Driver/Src/stm32f4xx_hal_tim_ex.o
                0x0000000008008c98                HAL_TIMEx_MasterConfigSynchronization
 .text.HAL_TIMEx_ConfigBreakDeadTime
                0x0000000008008d90       0xa4 ./Drivers/STM32F4xx_HAL_Driver/Src/stm32f4xx_hal_tim_ex.o
                0x0000000008008d90                HAL_TIMEx_ConfigBreakDeadTime
 .text.HAL_TIMEx_CommutCallback
                0x0000000008008e34       0x14 ./Drivers/STM32F4xx_HAL_Driver/Src/stm32f4xx_hal_tim_ex.o
                0x0000000008008e34                HAL_TIMEx_CommutCallback
 .text.HAL_TIMEx_BreakCallback
                0x0000000008008e48       0x14 ./Drivers/STM32F4xx_HAL_Driver/Src/stm32f4xx_hal_tim_ex.o
                0x0000000008008e48                HAL_TIMEx_BreakCallback
 .text.HAL_UART_Init
                0x0000000008008e5c       0x9a ./Drivers/STM32F4xx_HAL_Driver/Src/stm32f4xx_hal_uart.o
                0x0000000008008e5c                HAL_UART_Init
 .text.HAL_UART_Transmit
                0x0000000008008ef6      0x124 ./Drivers/STM32F4xx_HAL_Driver/Src/stm32f4xx_hal_uart.o
                0x0000000008008ef6                HAL_UART_Transmit
 .text.HAL_UART_Receive_IT
                0x000000000800901a       0x60 ./Drivers/STM32F4xx_HAL_Driver/Src/stm32f4xx_hal_uart.o
                0x000000000800901a                HAL_UART_Receive_IT
 *fill*         0x000000000800907a        0x2 
 .text.HAL_UART_IRQHandler
                0x000000000800907c      0x51c ./Drivers/STM32F4xx_HAL_Driver/Src/stm32f4xx_hal_uart.o
                0x000000000800907c                HAL_UART_IRQHandler
 .text.HAL_UART_TxCpltCallback
                0x0000000008009598       0x14 ./Drivers/STM32F4xx_HAL_Driver/Src/stm32f4xx_hal_uart.o
                0x0000000008009598                HAL_UART_TxCpltCallback
 .text.HAL_UART_ErrorCallback
                0x00000000080095ac       0x14 ./Drivers/STM32F4xx_HAL_Driver/Src/stm32f4xx_hal_uart.o
                0x00000000080095ac                HAL_UART_ErrorCallback
 .text.HAL_UARTEx_RxEventCallback
                0x00000000080095c0       0x18 ./Drivers/STM32F4xx_HAL_Driver/Src/stm32f4xx_hal_uart.o
                0x00000000080095c0                HAL_UARTEx_RxEventCallback
 .text.UART_WaitOnFlagUntilTimeout
                0x00000000080095d8       0xdc ./Drivers/STM32F4xx_HAL_Driver/Src/stm32f4xx_hal_uart.o
 .text.UART_Start_Receive_IT
                0x00000000080096b4       0x7c ./Drivers/STM32F4xx_HAL_Driver/Src/stm32f4xx_hal_uart.o
                0x00000000080096b4                UART_Start_Receive_IT
 .text.UART_EndRxTransfer
                0x0000000008009730       0xc6 ./Drivers/STM32F4xx_HAL_Driver/Src/stm32f4xx_hal_uart.o
 .text.UART_DMAAbortOnError
                0x00000000080097f6       0x28 ./Drivers/STM32F4xx_HAL_Driver/Src/stm32f4xx_hal_uart.o
 .text.UART_Transmit_IT
                0x000000000800981e       0xa0 ./Drivers/STM32F4xx_HAL_Driver/Src/stm32f4xx_hal_uart.o
 .text.UART_EndTransmit_IT
                0x00000000080098be       0x30 ./Drivers/STM32F4xx_HAL_Driver/Src/stm32f4xx_hal_uart.o
 .text.UART_Receive_IT
                0x00000000080098ee      0x176 ./Drivers/STM32F4xx_HAL_Driver/Src/stm32f4xx_hal_uart.o
 .text.UART_SetConfig
                0x0000000008009a64      0x4e8 ./Drivers/STM32F4xx_HAL_Driver/Src/stm32f4xx_hal_uart.o
 .text.USB_CoreInit
                0x0000000008009f4c       0xc2 ./Drivers/STM32F4xx_HAL_Driver/Src/stm32f4xx_ll_usb.o
                0x0000000008009f4c                USB_CoreInit
 .text.USB_EnableGlobalInt
                0x000000000800a00e       0x22 ./Drivers/STM32F4xx_HAL_Driver/Src/stm32f4xx_ll_usb.o
                0x000000000800a00e                USB_EnableGlobalInt
 .text.USB_DisableGlobalInt
                0x000000000800a030       0x22 ./Drivers/STM32F4xx_HAL_Driver/Src/stm32f4xx_ll_usb.o
                0x000000000800a030                USB_DisableGlobalInt
 .text.USB_SetCurrentMode
                0x000000000800a052       0x98 ./Drivers/STM32F4xx_HAL_Driver/Src/stm32f4xx_ll_usb.o
                0x000000000800a052                USB_SetCurrentMode
 *fill*         0x000000000800a0ea        0x2 
 .text.USB_FlushTxFifo
                0x000000000800a0ec       0x68 ./Drivers/STM32F4xx_HAL_Driver/Src/stm32f4xx_ll_usb.o
                0x000000000800a0ec                USB_FlushTxFifo
 .text.USB_FlushRxFifo
                0x000000000800a154       0x60 ./Drivers/STM32F4xx_HAL_Driver/Src/stm32f4xx_ll_usb.o
                0x000000000800a154                USB_FlushRxFifo
 .text.USB_WritePacket
                0x000000000800a1b4       0x7c ./Drivers/STM32F4xx_HAL_Driver/Src/stm32f4xx_ll_usb.o
                0x000000000800a1b4                USB_WritePacket
 .text.USB_ReadPacket
                0x000000000800a230       0xb0 ./Drivers/STM32F4xx_HAL_Driver/Src/stm32f4xx_ll_usb.o
                0x000000000800a230                USB_ReadPacket
 .text.USB_ReadInterrupts
                0x000000000800a2e0       0x26 ./Drivers/STM32F4xx_HAL_Driver/Src/stm32f4xx_ll_usb.o
                0x000000000800a2e0                USB_ReadInterrupts
 .text.USB_GetMode
                0x000000000800a306       0x1c ./Drivers/STM32F4xx_HAL_Driver/Src/stm32f4xx_ll_usb.o
                0x000000000800a306                USB_GetMode
 *fill*         0x000000000800a322        0x2 
 .text.USB_CoreReset
                0x000000000800a324       0x68 ./Drivers/STM32F4xx_HAL_Driver/Src/stm32f4xx_ll_usb.o
 .text.USB_HostInit
                0x000000000800a38c      0x180 ./Drivers/STM32F4xx_HAL_Driver/Src/stm32f4xx_ll_usb.o
                0x000000000800a38c                USB_HostInit
 .text.USB_InitFSLSPClkSel
                0x000000000800a50c       0x74 ./Drivers/STM32F4xx_HAL_Driver/Src/stm32f4xx_ll_usb.o
                0x000000000800a50c                USB_InitFSLSPClkSel
 .text.USB_ResetPort
                0x000000000800a580       0x54 ./Drivers/STM32F4xx_HAL_Driver/Src/stm32f4xx_ll_usb.o
                0x000000000800a580                USB_ResetPort
 .text.USB_DriveVbus
                0x000000000800a5d4       0x72 ./Drivers/STM32F4xx_HAL_Driver/Src/stm32f4xx_ll_usb.o
                0x000000000800a5d4                USB_DriveVbus
 .text.USB_GetHostSpeed
                0x000000000800a646       0x2e ./Drivers/STM32F4xx_HAL_Driver/Src/stm32f4xx_ll_usb.o
                0x000000000800a646                USB_GetHostSpeed
 .text.USB_GetCurrentFrame
                0x000000000800a674       0x22 ./Drivers/STM32F4xx_HAL_Driver/Src/stm32f4xx_ll_usb.o
                0x000000000800a674                USB_GetCurrentFrame
 *fill*         0x000000000800a696        0x2 
 .text.USB_HC_Init
                0x000000000800a698      0x244 ./Drivers/STM32F4xx_HAL_Driver/Src/stm32f4xx_ll_usb.o
                0x000000000800a698                USB_HC_Init
 .text.USB_HC_StartXfer
                0x000000000800a8dc      0x284 ./Drivers/STM32F4xx_HAL_Driver/Src/stm32f4xx_ll_usb.o
                0x000000000800a8dc                USB_HC_StartXfer
 .text.USB_HC_ReadInterrupt
                0x000000000800ab60       0x22 ./Drivers/STM32F4xx_HAL_Driver/Src/stm32f4xx_ll_usb.o
                0x000000000800ab60                USB_HC_ReadInterrupt
 .text.USB_HC_Halt
                0x000000000800ab82      0x1f8 ./Drivers/STM32F4xx_HAL_Driver/Src/stm32f4xx_ll_usb.o
                0x000000000800ab82                USB_HC_Halt
 *fill*         0x000000000800ad7a        0x2 
 .text.USB_DoPing
                0x000000000800ad7c       0x78 ./Drivers/STM32F4xx_HAL_Driver/Src/stm32f4xx_ll_usb.o
                0x000000000800ad7c                USB_DoPing
 .text.USB_StopHost
                0x000000000800adf4      0x124 ./Drivers/STM32F4xx_HAL_Driver/Src/stm32f4xx_ll_usb.o
                0x000000000800adf4                USB_StopHost
 .text.MX_FATFS_Init
                0x000000000800af18       0x24 ./FATFS/App/fatfs.o
                0x000000000800af18                MX_FATFS_Init
 .text.get_fattime
                0x000000000800af3c       0x10 ./FATFS/App/fatfs.o
                0x000000000800af3c                get_fattime
 .text.USER_initialize
                0x000000000800af4c       0x34 ./FATFS/Target/user_diskio.o
                0x000000000800af4c                USER_initialize
 .text.USER_status
                0x000000000800af80       0x2c ./FATFS/Target/user_diskio.o
                0x000000000800af80                USER_status
 .text.USER_read
                0x000000000800afac       0x78 ./FATFS/Target/user_diskio.o
                0x000000000800afac                USER_read
 .text.USER_write
                0x000000000800b024       0x8c ./FATFS/Target/user_diskio.o
                0x000000000800b024                USER_write
 .text.USER_ioctl
                0x000000000800b0b0       0x88 ./FATFS/Target/user_diskio.o
                0x000000000800b0b0                USER_ioctl
 .text.USBH_CDC_InterfaceInit
                0x000000000800b138      0x2ac ./Middlewares/ST/STM32_USB_Host_Library/Class/CDC/Src/usbh_cdc.o
 .text.USBH_CDC_InterfaceDeInit
                0x000000000800b3e4       0xb2 ./Middlewares/ST/STM32_USB_Host_Library/Class/CDC/Src/usbh_cdc.o
 .text.USBH_CDC_ClassRequest
                0x000000000800b496       0x3e ./Middlewares/ST/STM32_USB_Host_Library/Class/CDC/Src/usbh_cdc.o
 .text.USBH_CDC_Process
                0x000000000800b4d4      0x12c ./Middlewares/ST/STM32_USB_Host_Library/Class/CDC/Src/usbh_cdc.o
 .text.USBH_CDC_SOFProcess
                0x000000000800b600       0x16 ./Middlewares/ST/STM32_USB_Host_Library/Class/CDC/Src/usbh_cdc.o
 .text.GetLineCoding
                0x000000000800b616       0x3e ./Middlewares/ST/STM32_USB_Host_Library/Class/CDC/Src/usbh_cdc.o
 .text.SetLineCoding
                0x000000000800b654       0x3e ./Middlewares/ST/STM32_USB_Host_Library/Class/CDC/Src/usbh_cdc.o
 .text.CDC_ProcessTransmission
                0x000000000800b692       0xec ./Middlewares/ST/STM32_USB_Host_Library/Class/CDC/Src/usbh_cdc.o
 .text.CDC_ProcessReception
                0x000000000800b77e       0xb6 ./Middlewares/ST/STM32_USB_Host_Library/Class/CDC/Src/usbh_cdc.o
 .text.USBH_CDC_TransmitCallback
                0x000000000800b834       0x14 ./Middlewares/ST/STM32_USB_Host_Library/Class/CDC/Src/usbh_cdc.o
                0x000000000800b834                USBH_CDC_TransmitCallback
 .text.USBH_CDC_ReceiveCallback
                0x000000000800b848       0x14 ./Middlewares/ST/STM32_USB_Host_Library/Class/CDC/Src/usbh_cdc.o
                0x000000000800b848                USBH_CDC_ReceiveCallback
 .text.USBH_CDC_LineCodingChanged
                0x000000000800b85c       0x14 ./Middlewares/ST/STM32_USB_Host_Library/Class/CDC/Src/usbh_cdc.o
                0x000000000800b85c                USBH_CDC_LineCodingChanged
 .text.USBH_Init
                0x000000000800b870       0x74 ./Middlewares/ST/STM32_USB_Host_Library/Core/Src/usbh_core.o
                0x000000000800b870                USBH_Init
 .text.DeInitStateMachine
                0x000000000800b8e4       0xa8 ./Middlewares/ST/STM32_USB_Host_Library/Core/Src/usbh_core.o
 .text.USBH_RegisterClass
                0x000000000800b98c       0x54 ./Middlewares/ST/STM32_USB_Host_Library/Core/Src/usbh_core.o
                0x000000000800b98c                USBH_RegisterClass
 .text.USBH_SelectInterface
                0x000000000800b9e0       0x38 ./Middlewares/ST/STM32_USB_Host_Library/Core/Src/usbh_core.o
                0x000000000800b9e0                USBH_SelectInterface
 .text.USBH_FindInterface
                0x000000000800ba18       0x8c ./Middlewares/ST/STM32_USB_Host_Library/Core/Src/usbh_core.o
                0x000000000800ba18                USBH_FindInterface
 .text.USBH_Start
                0x000000000800baa4       0x20 ./Middlewares/ST/STM32_USB_Host_Library/Core/Src/usbh_core.o
                0x000000000800baa4                USBH_Start
 .text.USBH_Process
                0x000000000800bac4      0x3d8 ./Middlewares/ST/STM32_USB_Host_Library/Core/Src/usbh_core.o
                0x000000000800bac4                USBH_Process
 .text.USBH_HandleEnum
                0x000000000800be9c      0x3c8 ./Middlewares/ST/STM32_USB_Host_Library/Core/Src/usbh_core.o
 .text.USBH_LL_SetTimer
                0x000000000800c264       0x1e ./Middlewares/ST/STM32_USB_Host_Library/Core/Src/usbh_core.o
                0x000000000800c264                USBH_LL_SetTimer
 .text.USBH_LL_IncTimer
                0x000000000800c282       0x24 ./Middlewares/ST/STM32_USB_Host_Library/Core/Src/usbh_core.o
                0x000000000800c282                USBH_LL_IncTimer
 .text.USBH_HandleSof
                0x000000000800c2a6       0x30 ./Middlewares/ST/STM32_USB_Host_Library/Core/Src/usbh_core.o
 .text.USBH_LL_PortEnabled
                0x000000000800c2d6       0x1c ./Middlewares/ST/STM32_USB_Host_Library/Core/Src/usbh_core.o
                0x000000000800c2d6                USBH_LL_PortEnabled
 .text.USBH_LL_PortDisabled
                0x000000000800c2f2       0x1c ./Middlewares/ST/STM32_USB_Host_Library/Core/Src/usbh_core.o
                0x000000000800c2f2                USBH_LL_PortDisabled
 .text.USBH_LL_Connect
                0x000000000800c30e       0x2e ./Middlewares/ST/STM32_USB_Host_Library/Core/Src/usbh_core.o
                0x000000000800c30e                USBH_LL_Connect
 .text.USBH_LL_Disconnect
                0x000000000800c33c       0x48 ./Middlewares/ST/STM32_USB_Host_Library/Core/Src/usbh_core.o
                0x000000000800c33c                USBH_LL_Disconnect
 .text.USBH_Get_DevDesc
                0x000000000800c384       0x50 ./Middlewares/ST/STM32_USB_Host_Library/Core/Src/usbh_ctlreq.o
                0x000000000800c384                USBH_Get_DevDesc
 .text.USBH_Get_CfgDesc
                0x000000000800c3d4       0x48 ./Middlewares/ST/STM32_USB_Host_Library/Core/Src/usbh_ctlreq.o
                0x000000000800c3d4                USBH_Get_CfgDesc
 .text.USBH_Get_StringDesc
                0x000000000800c41c       0x56 ./Middlewares/ST/STM32_USB_Host_Library/Core/Src/usbh_ctlreq.o
                0x000000000800c41c                USBH_Get_StringDesc
 .text.USBH_GetDescriptor
                0x000000000800c472       0x6a ./Middlewares/ST/STM32_USB_Host_Library/Core/Src/usbh_ctlreq.o
                0x000000000800c472                USBH_GetDescriptor
 .text.USBH_SetAddress
                0x000000000800c4dc       0x48 ./Middlewares/ST/STM32_USB_Host_Library/Core/Src/usbh_ctlreq.o
                0x000000000800c4dc                USBH_SetAddress
 .text.USBH_SetCfg
                0x000000000800c524       0x46 ./Middlewares/ST/STM32_USB_Host_Library/Core/Src/usbh_ctlreq.o
                0x000000000800c524                USBH_SetCfg
 .text.USBH_SetFeature
                0x000000000800c56a       0x48 ./Middlewares/ST/STM32_USB_Host_Library/Core/Src/usbh_ctlreq.o
                0x000000000800c56a                USBH_SetFeature
 .text.USBH_ClrFeature
                0x000000000800c5b2       0x48 ./Middlewares/ST/STM32_USB_Host_Library/Core/Src/usbh_ctlreq.o
                0x000000000800c5b2                USBH_ClrFeature
 .text.USBH_ParseDevDesc
                0x000000000800c5fa      0x122 ./Middlewares/ST/STM32_USB_Host_Library/Core/Src/usbh_ctlreq.o
 .text.USBH_ParseCfgDesc
                0x000000000800c71c      0x1ec ./Middlewares/ST/STM32_USB_Host_Library/Core/Src/usbh_ctlreq.o
 .text.USBH_ParseInterfaceDesc
                0x000000000800c908       0x5e ./Middlewares/ST/STM32_USB_Host_Library/Core/Src/usbh_ctlreq.o
 .text.USBH_ParseEPDesc
                0x000000000800c966      0x14a ./Middlewares/ST/STM32_USB_Host_Library/Core/Src/usbh_ctlreq.o
 .text.USBH_ParseStringDesc
                0x000000000800cab0       0x66 ./Middlewares/ST/STM32_USB_Host_Library/Core/Src/usbh_ctlreq.o
 .text.USBH_GetNextDesc
                0x000000000800cb16       0x36 ./Middlewares/ST/STM32_USB_Host_Library/Core/Src/usbh_ctlreq.o
                0x000000000800cb16                USBH_GetNextDesc
 .text.USBH_CtlReq
                0x000000000800cb4c       0x7a ./Middlewares/ST/STM32_USB_Host_Library/Core/Src/usbh_ctlreq.o
                0x000000000800cb4c                USBH_CtlReq
 *fill*         0x000000000800cbc6        0x2 
 .text.USBH_HandleControl
                0x000000000800cbc8      0x2e8 ./Middlewares/ST/STM32_USB_Host_Library/Core/Src/usbh_ctlreq.o
 .text.USBH_CtlSendSetup
                0x000000000800ceb0       0x34 ./Middlewares/ST/STM32_USB_Host_Library/Core/Src/usbh_ioreq.o
                0x000000000800ceb0                USBH_CtlSendSetup
 .text.USBH_CtlSendData
                0x000000000800cee4       0x4a ./Middlewares/ST/STM32_USB_Host_Library/Core/Src/usbh_ioreq.o
                0x000000000800cee4                USBH_CtlSendData
 .text.USBH_CtlReceiveData
                0x000000000800cf2e       0x3c ./Middlewares/ST/STM32_USB_Host_Library/Core/Src/usbh_ioreq.o
                0x000000000800cf2e                USBH_CtlReceiveData
 .text.USBH_BulkSendData
                0x000000000800cf6a       0x4a ./Middlewares/ST/STM32_USB_Host_Library/Core/Src/usbh_ioreq.o
                0x000000000800cf6a                USBH_BulkSendData
 .text.USBH_BulkReceiveData
                0x000000000800cfb4       0x3c ./Middlewares/ST/STM32_USB_Host_Library/Core/Src/usbh_ioreq.o
                0x000000000800cfb4                USBH_BulkReceiveData
 .text.USBH_OpenPipe
                0x000000000800cff0       0x3e ./Middlewares/ST/STM32_USB_Host_Library/Core/Src/usbh_pipes.o
                0x000000000800cff0                USBH_OpenPipe
 .text.USBH_ClosePipe
                0x000000000800d02e       0x20 ./Middlewares/ST/STM32_USB_Host_Library/Core/Src/usbh_pipes.o
                0x000000000800d02e                USBH_ClosePipe
 .text.USBH_AllocPipe
                0x000000000800d04e       0x42 ./Middlewares/ST/STM32_USB_Host_Library/Core/Src/usbh_pipes.o
                0x000000000800d04e                USBH_AllocPipe
 .text.USBH_FreePipe
                0x000000000800d090       0x3c ./Middlewares/ST/STM32_USB_Host_Library/Core/Src/usbh_pipes.o
                0x000000000800d090                USBH_FreePipe
 .text.USBH_GetFreePipe
                0x000000000800d0cc       0x48 ./Middlewares/ST/STM32_USB_Host_Library/Core/Src/usbh_pipes.o
 .text.disk_status
                0x000000000800d114       0x34 ./Middlewares/Third_Party/FatFs/src/diskio.o
                0x000000000800d114                disk_status
 .text.disk_initialize
                0x000000000800d148       0x4c ./Middlewares/Third_Party/FatFs/src/diskio.o
                0x000000000800d148                disk_initialize
 .text.disk_read
                0x000000000800d194       0x40 ./Middlewares/Third_Party/FatFs/src/diskio.o
                0x000000000800d194                disk_read
 .text.disk_write
                0x000000000800d1d4       0x40 ./Middlewares/Third_Party/FatFs/src/diskio.o
                0x000000000800d1d4                disk_write
 .text.disk_ioctl
                0x000000000800d214       0x3c ./Middlewares/Third_Party/FatFs/src/diskio.o
                0x000000000800d214                disk_ioctl
 .text.ld_word  0x000000000800d250       0x30 ./Middlewares/Third_Party/FatFs/src/ff.o
 .text.ld_dword
                0x000000000800d280       0x46 ./Middlewares/Third_Party/FatFs/src/ff.o
 .text.st_word  0x000000000800d2c6       0x36 ./Middlewares/Third_Party/FatFs/src/ff.o
 .text.st_dword
                0x000000000800d2fc       0x58 ./Middlewares/Third_Party/FatFs/src/ff.o
 .text.mem_cpy  0x000000000800d354       0x42 ./Middlewares/Third_Party/FatFs/src/ff.o
 .text.mem_set  0x000000000800d396       0x36 ./Middlewares/Third_Party/FatFs/src/ff.o
 .text.mem_cmp  0x000000000800d3cc       0x4e ./Middlewares/Third_Party/FatFs/src/ff.o
 .text.chk_chr  0x000000000800d41a       0x36 ./Middlewares/Third_Party/FatFs/src/ff.o
 .text.chk_lock
                0x000000000800d450       0xb8 ./Middlewares/Third_Party/FatFs/src/ff.o
 .text.enq_lock
                0x000000000800d508       0x44 ./Middlewares/Third_Party/FatFs/src/ff.o
 .text.inc_lock
                0x000000000800d54c      0x11c ./Middlewares/Third_Party/FatFs/src/ff.o
 .text.dec_lock
                0x000000000800d668       0x78 ./Middlewares/Third_Party/FatFs/src/ff.o
 .text.clear_lock
                0x000000000800d6e0       0x48 ./Middlewares/Third_Party/FatFs/src/ff.o
 .text.sync_window
                0x000000000800d728       0x88 ./Middlewares/Third_Party/FatFs/src/ff.o
 .text.move_window
                0x000000000800d7b0       0x5a ./Middlewares/Third_Party/FatFs/src/ff.o
 *fill*         0x000000000800d80a        0x2 
 .text.sync_fs  0x000000000800d80c       0xe0 ./Middlewares/Third_Party/FatFs/src/ff.o
 .text.clust2sect
                0x000000000800d8ec       0x3e ./Middlewares/Third_Party/FatFs/src/ff.o
 .text.get_fat  0x000000000800d92a      0x1a8 ./Middlewares/Third_Party/FatFs/src/ff.o
 .text.put_fat  0x000000000800dad2      0x238 ./Middlewares/Third_Party/FatFs/src/ff.o
 .text.remove_chain
                0x000000000800dd0a       0xca ./Middlewares/Third_Party/FatFs/src/ff.o
 .text.create_chain
                0x000000000800ddd4      0x130 ./Middlewares/Third_Party/FatFs/src/ff.o
 .text.clmt_clust
                0x000000000800df04       0x70 ./Middlewares/Third_Party/FatFs/src/ff.o
 .text.dir_sdi  0x000000000800df74      0x112 ./Middlewares/Third_Party/FatFs/src/ff.o
 .text.dir_next
                0x000000000800e086      0x1ac ./Middlewares/Third_Party/FatFs/src/ff.o
 .text.dir_alloc
                0x000000000800e232       0x8e ./Middlewares/Third_Party/FatFs/src/ff.o
 .text.ld_clust
                0x000000000800e2c0       0x3e ./Middlewares/Third_Party/FatFs/src/ff.o
 .text.st_clust
                0x000000000800e2fe       0x40 ./Middlewares/Third_Party/FatFs/src/ff.o
 *fill*         0x000000000800e33e        0x2 
 .text.cmp_lfn  0x000000000800e340       0xe0 ./Middlewares/Third_Party/FatFs/src/ff.o
 .text.pick_lfn
                0x000000000800e420       0xc8 ./Middlewares/Third_Party/FatFs/src/ff.o
 .text.put_lfn  0x000000000800e4e8       0xd0 ./Middlewares/Third_Party/FatFs/src/ff.o
 .text.gen_numname
                0x000000000800e5b8      0x11c ./Middlewares/Third_Party/FatFs/src/ff.o
 .text.sum_sfn  0x000000000800e6d4       0x42 ./Middlewares/Third_Party/FatFs/src/ff.o
 .text.dir_read
                0x000000000800e716      0x14e ./Middlewares/Third_Party/FatFs/src/ff.o
 .text.dir_find
                0x000000000800e864      0x180 ./Middlewares/Third_Party/FatFs/src/ff.o
 .text.dir_register
                0x000000000800e9e4      0x1f0 ./Middlewares/Third_Party/FatFs/src/ff.o
 .text.get_fileinfo
                0x000000000800ebd4      0x1ba ./Middlewares/Third_Party/FatFs/src/ff.o
 *fill*         0x000000000800ed8e        0x2 
 .text.create_name
                0x000000000800ed90      0x370 ./Middlewares/Third_Party/FatFs/src/ff.o
 .text.follow_path
                0x000000000800f100       0xec ./Middlewares/Third_Party/FatFs/src/ff.o
 .text.get_ldnumber
                0x000000000800f1ec       0x88 ./Middlewares/Third_Party/FatFs/src/ff.o
 .text.check_fs
                0x000000000800f274       0xac ./Middlewares/Third_Party/FatFs/src/ff.o
 .text.find_volume
                0x000000000800f320      0x50c ./Middlewares/Third_Party/FatFs/src/ff.o
 .text.validate
                0x000000000800f82c       0x6a ./Middlewares/Third_Party/FatFs/src/ff.o
 *fill*         0x000000000800f896        0x2 
 .text.f_mount  0x000000000800f898       0x8c ./Middlewares/Third_Party/FatFs/src/ff.o
                0x000000000800f898                f_mount
 .text.f_open   0x000000000800f924      0x398 ./Middlewares/Third_Party/FatFs/src/ff.o
                0x000000000800f924                f_open
 .text.f_read   0x000000000800fcbc      0x2be ./Middlewares/Third_Party/FatFs/src/ff.o
                0x000000000800fcbc                f_read
 .text.f_sync   0x000000000800ff7a       0xfc ./Middlewares/Third_Party/FatFs/src/ff.o
                0x000000000800ff7a                f_sync
 .text.f_close  0x0000000008010076       0x54 ./Middlewares/Third_Party/FatFs/src/ff.o
                0x0000000008010076                f_close
 .text.f_lseek  0x00000000080100ca      0x448 ./Middlewares/Third_Party/FatFs/src/ff.o
                0x00000000080100ca                f_lseek
 .text.f_opendir
                0x0000000008010512       0xe6 ./Middlewares/Third_Party/FatFs/src/ff.o
                0x0000000008010512                f_opendir
 .text.f_closedir
                0x00000000080105f8       0x4c ./Middlewares/Third_Party/FatFs/src/ff.o
                0x00000000080105f8                f_closedir
 .text.f_readdir
                0x0000000008010644       0x7a ./Middlewares/Third_Party/FatFs/src/ff.o
                0x0000000008010644                f_readdir
 .text.f_getfree
                0x00000000080106be      0x16a ./Middlewares/Third_Party/FatFs/src/ff.o
                0x00000000080106be                f_getfree
 .text.f_gets   0x0000000008010828       0x7a ./Middlewares/Third_Party/FatFs/src/ff.o
                0x0000000008010828                f_gets
 *fill*         0x00000000080108a2        0x2 
 .text.FATFS_LinkDriverEx
                0x00000000080108a4       0x98 ./Middlewares/Third_Party/FatFs/src/ff_gen_drv.o
                0x00000000080108a4                FATFS_LinkDriverEx
 .text.FATFS_LinkDriver
                0x000000000801093c       0x1e ./Middlewares/Third_Party/FatFs/src/ff_gen_drv.o
                0x000000000801093c                FATFS_LinkDriver
 *fill*         0x000000000801095a        0x2 
 .text.FATFS_UnLinkDriverEx
                0x000000000801095c       0x70 ./Middlewares/Third_Party/FatFs/src/ff_gen_drv.o
                0x000000000801095c                FATFS_UnLinkDriverEx
 .text.FATFS_UnLinkDriver
                0x00000000080109cc       0x1a ./Middlewares/Third_Party/FatFs/src/ff_gen_drv.o
                0x00000000080109cc                FATFS_UnLinkDriver
 *fill*         0x00000000080109e6        0x2 
 .text.ff_convert
                0x00000000080109e8       0x78 ./Middlewares/Third_Party/FatFs/src/option/ccsbcs.o
                0x00000000080109e8                ff_convert
 .text.ff_wtoupper
                0x0000000008010a60      0x114 ./Middlewares/Third_Party/FatFs/src/option/ccsbcs.o
                0x0000000008010a60                ff_wtoupper
 .text.MX_USB_HOST_Init
                0x0000000008010b74       0x4c ./USB_HOST/App/usb_host.o
                0x0000000008010b74                MX_USB_HOST_Init
 .text.MX_USB_HOST_Process
                0x0000000008010bc0       0x14 ./USB_HOST/App/usb_host.o
                0x0000000008010bc0                MX_USB_HOST_Process
 .text.USBH_UserProcess
                0x0000000008010bd4       0x5c ./USB_HOST/App/usb_host.o
 .text.HAL_HCD_MspInit
                0x0000000008010c30       0xc4 ./USB_HOST/Target/usbh_conf.o
                0x0000000008010c30                HAL_HCD_MspInit
 .text.HAL_HCD_SOF_Callback
                0x0000000008010cf4       0x1c ./USB_HOST/Target/usbh_conf.o
                0x0000000008010cf4                HAL_HCD_SOF_Callback
 .text.HAL_HCD_Connect_Callback
                0x0000000008010d10       0x1c ./USB_HOST/Target/usbh_conf.o
                0x0000000008010d10                HAL_HCD_Connect_Callback
 .text.HAL_HCD_Disconnect_Callback
                0x0000000008010d2c       0x1c ./USB_HOST/Target/usbh_conf.o
                0x0000000008010d2c                HAL_HCD_Disconnect_Callback
 .text.HAL_HCD_HC_NotifyURBChange_Callback
                0x0000000008010d48       0x1c ./USB_HOST/Target/usbh_conf.o
                0x0000000008010d48                HAL_HCD_HC_NotifyURBChange_Callback
 .text.HAL_HCD_PortEnabled_Callback
                0x0000000008010d64       0x1c ./USB_HOST/Target/usbh_conf.o
                0x0000000008010d64                HAL_HCD_PortEnabled_Callback
 .text.HAL_HCD_PortDisabled_Callback
                0x0000000008010d80       0x1c ./USB_HOST/Target/usbh_conf.o
                0x0000000008010d80                HAL_HCD_PortDisabled_Callback
 .text.USBH_LL_Init
                0x0000000008010d9c       0x78 ./USB_HOST/Target/usbh_conf.o
                0x0000000008010d9c                USBH_LL_Init
 .text.USBH_LL_Start
                0x0000000008010e14       0x36 ./USB_HOST/Target/usbh_conf.o
                0x0000000008010e14                USBH_LL_Start
 .text.USBH_LL_Stop
                0x0000000008010e4a       0x36 ./USB_HOST/Target/usbh_conf.o
                0x0000000008010e4a                USBH_LL_Stop
 .text.USBH_LL_GetSpeed
                0x0000000008010e80       0x4e ./USB_HOST/Target/usbh_conf.o
                0x0000000008010e80                USBH_LL_GetSpeed
 .text.USBH_LL_ResetPort
                0x0000000008010ece       0x36 ./USB_HOST/Target/usbh_conf.o
                0x0000000008010ece                USBH_LL_ResetPort
 .text.USBH_LL_GetLastXferSize
                0x0000000008010f04       0x26 ./USB_HOST/Target/usbh_conf.o
                0x0000000008010f04                USBH_LL_GetLastXferSize
 .text.USBH_LL_OpenPipe
                0x0000000008010f2a       0x5e ./USB_HOST/Target/usbh_conf.o
                0x0000000008010f2a                USBH_LL_OpenPipe
 .text.USBH_LL_ClosePipe
                0x0000000008010f88       0x3e ./USB_HOST/Target/usbh_conf.o
                0x0000000008010f88                USBH_LL_ClosePipe
 .text.USBH_LL_SubmitURB
                0x0000000008010fc6       0x62 ./USB_HOST/Target/usbh_conf.o
                0x0000000008010fc6                USBH_LL_SubmitURB
 .text.USBH_LL_GetURBState
                0x0000000008011028       0x26 ./USB_HOST/Target/usbh_conf.o
                0x0000000008011028                USBH_LL_GetURBState
 .text.USBH_LL_DriverVBUS
                0x000000000801104e       0x2e ./USB_HOST/Target/usbh_conf.o
                0x000000000801104e                USBH_LL_DriverVBUS
 .text.USBH_LL_SetToggle
                0x000000000801107c       0x60 ./USB_HOST/Target/usbh_conf.o
                0x000000000801107c                USBH_LL_SetToggle
 .text.USBH_Delay
                0x00000000080110dc       0x16 ./USB_HOST/Target/usbh_conf.o
                0x00000000080110dc                USBH_Delay
 *fill*         0x00000000080110f2        0x2 
 .text.USBH_Get_USB_Status
                0x00000000080110f4       0x58 ./USB_HOST/Target/usbh_conf.o
                0x00000000080110f4                USBH_Get_USB_Status
 .text.MX_DriverVbusFS
                0x000000000801114c       0x38 ./USB_HOST/Target/usbh_platform.o
                0x000000000801114c                MX_DriverVbusFS
 .text.__errno  0x0000000008011184        0xc /opt/st/stm32cubeide_1.10.1/plugins/com.st.stm32cube.ide.mcu.externaltools.gnu-tools-for-stm32.10.3-2021.10.linux64_1.0.0.202111181127/tools/bin/../lib/gcc/arm-none-eabi/10.3.1/../../../../arm-none-eabi/lib/thumb/v7e-m+fp/hard/libc_nano.a(lib_a-errno.o)
                0x0000000008011184                __errno
 .text.__libc_init_array
                0x0000000008011190       0x48 /opt/st/stm32cubeide_1.10.1/plugins/com.st.stm32cube.ide.mcu.externaltools.gnu-tools-for-stm32.10.3-2021.10.linux64_1.0.0.202111181127/tools/bin/../lib/gcc/arm-none-eabi/10.3.1/../../../../arm-none-eabi/lib/thumb/v7e-m+fp/hard/libc_nano.a(lib_a-init.o)
                0x0000000008011190                __libc_init_array
 .text.malloc   0x00000000080111d8       0x10 /opt/st/stm32cubeide_1.10.1/plugins/com.st.stm32cube.ide.mcu.externaltools.gnu-tools-for-stm32.10.3-2021.10.linux64_1.0.0.202111181127/tools/bin/../lib/gcc/arm-none-eabi/10.3.1/../../../../arm-none-eabi/lib/thumb/v7e-m+fp/hard/libc_nano.a(lib_a-malloc.o)
                0x00000000080111d8                malloc
 .text.free     0x00000000080111e8       0x10 /opt/st/stm32cubeide_1.10.1/plugins/com.st.stm32cube.ide.mcu.externaltools.gnu-tools-for-stm32.10.3-2021.10.linux64_1.0.0.202111181127/tools/bin/../lib/gcc/arm-none-eabi/10.3.1/../../../../arm-none-eabi/lib/thumb/v7e-m+fp/hard/libc_nano.a(lib_a-malloc.o)
                0x00000000080111e8                free
 .text.memset   0x00000000080111f8       0x10 /opt/st/stm32cubeide_1.10.1/plugins/com.st.stm32cube.ide.mcu.externaltools.gnu-tools-for-stm32.10.3-2021.10.linux64_1.0.0.202111181127/tools/bin/../lib/gcc/arm-none-eabi/10.3.1/../../../../arm-none-eabi/lib/thumb/v7e-m+fp/hard/libc_nano.a(lib_a-memset.o)
                0x00000000080111f8                memset
 .text._free_r  0x0000000008011208       0x98 /opt/st/stm32cubeide_1.10.1/plugins/com.st.stm32cube.ide.mcu.externaltools.gnu-tools-for-stm32.10.3-2021.10.linux64_1.0.0.202111181127/tools/bin/../lib/gcc/arm-none-eabi/10.3.1/../../../../arm-none-eabi/lib/thumb/v7e-m+fp/hard/libc_nano.a(lib_a-nano-freer.o)
                0x0000000008011208                _free_r
 .text.sbrk_aligned
                0x00000000080112a0       0x40 /opt/st/stm32cubeide_1.10.1/plugins/com.st.stm32cube.ide.mcu.externaltools.gnu-tools-for-stm32.10.3-2021.10.linux64_1.0.0.202111181127/tools/bin/../lib/gcc/arm-none-eabi/10.3.1/../../../../arm-none-eabi/lib/thumb/v7e-m+fp/hard/libc_nano.a(lib_a-nano-mallocr.o)
 .text._malloc_r
                0x00000000080112e0       0xe8 /opt/st/stm32cubeide_1.10.1/plugins/com.st.stm32cube.ide.mcu.externaltools.gnu-tools-for-stm32.10.3-2021.10.linux64_1.0.0.202111181127/tools/bin/../lib/gcc/arm-none-eabi/10.3.1/../../../../arm-none-eabi/lib/thumb/v7e-m+fp/hard/libc_nano.a(lib_a-nano-mallocr.o)
                0x00000000080112e0                _malloc_r
 .text.printf   0x00000000080113c8       0x30 /opt/st/stm32cubeide_1.10.1/plugins/com.st.stm32cube.ide.mcu.externaltools.gnu-tools-for-stm32.10.3-2021.10.linux64_1.0.0.202111181127/tools/bin/../lib/gcc/arm-none-eabi/10.3.1/../../../../arm-none-eabi/lib/thumb/v7e-m+fp/hard/libc_nano.a(lib_a-printf.o)
                0x00000000080113c8                printf
                0x00000000080113c8                iprintf
 .text._sbrk_r  0x00000000080113f8       0x20 /opt/st/stm32cubeide_1.10.1/plugins/com.st.stm32cube.ide.mcu.externaltools.gnu-tools-for-stm32.10.3-2021.10.linux64_1.0.0.202111181127/tools/bin/../lib/gcc/arm-none-eabi/10.3.1/../../../../arm-none-eabi/lib/thumb/v7e-m+fp/hard/libc_nano.a(lib_a-sbrkr.o)
                0x00000000080113f8                _sbrk_r
 .text.sprintf  0x0000000008011418       0x40 /opt/st/stm32cubeide_1.10.1/plugins/com.st.stm32cube.ide.mcu.externaltools.gnu-tools-for-stm32.10.3-2021.10.linux64_1.0.0.202111181127/tools/bin/../lib/gcc/arm-none-eabi/10.3.1/../../../../arm-none-eabi/lib/thumb/v7e-m+fp/hard/libc_nano.a(lib_a-sprintf.o)
                0x0000000008011418                sprintf
                0x0000000008011418                siprintf
 .text.strcat   0x0000000008011458       0x1e /opt/st/stm32cubeide_1.10.1/plugins/com.st.stm32cube.ide.mcu.externaltools.gnu-tools-for-stm32.10.3-2021.10.linux64_1.0.0.202111181127/tools/bin/../lib/gcc/arm-none-eabi/10.3.1/../../../../arm-none-eabi/lib/thumb/v7e-m+fp/hard/libc_nano.a(lib_a-strcat.o)
                0x0000000008011458                strcat
 *fill*         0x0000000008011476        0x2 
 .text.std      0x0000000008011478       0x48 /opt/st/stm32cubeide_1.10.1/plugins/com.st.stm32cube.ide.mcu.externaltools.gnu-tools-for-stm32.10.3-2021.10.linux64_1.0.0.202111181127/tools/bin/../lib/gcc/arm-none-eabi/10.3.1/../../../../arm-none-eabi/lib/thumb/v7e-m+fp/hard/libc_nano.a(lib_a-findfp.o)
 .text._cleanup_r
                0x00000000080114c0        0xc /opt/st/stm32cubeide_1.10.1/plugins/com.st.stm32cube.ide.mcu.externaltools.gnu-tools-for-stm32.10.3-2021.10.linux64_1.0.0.202111181127/tools/bin/../lib/gcc/arm-none-eabi/10.3.1/../../../../arm-none-eabi/lib/thumb/v7e-m+fp/hard/libc_nano.a(lib_a-findfp.o)
                0x00000000080114c0                _cleanup_r
 .text.__sfmoreglue
                0x00000000080114cc       0x2c /opt/st/stm32cubeide_1.10.1/plugins/com.st.stm32cube.ide.mcu.externaltools.gnu-tools-for-stm32.10.3-2021.10.linux64_1.0.0.202111181127/tools/bin/../lib/gcc/arm-none-eabi/10.3.1/../../../../arm-none-eabi/lib/thumb/v7e-m+fp/hard/libc_nano.a(lib_a-findfp.o)
                0x00000000080114cc                __sfmoreglue
 .text.__sfp_lock_acquire
                0x00000000080114f8        0xc /opt/st/stm32cubeide_1.10.1/plugins/com.st.stm32cube.ide.mcu.externaltools.gnu-tools-for-stm32.10.3-2021.10.linux64_1.0.0.202111181127/tools/bin/../lib/gcc/arm-none-eabi/10.3.1/../../../../arm-none-eabi/lib/thumb/v7e-m+fp/hard/libc_nano.a(lib_a-findfp.o)
                0x00000000080114f8                __sfp_lock_acquire
 .text.__sfp_lock_release
                0x0000000008011504        0xc /opt/st/stm32cubeide_1.10.1/plugins/com.st.stm32cube.ide.mcu.externaltools.gnu-tools-for-stm32.10.3-2021.10.linux64_1.0.0.202111181127/tools/bin/../lib/gcc/arm-none-eabi/10.3.1/../../../../arm-none-eabi/lib/thumb/v7e-m+fp/hard/libc_nano.a(lib_a-findfp.o)
                0x0000000008011504                __sfp_lock_release
 .text.__sinit_lock_acquire
                0x0000000008011510        0xc /opt/st/stm32cubeide_1.10.1/plugins/com.st.stm32cube.ide.mcu.externaltools.gnu-tools-for-stm32.10.3-2021.10.linux64_1.0.0.202111181127/tools/bin/../lib/gcc/arm-none-eabi/10.3.1/../../../../arm-none-eabi/lib/thumb/v7e-m+fp/hard/libc_nano.a(lib_a-findfp.o)
                0x0000000008011510                __sinit_lock_acquire
 .text.__sinit_lock_release
                0x000000000801151c        0xc /opt/st/stm32cubeide_1.10.1/plugins/com.st.stm32cube.ide.mcu.externaltools.gnu-tools-for-stm32.10.3-2021.10.linux64_1.0.0.202111181127/tools/bin/../lib/gcc/arm-none-eabi/10.3.1/../../../../arm-none-eabi/lib/thumb/v7e-m+fp/hard/libc_nano.a(lib_a-findfp.o)
                0x000000000801151c                __sinit_lock_release
 .text.__sinit  0x0000000008011528       0x70 /opt/st/stm32cubeide_1.10.1/plugins/com.st.stm32cube.ide.mcu.externaltools.gnu-tools-for-stm32.10.3-2021.10.linux64_1.0.0.202111181127/tools/bin/../lib/gcc/arm-none-eabi/10.3.1/../../../../arm-none-eabi/lib/thumb/v7e-m+fp/hard/libc_nano.a(lib_a-findfp.o)
                0x0000000008011528                __sinit
 .text.__sfp    0x0000000008011598       0x8c /opt/st/stm32cubeide_1.10.1/plugins/com.st.stm32cube.ide.mcu.externaltools.gnu-tools-for-stm32.10.3-2021.10.linux64_1.0.0.202111181127/tools/bin/../lib/gcc/arm-none-eabi/10.3.1/../../../../arm-none-eabi/lib/thumb/v7e-m+fp/hard/libc_nano.a(lib_a-findfp.o)
                0x0000000008011598                __sfp
 .text._fwalk_reent
                0x0000000008011624       0x3e /opt/st/stm32cubeide_1.10.1/plugins/com.st.stm32cube.ide.mcu.externaltools.gnu-tools-for-stm32.10.3-2021.10.linux64_1.0.0.202111181127/tools/bin/../lib/gcc/arm-none-eabi/10.3.1/../../../../arm-none-eabi/lib/thumb/v7e-m+fp/hard/libc_nano.a(lib_a-fwalk.o)
                0x0000000008011624                _fwalk_reent
 .text.__retarget_lock_init_recursive
                0x0000000008011662        0x2 /opt/st/stm32cubeide_1.10.1/plugins/com.st.stm32cube.ide.mcu.externaltools.gnu-tools-for-stm32.10.3-2021.10.linux64_1.0.0.202111181127/tools/bin/../lib/gcc/arm-none-eabi/10.3.1/../../../../arm-none-eabi/lib/thumb/v7e-m+fp/hard/libc_nano.a(lib_a-lock.o)
                0x0000000008011662                __retarget_lock_init_recursive
 .text.__retarget_lock_acquire_recursive
                0x0000000008011664        0x2 /opt/st/stm32cubeide_1.10.1/plugins/com.st.stm32cube.ide.mcu.externaltools.gnu-tools-for-stm32.10.3-2021.10.linux64_1.0.0.202111181127/tools/bin/../lib/gcc/arm-none-eabi/10.3.1/../../../../arm-none-eabi/lib/thumb/v7e-m+fp/hard/libc_nano.a(lib_a-lock.o)
                0x0000000008011664                __retarget_lock_acquire_recursive
 .text.__retarget_lock_release_recursive
                0x0000000008011666        0x2 /opt/st/stm32cubeide_1.10.1/plugins/com.st.stm32cube.ide.mcu.externaltools.gnu-tools-for-stm32.10.3-2021.10.linux64_1.0.0.202111181127/tools/bin/../lib/gcc/arm-none-eabi/10.3.1/../../../../arm-none-eabi/lib/thumb/v7e-m+fp/hard/libc_nano.a(lib_a-lock.o)
                0x0000000008011666                __retarget_lock_release_recursive
 .text.__malloc_lock
                0x0000000008011668        0xc /opt/st/stm32cubeide_1.10.1/plugins/com.st.stm32cube.ide.mcu.externaltools.gnu-tools-for-stm32.10.3-2021.10.linux64_1.0.0.202111181127/tools/bin/../lib/gcc/arm-none-eabi/10.3.1/../../../../arm-none-eabi/lib/thumb/v7e-m+fp/hard/libc_nano.a(lib_a-mlock.o)
                0x0000000008011668                __malloc_lock
 .text.__malloc_unlock
                0x0000000008011674        0xc /opt/st/stm32cubeide_1.10.1/plugins/com.st.stm32cube.ide.mcu.externaltools.gnu-tools-for-stm32.10.3-2021.10.linux64_1.0.0.202111181127/tools/bin/../lib/gcc/arm-none-eabi/10.3.1/../../../../arm-none-eabi/lib/thumb/v7e-m+fp/hard/libc_nano.a(lib_a-mlock.o)
                0x0000000008011674                __malloc_unlock
 .text.__ssputs_r
                0x0000000008011680       0xb6 /opt/st/stm32cubeide_1.10.1/plugins/com.st.stm32cube.ide.mcu.externaltools.gnu-tools-for-stm32.10.3-2021.10.linux64_1.0.0.202111181127/tools/bin/../lib/gcc/arm-none-eabi/10.3.1/../../../../arm-none-eabi/lib/thumb/v7e-m+fp/hard/libc_nano.a(lib_a-nano-svfprintf.o)
                0x0000000008011680                __ssputs_r
 *fill*         0x0000000008011736        0x2 
 .text._svfprintf_r
                0x0000000008011738      0x200 /opt/st/stm32cubeide_1.10.1/plugins/com.st.stm32cube.ide.mcu.externaltools.gnu-tools-for-stm32.10.3-2021.10.linux64_1.0.0.202111181127/tools/bin/../lib/gcc/arm-none-eabi/10.3.1/../../../../arm-none-eabi/lib/thumb/v7e-m+fp/hard/libc_nano.a(lib_a-nano-svfprintf.o)
                0x0000000008011738                _svfprintf_r
                0x0000000008011738                _svfiprintf_r
 .text.__sfputc_r
                0x0000000008011938       0x2e /opt/st/stm32cubeide_1.10.1/plugins/com.st.stm32cube.ide.mcu.externaltools.gnu-tools-for-stm32.10.3-2021.10.linux64_1.0.0.202111181127/tools/bin/../lib/gcc/arm-none-eabi/10.3.1/../../../../arm-none-eabi/lib/thumb/v7e-m+fp/hard/libc_nano.a(lib_a-nano-vfprintf.o)
 .text.__sfputs_r
                0x0000000008011966       0x24 /opt/st/stm32cubeide_1.10.1/plugins/com.st.stm32cube.ide.mcu.externaltools.gnu-tools-for-stm32.10.3-2021.10.linux64_1.0.0.202111181127/tools/bin/../lib/gcc/arm-none-eabi/10.3.1/../../../../arm-none-eabi/lib/thumb/v7e-m+fp/hard/libc_nano.a(lib_a-nano-vfprintf.o)
                0x0000000008011966                __sfputs_r
 *fill*         0x000000000801198a        0x2 
 .text._vfprintf_r
                0x000000000801198c      0x260 /opt/st/stm32cubeide_1.10.1/plugins/com.st.stm32cube.ide.mcu.externaltools.gnu-tools-for-stm32.10.3-2021.10.linux64_1.0.0.202111181127/tools/bin/../lib/gcc/arm-none-eabi/10.3.1/../../../../arm-none-eabi/lib/thumb/v7e-m+fp/hard/libc_nano.a(lib_a-nano-vfprintf.o)
                0x000000000801198c                _vfiprintf_r
                0x000000000801198c                _vfprintf_r
 .text._printf_common
                0x0000000008011bec       0xda /opt/st/stm32cubeide_1.10.1/plugins/com.st.stm32cube.ide.mcu.externaltools.gnu-tools-for-stm32.10.3-2021.10.linux64_1.0.0.202111181127/tools/bin/../lib/gcc/arm-none-eabi/10.3.1/../../../../arm-none-eabi/lib/thumb/v7e-m+fp/hard/libc_nano.a(lib_a-nano-vfprintf_i.o)
                0x0000000008011bec                _printf_common
 *fill*         0x0000000008011cc6        0x2 
 .text._printf_i
                0x0000000008011cc8      0x24c /opt/st/stm32cubeide_1.10.1/plugins/com.st.stm32cube.ide.mcu.externaltools.gnu-tools-for-stm32.10.3-2021.10.linux64_1.0.0.202111181127/tools/bin/../lib/gcc/arm-none-eabi/10.3.1/../../../../arm-none-eabi/lib/thumb/v7e-m+fp/hard/libc_nano.a(lib_a-nano-vfprintf_i.o)
                0x0000000008011cc8                _printf_i
 .text.__sread  0x0000000008011f14       0x22 /opt/st/stm32cubeide_1.10.1/plugins/com.st.stm32cube.ide.mcu.externaltools.gnu-tools-for-stm32.10.3-2021.10.linux64_1.0.0.202111181127/tools/bin/../lib/gcc/arm-none-eabi/10.3.1/../../../../arm-none-eabi/lib/thumb/v7e-m+fp/hard/libc_nano.a(lib_a-stdio.o)
                0x0000000008011f14                __sread
 .text.__swrite
                0x0000000008011f36       0x38 /opt/st/stm32cubeide_1.10.1/plugins/com.st.stm32cube.ide.mcu.externaltools.gnu-tools-for-stm32.10.3-2021.10.linux64_1.0.0.202111181127/tools/bin/../lib/gcc/arm-none-eabi/10.3.1/../../../../arm-none-eabi/lib/thumb/v7e-m+fp/hard/libc_nano.a(lib_a-stdio.o)
                0x0000000008011f36                __swrite
 .text.__sseek  0x0000000008011f6e       0x24 /opt/st/stm32cubeide_1.10.1/plugins/com.st.stm32cube.ide.mcu.externaltools.gnu-tools-for-stm32.10.3-2021.10.linux64_1.0.0.202111181127/tools/bin/../lib/gcc/arm-none-eabi/10.3.1/../../../../arm-none-eabi/lib/thumb/v7e-m+fp/hard/libc_nano.a(lib_a-stdio.o)
                0x0000000008011f6e                __sseek
 .text.__sclose
                0x0000000008011f92        0x8 /opt/st/stm32cubeide_1.10.1/plugins/com.st.stm32cube.ide.mcu.externaltools.gnu-tools-for-stm32.10.3-2021.10.linux64_1.0.0.202111181127/tools/bin/../lib/gcc/arm-none-eabi/10.3.1/../../../../arm-none-eabi/lib/thumb/v7e-m+fp/hard/libc_nano.a(lib_a-stdio.o)
                0x0000000008011f92                __sclose
 *fill*         0x0000000008011f9a        0x2 
 .text.__swbuf_r
                0x0000000008011f9c       0xa4 /opt/st/stm32cubeide_1.10.1/plugins/com.st.stm32cube.ide.mcu.externaltools.gnu-tools-for-stm32.10.3-2021.10.linux64_1.0.0.202111181127/tools/bin/../lib/gcc/arm-none-eabi/10.3.1/../../../../arm-none-eabi/lib/thumb/v7e-m+fp/hard/libc_nano.a(lib_a-wbuf.o)
                0x0000000008011f9c                __swbuf_r
 .text._write_r
                0x0000000008012040       0x24 /opt/st/stm32cubeide_1.10.1/plugins/com.st.stm32cube.ide.mcu.externaltools.gnu-tools-for-stm32.10.3-2021.10.linux64_1.0.0.202111181127/tools/bin/../lib/gcc/arm-none-eabi/10.3.1/../../../../arm-none-eabi/lib/thumb/v7e-m+fp/hard/libc_nano.a(lib_a-writer.o)
                0x0000000008012040                _write_r
 .text.__swsetup_r
                0x0000000008012064       0xdc /opt/st/stm32cubeide_1.10.1/plugins/com.st.stm32cube.ide.mcu.externaltools.gnu-tools-for-stm32.10.3-2021.10.linux64_1.0.0.202111181127/tools/bin/../lib/gcc/arm-none-eabi/10.3.1/../../../../arm-none-eabi/lib/thumb/v7e-m+fp/hard/libc_nano.a(lib_a-wsetup.o)
                0x0000000008012064                __swsetup_r
 .text._close_r
                0x0000000008012140       0x20 /opt/st/stm32cubeide_1.10.1/plugins/com.st.stm32cube.ide.mcu.externaltools.gnu-tools-for-stm32.10.3-2021.10.linux64_1.0.0.202111181127/tools/bin/../lib/gcc/arm-none-eabi/10.3.1/../../../../arm-none-eabi/lib/thumb/v7e-m+fp/hard/libc_nano.a(lib_a-closer.o)
                0x0000000008012140                _close_r
 .text.__sflush_r