Archive member included to satisfy reference by file (symbol)

/opt/st/stm32cubeide_1.10.1/plugins/com.st.stm32cube.ide.mcu.externaltools.gnu-tools-for-stm32.10.3-2021.10.linux64_1.0.0.202111181127/tools/bin/../lib/gcc/arm-none-eabi/10.3.1/../../../../arm-none-eabi/lib/thumb/v7e-m+fp/hard/libc_nano.a(lib_a-errno.o)
                              ./Core/Src/syscalls.o (__errno)
/opt/st/stm32cubeide_1.10.1/plugins/com.st.stm32cube.ide.mcu.externaltools.gnu-tools-for-stm32.10.3-2021.10.linux64_1.0.0.202111181127/tools/bin/../lib/gcc/arm-none-eabi/10.3.1/../../../../arm-none-eabi/lib/thumb/v7e-m+fp/hard/libc_nano.a(lib_a-exit.o)
                              /opt/st/stm32cubeide_1.10.1/plugins/com.st.stm32cube.ide.mcu.externaltools.gnu-tools-for-stm32.10.3-2021.10.linux64_1.0.0.202111181127/tools/bin/../lib/gcc/arm-none-eabi/10.3.1/../../../../arm-none-eabi/lib/thumb/v7e-m+fp/hard/crt0.o (exit)
/opt/st/stm32cubeide_1.10.1/plugins/com.st.stm32cube.ide.mcu.externaltools.gnu-tools-for-stm32.10.3-2021.10.linux64_1.0.0.202111181127/tools/bin/../lib/gcc/arm-none-eabi/10.3.1/../../../../arm-none-eabi/lib/thumb/v7e-m+fp/hard/libc_nano.a(lib_a-impure.o)
                              /opt/st/stm32cubeide_1.10.1/plugins/com.st.stm32cube.ide.mcu.externaltools.gnu-tools-for-stm32.10.3-2021.10.linux64_1.0.0.202111181127/tools/bin/../lib/gcc/arm-none-eabi/10.3.1/../../../../arm-none-eabi/lib/thumb/v7e-m+fp/hard/libc_nano.a(lib_a-exit.o) (_global_impure_ptr)
/opt/st/stm32cubeide_1.10.1/plugins/com.st.stm32cube.ide.mcu.externaltools.gnu-tools-for-stm32.10.3-2021.10.linux64_1.0.0.202111181127/tools/bin/../lib/gcc/arm-none-eabi/10.3.1/../../../../arm-none-eabi/lib/thumb/v7e-m+fp/hard/libc_nano.a(lib_a-init.o)
                              /opt/st/stm32cubeide_1.10.1/plugins/com.st.stm32cube.ide.mcu.externaltools.gnu-tools-for-stm32.10.3-2021.10.linux64_1.0.0.202111181127/tools/bin/../lib/gcc/arm-none-eabi/10.3.1/../../../../arm-none-eabi/lib/thumb/v7e-m+fp/hard/crt0.o (__libc_init_array)
/opt/st/stm32cubeide_1.10.1/plugins/com.st.stm32cube.ide.mcu.externaltools.gnu-tools-for-stm32.10.3-2021.10.linux64_1.0.0.202111181127/tools/bin/../lib/gcc/arm-none-eabi/10.3.1/../../../../arm-none-eabi/lib/thumb/v7e-m+fp/hard/libc_nano.a(lib_a-malloc.o)
                              ./Middlewares/ST/STM32_USB_Host_Library/Class/CDC/Src/usbh_cdc.o (malloc)
/opt/st/stm32cubeide_1.10.1/plugins/com.st.stm32cube.ide.mcu.externaltools.gnu-tools-for-stm32.10.3-2021.10.linux64_1.0.0.202111181127/tools/bin/../lib/gcc/arm-none-eabi/10.3.1/../../../../arm-none-eabi/lib/thumb/v7e-m+fp/hard/libc_nano.a(lib_a-memcpy-stub.o)
                              ./Core/Src/microSD/file_system.o (memcpy)
/opt/st/stm32cubeide_1.10.1/plugins/com.st.stm32cube.ide.mcu.externaltools.gnu-tools-for-stm32.10.3-2021.10.linux64_1.0.0.202111181127/tools/bin/../lib/gcc/arm-none-eabi/10.3.1/../../../../arm-none-eabi/lib/thumb/v7e-m+fp/hard/libc_nano.a(lib_a-memset.o)
                              /opt/st/stm32cubeide_1.10.1/plugins/com.st.stm32cube.ide.mcu.externaltools.gnu-tools-for-stm32.10.3-2021.10.linux64_1.0.0.202111181127/tools/bin/../lib/gcc/arm-none-eabi/10.3.1/../../../../arm-none-eabi/lib/thumb/v7e-m+fp/hard/crt0.o (memset)
/opt/st/stm32cubeide_1.10.1/plugins/com.st.stm32cube.ide.mcu.externaltools.gnu-tools-for-stm32.10.3-2021.10.linux64_1.0.0.202111181127/tools/bin/../lib/gcc/arm-none-eabi/10.3.1/../../../../arm-none-eabi/lib/thumb/v7e-m+fp/hard/libc_nano.a(lib_a-nano-freer.o)
                              /opt/st/stm32cubeide_1.10.1/plugins/com.st.stm32cube.ide.mcu.externaltools.gnu-tools-for-stm32.10.3-2021.10.linux64_1.0.0.202111181127/tools/bin/../lib/gcc/arm-none-eabi/10.3.1/../../../../arm-none-eabi/lib/thumb/v7e-m+fp/hard/libc_nano.a(lib_a-malloc.o) (_free_r)
/opt/st/stm32cubeide_1.10.1/plugins/com.st.stm32cube.ide.mcu.externaltools.gnu-tools-for-stm32.10.3-2021.10.linux64_1.0.0.202111181127/tools/bin/../lib/gcc/arm-none-eabi/10.3.1/../../../../arm-none-eabi/lib/thumb/v7e-m+fp/hard/libc_nano.a(lib_a-nano-mallocr.o)
                              /opt/st/stm32cubeide_1.10.1/plugins/com.st.stm32cube.ide.mcu.externaltools.gnu-tools-for-stm32.10.3-2021.10.linux64_1.0.0.202111181127/tools/bin/../lib/gcc/arm-none-eabi/10.3.1/../../../../arm-none-eabi/lib/thumb/v7e-m+fp/hard/libc_nano.a(lib_a-malloc.o) (_malloc_r)
/opt/st/stm32cubeide_1.10.1/plugins/com.st.stm32cube.ide.mcu.externaltools.gnu-tools-for-stm32.10.3-2021.10.linux64_1.0.0.202111181127/tools/bin/../lib/gcc/arm-none-eabi/10.3.1/../../../../arm-none-eabi/lib/thumb/v7e-m+fp/hard/libc_nano.a(lib_a-sbrkr.o)
                              /opt/st/stm32cubeide_1.10.1/plugins/com.st.stm32cube.ide.mcu.externaltools.gnu-tools-for-stm32.10.3-2021.10.linux64_1.0.0.202111181127/tools/bin/../lib/gcc/arm-none-eabi/10.3.1/../../../../arm-none-eabi/lib/thumb/v7e-m+fp/hard/libc_nano.a(lib_a-nano-mallocr.o) (_sbrk_r)
[...]
Memory Configuration

Name             Origin             Length             Attributes
CCMRAM           0x0000000010000000 0x0000000000010000 xrw
RAM              0x0000000020000000 0x0000000000020000 xrw
FLASH            0x0000000008000000 0x0000000000100000 xr
*default*        0x0000000000000000 0xffffffffffffffff

Linker script and memory map

LOAD /opt/st/stm32cubeide_1.10.1/plugins/com.st.stm32cube.ide.mcu.externaltools.gnu-tools-for-stm32.10.3-2021.10.linux64_1.0.0.202111181127/tools/bin/../lib/gcc/arm-none-eabi/10.3.1/thumb/v7e-m+fp/hard/crti.o
LOAD /opt/st/stm32cubeide_1.10.1/plugins/com.st.stm32cube.ide.mcu.externaltools.gnu-tools-for-stm32.10.3-2021.10.linux64_1.0.0.202111181127/tools/bin/../lib/gcc/arm-none-eabi/10.3.1/thumb/v7e-m+fp/hard/crtbegin.o
LOAD /opt/st/stm32cubeide_1.10.1/plugins/com.st.stm32cube.ide.mcu.externaltools.gnu-tools-for-stm32.10.3-2021.10.linux64_1.0.0.202111181127/tools/bin/../lib/gcc/arm-none-eabi/10.3.1/../../../../arm-none-eabi/lib/thumb/v7e-m+fp/hard/crt0.o
LOAD ./Core/Src/light/led_stop/stop_light.o
LOAD ./Core/Src/light/led_stript/ARGB.o
LOAD ./Core/Src/light/led_stript/control.o
LOAD ./Core/Src/main.o
LOAD ./Core/Src/stm32f4xx_hal_msp.o
LOAD ./Core/Src/stm32f4xx_it.o
LOAD ./Core/Src/syscalls.o
LOAD ./Core/Src/sysmem.o
LOAD ./Core/Src/system_stm32f4xx.o
LOAD ./Core/Src/microSD/file_system.o
LOAD ./Core/Src/microSD/sd.o
LOAD ./Core/Startup/startup_stm32f407vgtx.o
LOAD ./Drivers/STM32F4xx_HAL_Driver/Src/stm32f4xx_hal.o
LOAD ./Drivers/STM32F4xx_HAL_Driver/Src/stm32f4xx_hal_cortex.o
LOAD ./Drivers/STM32F4xx_HAL_Driver/Src/stm32f4xx_hal_dma.o
LOAD ./Drivers/STM32F4xx_HAL_Driver/Src/stm32f4xx_hal_dma_ex.o
LOAD ./Drivers/STM32F4xx_HAL_Driver/Src/stm32f4xx_hal_exti.o
LOAD ./Drivers/STM32F4xx_HAL_Driver/Src/stm32f4xx_hal_flash.o
LOAD ./Drivers/STM32F4xx_HAL_Driver/Src/stm32f4xx_hal_flash_ex.o
LOAD ./Drivers/STM32F4xx_HAL_Driver/Src/stm32f4xx_hal_flash_ramfunc.o
LOAD ./Drivers/STM32F4xx_HAL_Driver/Src/stm32f4xx_hal_gpio.o
LOAD ./Drivers/STM32F4xx_HAL_Driver/Src/stm32f4xx_hal_hcd.o
LOAD ./Drivers/STM32F4xx_HAL_Driver/Src/stm32f4xx_hal_pwr.o
LOAD ./Drivers/STM32F4xx_HAL_Driver/Src/stm32f4xx_hal_pwr_ex.o
LOAD ./Drivers/STM32F4xx_HAL_Driver/Src/stm32f4xx_hal_rcc.o
LOAD ./Drivers/STM32F4xx_HAL_Driver/Src/stm32f4xx_hal_rcc_ex.o
LOAD ./Drivers/STM32F4xx_HAL_Driver/Src/stm32f4xx_hal_spi.o
LOAD ./Drivers/STM32F4xx_HAL_Driver/Src/stm32f4xx_hal_tim.o
LOAD ./Drivers/STM32F4xx_HAL_Driver/Src/stm32f4xx_hal_tim_ex.o
LOAD ./Drivers/STM32F4xx_HAL_Driver/Src/stm32f4xx_hal_uart.o
LOAD ./Drivers/STM32F4xx_HAL_Driver/Src/stm32f4xx_ll_usb.o
LOAD ./FATFS/App/fatfs.o
LOAD ./FATFS/Target/user_diskio.o
LOAD ./Middlewares/ST/STM32_USB_Host_Library/Class/CDC/Src/usbh_cdc.o
LOAD ./Middlewares/ST/STM32_USB_Host_Library/Core/Src/usbh_core.o
LOAD ./Middlewares/ST/STM32_USB_Host_Library/Core/Src/usbh_ctlreq.o
LOAD ./Middlewares/ST/STM32_USB_Host_Library/Core/Src/usbh_ioreq.o
LOAD ./Middlewares/ST/STM32_USB_Host_Library/Core/Src/usbh_pipes.o
LOAD ./Middlewares/Third_Party/FatFs/src/diskio.o
LOAD ./Middlewares/Third_Party/FatFs/src/ff.o
LOAD ./Middlewares/Third_Party/FatFs/src/ff_gen_drv.o
LOAD ./Middlewares/Third_Party/FatFs/src/option/ccsbcs.o
LOAD ./Middlewares/Third_Party/FatFs/src/option/syscall.o
LOAD ./USB_HOST/App/usb_host.o
LOAD ./USB_HOST/Target/usbh_conf.o
LOAD ./USB_HOST/Target/usbh_platform.o
START GROUP
LOAD /opt/st/stm32cubeide_1.10.1/plugins/com.st.stm32cube.ide.mcu.externaltools.gnu-tools-for-stm32.10.3-2021.10.linux64_1.0.0.202111181127/tools/bin/../lib/gcc/arm-none-eabi/10.3.1/../../../../arm-none-eabi/lib/thumb/v7e-m+fp/hard/libc_nano.a
LOAD /opt/st/stm32cubeide_1.10.1/plugins/com.st.stm32cube.ide.mcu.externaltools.gnu-tools-for-stm32.10.3-2021.10.linux64_1.0.0.202111181127/tools/bin/../lib/gcc/arm-none-eabi/10.3.1/../../../../arm-none-eabi/lib/thumb/v7e-m+fp/hard/libm.a
END GROUP
START GROUP
LOAD /opt/st/stm32cubeide_1.10.1/plugins/com.st.stm32cube.ide.mcu.externaltools.gnu-tools-for-stm32.10.3-2021.10.linux64_1.0.0.202111181127/tools/bin/../lib/gcc/arm-none-eabi/10.3.1/thumb/v7e-m+fp/hard/libgcc.a
LOAD /opt/st/stm32cubeide_1.10.1/plugins/com.st.stm32cube.ide.mcu.externaltools.gnu-tools-for-stm32.10.3-2021.10.linux64_1.0.0.202111181127/tools/bin/../lib/gcc/arm-none-eabi/10.3.1/../../../../arm-none-eabi/lib/thumb/v7e-m+fp/hard/libc_nano.a
END GROUP
START GROUP
LOAD /opt/st/stm32cubeide_1.10.1/plugins/com.st.stm32cube.ide.mcu.externaltools.gnu-tools-for-stm32.10.3-2021.10.linux64_1.0.0.202111181127/tools/bin/../lib/gcc/arm-none-eabi/10.3.1/thumb/v7e-m+fp/hard/libgcc.a
LOAD /opt/st/stm32cubeide_1.10.1/plugins/com.st.stm32cube.ide.mcu.externaltools.gnu-tools-for-stm32.10.3-2021.10.linux64_1.0.0.202111181127/tools/bin/../lib/gcc/arm-none-eabi/10.3.1/../../../../arm-none-eabi/lib/thumb/v7e-m+fp/hard/libc_nano.a
LOAD /opt/st/stm32cubeide_1.10.1/plugins/com.st.stm32cube.ide.mcu.externaltools.gnu-tools-for-stm32.10.3-2021.10.linux64_1.0.0.202111181127/tools/bin/../lib/gcc/arm-none-eabi/10.3.1/../../../../arm-none-eabi/lib/thumb/v7e-m+fp/hard/libnosys.a
END GROUP
START GROUP
LOAD /opt/st/stm32cubeide_1.10.1/plugins/com.st.stm32cube.ide.mcu.externaltools.gnu-tools-for-stm32.10.3-2021.10.linux64_1.0.0.202111181127/tools/bin/../lib/gcc/arm-none-eabi/10.3.1/thumb/v7e-m+fp/hard/libgcc.a
LOAD /opt/st/stm32cubeide_1.10.1/plugins/com.st.stm32cube.ide.mcu.externaltools.gnu-tools-for-stm32.10.3-2021.10.linux64_1.0.0.202111181127/tools/bin/../lib/gcc/arm-none-eabi/10.3.1/../../../../arm-none-eabi/lib/thumb/v7e-m+fp/hard/libc_nano.a
LOAD /opt/st/stm32cubeide_1.10.1/plugins/com.st.stm32cube.ide.mcu.externaltools.gnu-tools-for-stm32.10.3-2021.10.linux64_1.0.0.202111181127/tools/bin/../lib/gcc/arm-none-eabi/10.3.1/../../../../arm-none-eabi/lib/thumb/v7e-m+fp/hard/libnosys.a
END GROUP
LOAD /opt/st/stm32cubeide_1.10.1/plugins/com.st.stm32cube.ide.mcu.externaltools.gnu-tools-for-stm32.10.3-2021.10.linux64_1.0.0.202111181127/tools/bin/../lib/gcc/arm-none-eabi/10.3.1/thumb/v7e-m+fp/hard/crtend.o
LOAD /opt/st/stm32cubeide_1.10.1/plugins/com.st.stm32cube.ide.mcu.externaltools.gnu-tools-for-stm32.10.3-2021.10.linux64_1.0.0.202111181127/tools/bin/../lib/gcc/arm-none-eabi/10.3.1/thumb/v7e-m+fp/hard/crtn.o
                0x0000000020020000                _estack = (ORIGIN (RAM) + LENGTH (RAM))
                0x0000000000000200                _Min_Heap_Size = 0x200
                0x0000000000000400                _Min_Stack_Size = 0x400

.isr_vector     0x0000000008000000      0x188
                0x0000000008000000                . = ALIGN (0x4)
 *(.isr_vector)
 .isr_vector    0x0000000008000000      0x188 ./Core/Startup/startup_stm32f407vgtx.o
                0x0000000008000000                g_pfnVectors
                0x0000000008000188                . = ALIGN (0x4)

.text           0x0000000008000190     0xd104
                0x0000000008000190                . = ALIGN (0x4)
 *(.text)
 .text          0x0000000008000190       0x40 /opt/st/stm32cubeide_1.10.1/plugins/com.st.stm32cube.ide.mcu.externaltools.gnu-tools-for-stm32.10.3-2021.10.linux64_1.0.0.202111181127/tools/bin/../lib/gcc/arm-none-eabi/10.3.1/thumb/v7e-m+fp/hard/crtbegin.o
 .text          0x00000000080001d0       0x10 /opt/st/stm32cubeide_1.10.1/plugins/com.st.stm32cube.ide.mcu.externaltools.gnu-tools-for-stm32.10.3-2021.10.linux64_1.0.0.202111181127/tools/bin/../lib/gcc/arm-none-eabi/10.3.1/../../../../arm-none-eabi/lib/thumb/v7e-m+fp/hard/libc_nano.a(lib_a-strlen.o)
                0x00000000080001d0                strlen
 .text          0x00000000080001e0       0xa0 /opt/st/stm32cubeide_1.10.1/plugins/com.st.stm32cube.ide.mcu.externaltools.gnu-tools-for-stm32.10.3-2021.10.linux64_1.0.0.202111181127/tools/bin/../lib/gcc/arm-none-eabi/10.3.1/../../../../arm-none-eabi/lib/thumb/v7e-m+fp/hard/libc_nano.a(lib_a-memchr.o)
                0x00000000080001e0                memchr
 .text          0x0000000008000280      0x254 /opt/st/stm32cubeide_1.10.1/plugins/com.st.stm32cube.ide.mcu.externaltools.gnu-tools-for-stm32.10.3-2021.10.linux64_1.0.0.202111181127/tools/bin/../lib/gcc/arm-none-eabi/10.3.1/thumb/v7e-m+fp/hard/libgcc.a(_arm_muldf3.o)
                0x0000000008000280                __aeabi_dmul
                0x0000000008000280                __muldf3
 .text          0x00000000080004d4      0x378 /opt/st/stm32cubeide_1.10.1/plugins/com.st.stm32cube.ide.mcu.externaltools.gnu-tools-for-stm32.10.3-2021.10.linux64_1.0.0.202111181127/tools/bin/../lib/gcc/arm-none-eabi/10.3.1/thumb/v7e-m+fp/hard/libgcc.a(_arm_addsubdf3.o)
                0x00000000080004d4                __aeabi_drsub
                0x00000000080004dc                __aeabi_dsub
                0x00000000080004dc                __subdf3
                0x00000000080004e0                __adddf3
                0x00000000080004e0                __aeabi_dadd
                0x0000000008000758                __aeabi_ui2d
                0x0000000008000758                __floatunsidf
                0x0000000008000778                __floatsidf
                0x0000000008000778                __aeabi_i2d
                0x000000000800079c                __extendsfdf2
                0x000000000800079c                __aeabi_f2d
                0x00000000080007e0                __aeabi_ul2d
                0x00000000080007e0                __floatundidf
                0x00000000080007f0                __floatdidf
                0x00000000080007f0                __aeabi_l2d
 .text          0x000000000800084c       0x40 /opt/st/stm32cubeide_1.10.1/plugins/com.st.stm32cube.ide.mcu.externaltools.gnu-tools-for-stm32.10.3-2021.10.linux64_1.0.0.202111181127/tools/bin/../lib/gcc/arm-none-eabi/10.3.1/thumb/v7e-m+fp/hard/libgcc.a(_arm_fixunsdfsi.o)
                0x000000000800084c                __fixunsdfsi
                0x000000000800084c                __aeabi_d2uiz
 .text          0x000000000800088c       0x30 /opt/st/stm32cubeide_1.10.1/plugins/com.st.stm32cube.ide.mcu.externaltools.gnu-tools-for-stm32.10.3-2021.10.linux64_1.0.0.202111181127/tools/bin/../lib/gcc/arm-none-eabi/10.3.1/thumb/v7e-m+fp/hard/libgcc.a(_aeabi_uldivmod.o)
                0x000000000800088c                __aeabi_uldivmod
 .text          0x00000000080008bc      0x2d0 /opt/st/stm32cubeide_1.10.1/plugins/com.st.stm32cube.ide.mcu.externaltools.gnu-tools-for-stm32.10.3-2021.10.linux64_1.0.0.202111181127/tools/bin/../lib/gcc/arm-none-eabi/10.3.1/thumb/v7e-m+fp/hard/libgcc.a(_udivmoddi4.o)
                0x00000000080008bc                __udivmoddi4
 .text          0x0000000008000b8c        0x4 /opt/st/stm32cubeide_1.10.1/plugins/com.st.stm32cube.ide.mcu.externaltools.gnu-tools-for-stm32.10.3-2021.10.linux64_1.0.0.202111181127/tools/bin/../lib/gcc/arm-none-eabi/10.3.1/thumb/v7e-m+fp/hard/libgcc.a(_dvmd_tls.o)
                0x0000000008000b8c                __aeabi_ldiv0
                0x0000000008000b8c                __aeabi_idiv0
 *(.text*)
 .text.ARGB_Init
                0x0000000008000b90      0x108 ./Core/Src/light/led_stript/ARGB.o
                0x0000000008000b90                ARGB_Init
 .text.ARGB_Clear_left
                0x0000000008000c98       0x18 ./Core/Src/light/led_stript/ARGB.o
                0x0000000008000c98                ARGB_Clear_left
 .text.ARGB_Clear_right
                0x0000000008000cb0       0x18 ./Core/Src/light/led_stript/ARGB.o
                0x0000000008000cb0                ARGB_Clear_right
 .text.ARGB_SetBrightness
                0x0000000008000cc8       0x20 ./Core/Src/light/led_stript/ARGB.o
                0x0000000008000cc8                ARGB_SetBrightness
 .text.ARGB_SetRGB_left
                0x0000000008000ce8       0xf4 ./Core/Src/light/led_stript/ARGB.o
                0x0000000008000ce8                ARGB_SetRGB_left
 .text.ARGB_SetRGB_right
                0x0000000008000ddc       0xf4 ./Core/Src/light/led_stript/ARGB.o
                0x0000000008000ddc                ARGB_SetRGB_right
 .text.ARGB_SetWhite_left
                0x0000000008000ed0       0x48 ./Core/Src/light/led_stript/ARGB.o
                0x0000000008000ed0                ARGB_SetWhite_left
 .text.ARGB_SetWhite_right
                0x0000000008000f18       0x48 ./Core/Src/light/led_stript/ARGB.o
                0x0000000008000f18                ARGB_SetWhite_right
 .text.ARGB_FillRGB_left
                0x0000000008000f60       0x42 ./Core/Src/light/led_stript/ARGB.o
                0x0000000008000f60                ARGB_FillRGB_left
 .text.ARGB_FillRGB_right
                0x0000000008000fa2       0x42 ./Core/Src/light/led_stript/ARGB.o
                0x0000000008000fa2                ARGB_FillRGB_right
 .text.ARGB_FillWhite_left
                0x0000000008000fe4       0x3a ./Core/Src/light/led_stript/ARGB.o
                0x0000000008000fe4                ARGB_FillWhite_left
 .text.ARGB_FillWhite_right
                0x000000000800101e       0x3a ./Core/Src/light/led_stript/ARGB.o
                0x000000000800101e                ARGB_FillWhite_right
 .text.ARGB_Show_left
                0x0000000008001058      0x398 ./Core/Src/light/led_stript/ARGB.o
                0x0000000008001058                ARGB_Show_left
 .text.ARGB_Show_right
                0x00000000080013f0      0x398 ./Core/Src/light/led_stript/ARGB.o
                0x00000000080013f0                ARGB_Show_right
 .text.scale8   0x0000000008001788       0x28 ./Core/Src/light/led_stript/ARGB.o
 .text.ARGB_TIM_DMADelayPulseCplt_left
                0x00000000080017b0      0x2f8 ./Core/Src/light/led_stript/ARGB.o
 .text.ARGB_TIM_DMADelayPulseCplt_right
                0x0000000008001aa8      0x2f8 ./Core/Src/light/led_stript/ARGB.o
 .text.ARGB_TIM_DMADelayPulseHalfCplt_left
                0x0000000008001da0      0x1b0 ./Core/Src/light/led_stript/ARGB.o
 .text.ARGB_TIM_DMADelayPulseHalfCplt_right
                0x0000000008001f50      0x1b0 ./Core/Src/light/led_stript/ARGB.o
 .text.turn_off_left_stript
                0x0000000008002100       0x1a ./Core/Src/light/led_stript/control.o
                0x0000000008002100                turn_off_left_stript
 .text.turn_off_right_stript
                0x000000000800211a       0x1a ./Core/Src/light/led_stript/control.o
                0x000000000800211a                turn_off_right_stript
 .text.turn_off_left_and_right_dtript
                0x0000000008002134       0x10 ./Core/Src/light/led_stript/control.o
                0x0000000008002134                turn_off_left_and_right_dtript
 .text.turn_on_left_stript
                0x0000000008002144       0x4c ./Core/Src/light/led_stript/control.o
                0x0000000008002144                turn_on_left_stript
 .text.turn_on_right_stript
                0x0000000008002190       0x4c ./Core/Src/light/led_stript/control.o
                0x0000000008002190                turn_on_right_stript
 .text.turn_all_leds_from_centr
                0x00000000080021dc       0xa6 ./Core/Src/light/led_stript/control.o
                0x00000000080021dc                turn_all_leds_from_centr
 *fill*         0x0000000008002282        0x2 
 .text.main     0x0000000008002284      0x1a0 ./Core/Src/main.o
                0x0000000008002284                main
 .text.SystemClock_Config
                0x0000000008002424       0xd4 ./Core/Src/main.o
                0x0000000008002424                SystemClock_Config
 .text.MX_SPI1_Init
                0x00000000080024f8       0x6c ./Core/Src/main.o
 .text.MX_TIM2_Init
                0x0000000008002564      0x12c ./Core/Src/main.o
 .text.MX_TIM3_Init
                0x0000000008002690      0x130 ./Core/Src/main.o
 .text.MX_TIM4_Init
                0x00000000080027c0      0x104 ./Core/Src/main.o
 .text.MX_TIM7_Init
                0x00000000080028c4       0x6c ./Core/Src/main.o
 .text.MX_TIM8_Init
                0x0000000008002930      0x120 ./Core/Src/main.o
 .text.MX_USART3_UART_Init
                0x0000000008002a50       0x54 ./Core/Src/main.o
 .text.MX_DMA_Init
                0x0000000008002aa4       0x50 ./Core/Src/main.o
 .text.MX_GPIO_Init
                0x0000000008002af4      0x2a4 ./Core/Src/main.o
 .text.HAL_TIM_PeriodElapsedCallback
                0x0000000008002d98       0x34 ./Core/Src/main.o
                0x0000000008002d98                HAL_TIM_PeriodElapsedCallback
 .text.HAL_UART_RxCpltCallback
                0x0000000008002dcc       0x40 ./Core/Src/main.o
                0x0000000008002dcc                HAL_UART_RxCpltCallback
 .text.Error_Handler
                0x0000000008002e0c        0xa ./Core/Src/main.o
                0x0000000008002e0c                Error_Handler
 *fill*         0x0000000008002e16        0x2 
 .text.HAL_MspInit
                0x0000000008002e18       0x50 ./Core/Src/stm32f4xx_hal_msp.o
                0x0000000008002e18                HAL_MspInit
 .text.HAL_SPI_MspInit
                0x0000000008002e68       0x90 ./Core/Src/stm32f4xx_hal_msp.o
                0x0000000008002e68                HAL_SPI_MspInit
 .text.HAL_TIM_Base_MspInit
                0x0000000008002ef8       0xe0 ./Core/Src/stm32f4xx_hal_msp.o
                0x0000000008002ef8                HAL_TIM_Base_MspInit
 .text.HAL_TIM_PWM_MspInit
                0x0000000008002fd8      0x130 ./Core/Src/stm32f4xx_hal_msp.o
                0x0000000008002fd8                HAL_TIM_PWM_MspInit
 .text.HAL_TIM_MspPostInit
                0x0000000008003108      0x1c0 ./Core/Src/stm32f4xx_hal_msp.o
                0x0000000008003108                HAL_TIM_MspPostInit
 .text.HAL_UART_MspInit
                0x00000000080032c8       0xa0 ./Core/Src/stm32f4xx_hal_msp.o
                0x00000000080032c8                HAL_UART_MspInit
 .text.NMI_Handler
                0x0000000008003368        0x6 ./Core/Src/stm32f4xx_it.o
                0x0000000008003368                NMI_Handler
 .text.HardFault_Handler
                0x000000000800336e        0x6 ./Core/Src/stm32f4xx_it.o
                0x000000000800336e                HardFault_Handler
 .text.MemManage_Handler
                0x0000000008003374        0x6 ./Core/Src/stm32f4xx_it.o
                0x0000000008003374                MemManage_Handler
 .text.BusFault_Handler
                0x000000000800337a        0x6 ./Core/Src/stm32f4xx_it.o
                0x000000000800337a                BusFault_Handler
 .text.UsageFault_Handler
                0x0000000008003380        0x6 ./Core/Src/stm32f4xx_it.o
                0x0000000008003380                UsageFault_Handler
 .text.SVC_Handler
                0x0000000008003386        0xe ./Core/Src/stm32f4xx_it.o
                0x0000000008003386                SVC_Handler
 .text.DebugMon_Handler
                0x0000000008003394        0xe ./Core/Src/stm32f4xx_it.o
                0x0000000008003394                DebugMon_Handler
 .text.PendSV_Handler
                0x00000000080033a2        0xe ./Core/Src/stm32f4xx_it.o
                0x00000000080033a2                PendSV_Handler
 .text.SysTick_Handler
                0x00000000080033b0        0xc ./Core/Src/stm32f4xx_it.o
                0x00000000080033b0                SysTick_Handler
 .text.TIM2_IRQHandler
                0x00000000080033bc       0x14 ./Core/Src/stm32f4xx_it.o
                0x00000000080033bc                TIM2_IRQHandler
 .text.USART3_IRQHandler
                0x00000000080033d0       0x14 ./Core/Src/stm32f4xx_it.o
                0x00000000080033d0                USART3_IRQHandler
 .text.TIM7_IRQHandler
                0x00000000080033e4       0x14 ./Core/Src/stm32f4xx_it.o
                0x00000000080033e4                TIM7_IRQHandler
 .text.DMA2_Stream4_IRQHandler
                0x00000000080033f8       0x14 ./Core/Src/stm32f4xx_it.o
                0x00000000080033f8                DMA2_Stream4_IRQHandler
 .text.OTG_FS_IRQHandler
                0x000000000800340c       0x14 ./Core/Src/stm32f4xx_it.o
                0x000000000800340c                OTG_FS_IRQHandler
 .text.DMA2_Stream7_IRQHandler
                0x0000000008003420       0x14 ./Core/Src/stm32f4xx_it.o
                0x0000000008003420                DMA2_Stream7_IRQHandler
 .text._sbrk    0x0000000008003434       0x6c ./Core/Src/sysmem.o
                0x0000000008003434                _sbrk
 .text.SystemInit
                0x00000000080034a0       0x24 ./Core/Src/system_stm32f4xx.o
                0x00000000080034a0                SystemInit
 .text.SD_Write_Block
                0x00000000080034c4       0xa4 ./Core/Src/microSD/sd.o
                0x00000000080034c4                SD_Write_Block
 .text.SD_Read_Block
                0x0000000008003568       0x88 ./Core/Src/microSD/sd.o
                0x0000000008003568                SD_Read_Block
 .text.SD_PowerOn
                0x00000000080035f0       0x28 ./Core/Src/microSD/sd.o
                0x00000000080035f0                SD_PowerOn
 .text.SD_cmd   0x0000000008003618       0xd4 ./Core/Src/microSD/sd.o
 .text.sd_ini   0x00000000080036ec      0x1cc ./Core/Src/microSD/sd.o
                0x00000000080036ec                sd_ini
 .text.Error    0x00000000080038b8       0x18 ./Core/Src/microSD/sd.o
 .text.SPIx_WriteRead
                0x00000000080038d0       0x3c ./Core/Src/microSD/sd.o
                0x00000000080038d0                SPIx_WriteRead
 .text.SPI_SendByte
                0x000000000800390c       0x1a ./Core/Src/microSD/sd.o
                0x000000000800390c                SPI_SendByte
 .text.SPI_ReceiveByte
                0x0000000008003926       0x1a ./Core/Src/microSD/sd.o
                0x0000000008003926                SPI_ReceiveByte
 .text.SPI_Release
                0x0000000008003940        0xe ./Core/Src/microSD/sd.o
                0x0000000008003940                SPI_Release
 .text.SPI_wait_ready
                0x000000000800394e       0x40 ./Core/Src/microSD/sd.o
                0x000000000800394e                SPI_wait_ready
 *fill*         0x000000000800398e        0x2 
 .text.Reset_Handler
                0x0000000008003990       0x50 ./Core/Startup/startup_stm32f407vgtx.o
                0x0000000008003990                Reset_Handler
 .text.Default_Handler
                0x00000000080039e0        0x2 ./Core/Startup/startup_stm32f407vgtx.o
                0x00000000080039e0                RTC_Alarm_IRQHandler
                0x00000000080039e0                HASH_RNG_IRQHandler
                0x00000000080039e0                EXTI2_IRQHandler
                0x00000000080039e0                TIM8_CC_IRQHandler
                0x00000000080039e0                TIM1_CC_IRQHandler
                0x00000000080039e0                DMA2_Stream5_IRQHandler
                0x00000000080039e0                DMA1_Stream5_IRQHandler
                0x00000000080039e0                PVD_IRQHandler
                0x00000000080039e0                SDIO_IRQHandler
                0x00000000080039e0                TAMP_STAMP_IRQHandler
                0x00000000080039e0                CAN2_RX1_IRQHandler
                0x00000000080039e0                EXTI3_IRQHandler
                0x00000000080039e0                TIM8_TRG_COM_TIM14_IRQHandler
                0x00000000080039e0                TIM1_UP_TIM10_IRQHandler
                0x00000000080039e0                TIM8_UP_TIM13_IRQHandler
                0x00000000080039e0                I2C3_ER_IRQHandler
                0x00000000080039e0                EXTI0_IRQHandler
                0x00000000080039e0                I2C2_EV_IRQHandler
                0x00000000080039e0                DMA1_Stream2_IRQHandler
                0x00000000080039e0                CAN1_RX0_IRQHandler
                0x00000000080039e0                FPU_IRQHandler
                0x00000000080039e0                OTG_HS_WKUP_IRQHandler
                0x00000000080039e0                CAN2_SCE_IRQHandler
                0x00000000080039e0                DMA2_Stream2_IRQHandler
                0x00000000080039e0                SPI1_IRQHandler
                0x00000000080039e0                TIM6_DAC_IRQHandler
                0x00000000080039e0                TIM1_BRK_TIM9_IRQHandler
                0x00000000080039e0                DCMI_IRQHandler
                0x00000000080039e0                CAN2_RX0_IRQHandler
                0x00000000080039e0                DMA2_Stream3_IRQHandler
                0x00000000080039e0                USART6_IRQHandler
                0x00000000080039e0                CAN1_RX1_IRQHandler
                0x00000000080039e0                UART5_IRQHandler
                0x00000000080039e0                DMA2_Stream0_IRQHandler
                0x00000000080039e0                TIM4_IRQHandler
                0x00000000080039e0                I2C1_EV_IRQHandler
                0x00000000080039e0                DMA1_Stream6_IRQHandler
                0x00000000080039e0                DMA1_Stream1_IRQHandler
                0x00000000080039e0                UART4_IRQHandler
                0x00000000080039e0                TIM3_IRQHandler
                0x00000000080039e0                RCC_IRQHandler
                0x00000000080039e0                TIM8_BRK_TIM12_IRQHandler
                0x00000000080039e0                Default_Handler
                0x00000000080039e0                EXTI15_10_IRQHandler
                0x00000000080039e0                ADC_IRQHandler
                0x00000000080039e0                DMA1_Stream7_IRQHandler
                0x00000000080039e0                CAN2_TX_IRQHandler
                0x00000000080039e0                TIM5_IRQHandler
                0x00000000080039e0                I2C3_EV_IRQHandler
                0x00000000080039e0                EXTI9_5_IRQHandler
                0x00000000080039e0                RTC_WKUP_IRQHandler
                0x00000000080039e0                ETH_WKUP_IRQHandler
                0x00000000080039e0                SPI2_IRQHandler
                0x00000000080039e0                OTG_HS_EP1_IN_IRQHandler
                0x00000000080039e0                DMA1_Stream0_IRQHandler
                0x00000000080039e0                CAN1_TX_IRQHandler
                0x00000000080039e0                EXTI4_IRQHandler
                0x00000000080039e0                FSMC_IRQHandler
                0x00000000080039e0                ETH_IRQHandler
                0x00000000080039e0                OTG_HS_EP1_OUT_IRQHandler
                0x00000000080039e0                WWDG_IRQHandler
                0x00000000080039e0                OTG_FS_WKUP_IRQHandler
                0x00000000080039e0                TIM1_TRG_COM_TIM11_IRQHandler
                0x00000000080039e0                OTG_HS_IRQHandler
                0x00000000080039e0                EXTI1_IRQHandler
                0x00000000080039e0                USART2_IRQHandler
                0x00000000080039e0                I2C2_ER_IRQHandler
                0x00000000080039e0                DMA2_Stream1_IRQHandler
                0x00000000080039e0                CAN1_SCE_IRQHandler
                0x00000000080039e0                FLASH_IRQHandler
                0x00000000080039e0                USART1_IRQHandler
                0x00000000080039e0                SPI3_IRQHandler
                0x00000000080039e0                DMA1_Stream4_IRQHandler
                0x00000000080039e0                I2C1_ER_IRQHandler
                0x00000000080039e0                DMA2_Stream6_IRQHandler
                0x00000000080039e0                DMA1_Stream3_IRQHandler
 *fill*         0x00000000080039e2        0x2 
 .text.HAL_Init
                0x00000000080039e4       0x44 ./Drivers/STM32F4xx_HAL_Driver/Src/stm32f4xx_hal.o
                0x00000000080039e4                HAL_Init
 .text.HAL_InitTick
                0x0000000008003a28       0x60 ./Drivers/STM32F4xx_HAL_Driver/Src/stm32f4xx_hal.o
                0x0000000008003a28                HAL_InitTick
 .text.HAL_IncTick
                0x0000000008003a88       0x28 ./Drivers/STM32F4xx_HAL_Driver/Src/stm32f4xx_hal.o
                0x0000000008003a88                HAL_IncTick
 .text.HAL_GetTick
                0x0000000008003ab0       0x18 ./Drivers/STM32F4xx_HAL_Driver/Src/stm32f4xx_hal.o
                0x0000000008003ab0                HAL_GetTick
 .text.HAL_Delay
                0x0000000008003ac8       0x48 ./Drivers/STM32F4xx_HAL_Driver/Src/stm32f4xx_hal.o
                0x0000000008003ac8                HAL_Delay
 .text.__NVIC_SetPriorityGrouping
                0x0000000008003b10       0x48 ./Drivers/STM32F4xx_HAL_Driver/Src/stm32f4xx_hal_cortex.o
 .text.__NVIC_GetPriorityGrouping
                0x0000000008003b58       0x1c ./Drivers/STM32F4xx_HAL_Driver/Src/stm32f4xx_hal_cortex.o
 .text.__NVIC_EnableIRQ
                0x0000000008003b74       0x3c ./Drivers/STM32F4xx_HAL_Driver/Src/stm32f4xx_hal_cortex.o
 .text.__NVIC_SetPriority
                0x0000000008003bb0       0x54 ./Drivers/STM32F4xx_HAL_Driver/Src/stm32f4xx_hal_cortex.o
 .text.NVIC_EncodePriority
                0x0000000008003c04       0x66 ./Drivers/STM32F4xx_HAL_Driver/Src/stm32f4xx_hal_cortex.o
 *fill*         0x0000000008003c6a        0x2 
 .text.SysTick_Config
                0x0000000008003c6c       0x44 ./Drivers/STM32F4xx_HAL_Driver/Src/stm32f4xx_hal_cortex.o
 .text.HAL_NVIC_SetPriorityGrouping
                0x0000000008003cb0       0x16 ./Drivers/STM32F4xx_HAL_Driver/Src/stm32f4xx_hal_cortex.o
                0x0000000008003cb0                HAL_NVIC_SetPriorityGrouping
 .text.HAL_NVIC_SetPriority
                0x0000000008003cc6       0x38 ./Drivers/STM32F4xx_HAL_Driver/Src/stm32f4xx_hal_cortex.o
                0x0000000008003cc6                HAL_NVIC_SetPriority
 .text.HAL_NVIC_EnableIRQ
                0x0000000008003cfe       0x1c ./Drivers/STM32F4xx_HAL_Driver/Src/stm32f4xx_hal_cortex.o
                0x0000000008003cfe                HAL_NVIC_EnableIRQ
 .text.HAL_SYSTICK_Config
                0x0000000008003d1a       0x18 ./Drivers/STM32F4xx_HAL_Driver/Src/stm32f4xx_hal_cortex.o
                0x0000000008003d1a                HAL_SYSTICK_Config
 *fill*         0x0000000008003d32        0x2 
 .text.HAL_DMA_Init
                0x0000000008003d34      0x15c ./Drivers/STM32F4xx_HAL_Driver/Src/stm32f4xx_hal_dma.o
                0x0000000008003d34                HAL_DMA_Init
 .text.HAL_DMA_Start_IT
                0x0000000008003e90       0xb0 ./Drivers/STM32F4xx_HAL_Driver/Src/stm32f4xx_hal_dma.o
                0x0000000008003e90                HAL_DMA_Start_IT
 .text.HAL_DMA_Abort
                0x0000000008003f40       0xe0 ./Drivers/STM32F4xx_HAL_Driver/Src/stm32f4xx_hal_dma.o
                0x0000000008003f40                HAL_DMA_Abort
 .text.HAL_DMA_Abort_IT
                0x0000000008004020       0x44 ./Drivers/STM32F4xx_HAL_Driver/Src/stm32f4xx_hal_dma.o
                0x0000000008004020                HAL_DMA_Abort_IT
 .text.HAL_DMA_IRQHandler
                0x0000000008004064      0x314 ./Drivers/STM32F4xx_HAL_Driver/Src/stm32f4xx_hal_dma.o
                0x0000000008004064                HAL_DMA_IRQHandler
 .text.DMA_SetConfig
                0x0000000008004378       0x5c ./Drivers/STM32F4xx_HAL_Driver/Src/stm32f4xx_hal_dma.o
 .text.DMA_CalcBaseAndBitshift
                0x00000000080043d4       0x6c ./Drivers/STM32F4xx_HAL_Driver/Src/stm32f4xx_hal_dma.o
 .text.DMA_CheckFifoParam
                0x0000000008004440       0xf8 ./Drivers/STM32F4xx_HAL_Driver/Src/stm32f4xx_hal_dma.o
 .text.HAL_GPIO_Init
                0x0000000008004538      0x338 ./Drivers/STM32F4xx_HAL_Driver/Src/stm32f4xx_hal_gpio.o
                0x0000000008004538                HAL_GPIO_Init
 .text.HAL_GPIO_WritePin
                0x0000000008004870       0x32 ./Drivers/STM32F4xx_HAL_Driver/Src/stm32f4xx_hal_gpio.o
                0x0000000008004870                HAL_GPIO_WritePin
 .text.HAL_HCD_Init
                0x00000000080048a2       0xc4 ./Drivers/STM32F4xx_HAL_Driver/Src/stm32f4xx_hal_hcd.o
                0x00000000080048a2                HAL_HCD_Init
 .text.HAL_HCD_HC_Init
                0x0000000008004966      0x11e ./Drivers/STM32F4xx_HAL_Driver/Src/stm32f4xx_hal_hcd.o
                0x0000000008004966                HAL_HCD_HC_Init
 .text.HAL_HCD_HC_Halt
                0x0000000008004a84       0x46 ./Drivers/STM32F4xx_HAL_Driver/Src/stm32f4xx_hal_hcd.o
                0x0000000008004a84                HAL_HCD_HC_Halt
 *fill*         0x0000000008004aca        0x2 
 .text.HAL_HCD_HC_SubmitRequest
                0x0000000008004acc      0x2ac ./Drivers/STM32F4xx_HAL_Driver/Src/stm32f4xx_hal_hcd.o
                0x0000000008004acc                HAL_HCD_HC_SubmitRequest
 .text.HAL_HCD_IRQHandler
                0x0000000008004d78      0x216 ./Drivers/STM32F4xx_HAL_Driver/Src/stm32f4xx_hal_hcd.o
                0x0000000008004d78                HAL_HCD_IRQHandler
 .text.HAL_HCD_Start
                0x0000000008004f8e       0x46 ./Drivers/STM32F4xx_HAL_Driver/Src/stm32f4xx_hal_hcd.o
                0x0000000008004f8e                HAL_HCD_Start
 .text.HAL_HCD_Stop
                0x0000000008004fd4       0x3a ./Drivers/STM32F4xx_HAL_Driver/Src/stm32f4xx_hal_hcd.o
                0x0000000008004fd4                HAL_HCD_Stop
 .text.HAL_HCD_ResetPort
                0x000000000800500e       0x1c ./Drivers/STM32F4xx_HAL_Driver/Src/stm32f4xx_hal_hcd.o
                0x000000000800500e                HAL_HCD_ResetPort
 .text.HAL_HCD_HC_GetURBState
                0x000000000800502a       0x28 ./Drivers/STM32F4xx_HAL_Driver/Src/stm32f4xx_hal_hcd.o
                0x000000000800502a                HAL_HCD_HC_GetURBState
 .text.HAL_HCD_HC_GetXferCount
                0x0000000008005052       0x28 ./Drivers/STM32F4xx_HAL_Driver/Src/stm32f4xx_hal_hcd.o
                0x0000000008005052                HAL_HCD_HC_GetXferCount
 .text.HAL_HCD_GetCurrentFrame
                0x000000000800507a       0x1c ./Drivers/STM32F4xx_HAL_Driver/Src/stm32f4xx_hal_hcd.o
                0x000000000800507a                HAL_HCD_GetCurrentFrame
 .text.HAL_HCD_GetCurrentSpeed
                0x0000000008005096       0x1c ./Drivers/STM32F4xx_HAL_Driver/Src/stm32f4xx_hal_hcd.o
                0x0000000008005096                HAL_HCD_GetCurrentSpeed
 .text.HCD_HC_IN_IRQHandler
                0x00000000080050b2      0x6aa ./Drivers/STM32F4xx_HAL_Driver/Src/stm32f4xx_hal_hcd.o
 .text.HCD_HC_OUT_IRQHandler
                0x000000000800575c      0x6d2 ./Drivers/STM32F4xx_HAL_Driver/Src/stm32f4xx_hal_hcd.o
 .text.HCD_RXQLVL_IRQHandler
                0x0000000008005e2e      0x1a4 ./Drivers/STM32F4xx_HAL_Driver/Src/stm32f4xx_hal_hcd.o
 .text.HCD_Port_IRQHandler
                0x0000000008005fd2       0xe6 ./Drivers/STM32F4xx_HAL_Driver/Src/stm32f4xx_hal_hcd.o
 .text.HAL_RCC_OscConfig
                0x00000000080060b8      0x4f0 ./Drivers/STM32F4xx_HAL_Driver/Src/stm32f4xx_hal_rcc.o
                0x00000000080060b8                HAL_RCC_OscConfig
 .text.HAL_RCC_ClockConfig
                0x00000000080065a8      0x1cc ./Drivers/STM32F4xx_HAL_Driver/Src/stm32f4xx_hal_rcc.o
                0x00000000080065a8                HAL_RCC_ClockConfig
 .text.HAL_RCC_GetSysClockFreq
                0x0000000008006774      0x20c ./Drivers/STM32F4xx_HAL_Driver/Src/stm32f4xx_hal_rcc.o
                0x0000000008006774                HAL_RCC_GetSysClockFreq
 .text.HAL_RCC_GetHCLKFreq
                0x0000000008006980       0x18 ./Drivers/STM32F4xx_HAL_Driver/Src/stm32f4xx_hal_rcc.o
                0x0000000008006980                HAL_RCC_GetHCLKFreq
 .text.HAL_RCC_GetPCLK1Freq
                0x0000000008006998       0x28 ./Drivers/STM32F4xx_HAL_Driver/Src/stm32f4xx_hal_rcc.o
                0x0000000008006998                HAL_RCC_GetPCLK1Freq
 .text.HAL_RCC_GetPCLK2Freq
                0x00000000080069c0       0x28 ./Drivers/STM32F4xx_HAL_Driver/Src/stm32f4xx_hal_rcc.o
                0x00000000080069c0                HAL_RCC_GetPCLK2Freq
 .text.HAL_SPI_Init
                0x00000000080069e8      0x112 ./Drivers/STM32F4xx_HAL_Driver/Src/stm32f4xx_hal_spi.o
                0x00000000080069e8                HAL_SPI_Init
 .text.HAL_SPI_TransmitReceive
                0x0000000008006afa      0x344 ./Drivers/STM32F4xx_HAL_Driver/Src/stm32f4xx_hal_spi.o
                0x0000000008006afa                HAL_SPI_TransmitReceive
 *fill*         0x0000000008006e3e        0x2 
 .text.SPI_WaitFlagStateUntilTimeout
                0x0000000008006e40      0x110 ./Drivers/STM32F4xx_HAL_Driver/Src/stm32f4xx_hal_spi.o
 .text.SPI_EndRxTxTransaction
                0x0000000008006f50       0x84 ./Drivers/STM32F4xx_HAL_Driver/Src/stm32f4xx_hal_spi.o
 .text.HAL_TIM_Base_Init
                0x0000000008006fd4       0x9e ./Drivers/STM32F4xx_HAL_Driver/Src/stm32f4xx_hal_tim.o
                0x0000000008006fd4                HAL_TIM_Base_Init
 .text.HAL_TIM_PWM_Init
                0x0000000008007072       0x9e ./Drivers/STM32F4xx_HAL_Driver/Src/stm32f4xx_hal_tim.o
                0x0000000008007072                HAL_TIM_PWM_Init
 .text.HAL_TIM_IRQHandler
                0x0000000008007110      0x210 ./Drivers/STM32F4xx_HAL_Driver/Src/stm32f4xx_hal_tim.o
                0x0000000008007110                HAL_TIM_IRQHandler
 .text.HAL_TIM_PWM_ConfigChannel
                0x0000000008007320      0x184 ./Drivers/STM32F4xx_HAL_Driver/Src/stm32f4xx_hal_tim.o
                0x0000000008007320                HAL_TIM_PWM_ConfigChannel
 .text.HAL_TIM_ConfigClockSource
                0x00000000080074a4      0x18e ./Drivers/STM32F4xx_HAL_Driver/Src/stm32f4xx_hal_tim.o
                0x00000000080074a4                HAL_TIM_ConfigClockSource
 .text.HAL_TIM_OC_DelayElapsedCallback
                0x0000000008007632       0x14 ./Drivers/STM32F4xx_HAL_Driver/Src/stm32f4xx_hal_tim.o
                0x0000000008007632                HAL_TIM_OC_DelayElapsedCallback
 .text.HAL_TIM_IC_CaptureCallback
                0x0000000008007646       0x14 ./Drivers/STM32F4xx_HAL_Driver/Src/stm32f4xx_hal_tim.o
                0x0000000008007646                HAL_TIM_IC_CaptureCallback
 .text.HAL_TIM_PWM_PulseFinishedCallback
                0x000000000800765a       0x14 ./Drivers/STM32F4xx_HAL_Driver/Src/stm32f4xx_hal_tim.o
                0x000000000800765a                HAL_TIM_PWM_PulseFinishedCallback
 .text.HAL_TIM_TriggerCallback
                0x000000000800766e       0x14 ./Drivers/STM32F4xx_HAL_Driver/Src/stm32f4xx_hal_tim.o
                0x000000000800766e                HAL_TIM_TriggerCallback
 .text.HAL_TIM_ErrorCallback
                0x0000000008007682       0x14 ./Drivers/STM32F4xx_HAL_Driver/Src/stm32f4xx_hal_tim.o
                0x0000000008007682                HAL_TIM_ErrorCallback
 .text.TIM_DMAError
                0x0000000008007696       0x92 ./Drivers/STM32F4xx_HAL_Driver/Src/stm32f4xx_hal_tim.o
                0x0000000008007696                TIM_DMAError
 .text.TIM_Base_SetConfig
                0x0000000008007728      0x140 ./Drivers/STM32F4xx_HAL_Driver/Src/stm32f4xx_hal_tim.o
                0x0000000008007728                TIM_Base_SetConfig
 .text.TIM_OC1_SetConfig
                0x0000000008007868       0xe0 ./Drivers/STM32F4xx_HAL_Driver/Src/stm32f4xx_hal_tim.o
 .text.TIM_OC2_SetConfig
                0x0000000008007948       0xec ./Drivers/STM32F4xx_HAL_Driver/Src/stm32f4xx_hal_tim.o
                0x0000000008007948                TIM_OC2_SetConfig
 .text.TIM_OC3_SetConfig
                0x0000000008007a34       0xe8 ./Drivers/STM32F4xx_HAL_Driver/Src/stm32f4xx_hal_tim.o
 .text.TIM_OC4_SetConfig
                0x0000000008007b1c       0xac ./Drivers/STM32F4xx_HAL_Driver/Src/stm32f4xx_hal_tim.o
 .text.TIM_TI1_ConfigInputStage
                0x0000000008007bc8       0x5e ./Drivers/STM32F4xx_HAL_Driver/Src/stm32f4xx_hal_tim.o
 .text.TIM_TI2_ConfigInputStage
                0x0000000008007c26       0x60 ./Drivers/STM32F4xx_HAL_Driver/Src/stm32f4xx_hal_tim.o
 .text.TIM_ITRx_SetConfig
                0x0000000008007c86       0x36 ./Drivers/STM32F4xx_HAL_Driver/Src/stm32f4xx_hal_tim.o
 .text.TIM_ETR_SetConfig
                0x0000000008007cbc       0x40 ./Drivers/STM32F4xx_HAL_Driver/Src/stm32f4xx_hal_tim.o
                0x0000000008007cbc                TIM_ETR_SetConfig
 .text.TIM_CCxChannelCmd
                0x0000000008007cfc       0x4a ./Drivers/STM32F4xx_HAL_Driver/Src/stm32f4xx_hal_tim.o
                0x0000000008007cfc                TIM_CCxChannelCmd
 *fill*         0x0000000008007d46        0x2 
 .text.HAL_TIMEx_MasterConfigSynchronization
                0x0000000008007d48       0xf8 ./Drivers/STM32F4xx_HAL_Driver/Src/stm32f4xx_hal_tim_ex.o
                0x0000000008007d48                HAL_TIMEx_MasterConfigSynchronization
 .text.HAL_TIMEx_ConfigBreakDeadTime
                0x0000000008007e40       0xa4 ./Drivers/STM32F4xx_HAL_Driver/Src/stm32f4xx_hal_tim_ex.o
                0x0000000008007e40                HAL_TIMEx_ConfigBreakDeadTime
 .text.HAL_TIMEx_CommutCallback
                0x0000000008007ee4       0x14 ./Drivers/STM32F4xx_HAL_Driver/Src/stm32f4xx_hal_tim_ex.o
                0x0000000008007ee4                HAL_TIMEx_CommutCallback
 .text.HAL_TIMEx_BreakCallback
                0x0000000008007ef8       0x14 ./Drivers/STM32F4xx_HAL_Driver/Src/stm32f4xx_hal_tim_ex.o
                0x0000000008007ef8                HAL_TIMEx_BreakCallback
 .text.HAL_UART_Init
                0x0000000008007f0c       0x9a ./Drivers/STM32F4xx_HAL_Driver/Src/stm32f4xx_hal_uart.o
                0x0000000008007f0c                HAL_UART_Init
 .text.HAL_UART_Transmit
                0x0000000008007fa6      0x124 ./Drivers/STM32F4xx_HAL_Driver/Src/stm32f4xx_hal_uart.o
                0x0000000008007fa6                HAL_UART_Transmit
 .text.HAL_UART_Transmit_IT
                0x00000000080080ca       0x8a ./Drivers/STM32F4xx_HAL_Driver/Src/stm32f4xx_hal_uart.o
                0x00000000080080ca                HAL_UART_Transmit_IT
 .text.HAL_UART_Receive_IT
                0x0000000008008154       0x60 ./Drivers/STM32F4xx_HAL_Driver/Src/stm32f4xx_hal_uart.o
                0x0000000008008154                HAL_UART_Receive_IT
 .text.HAL_UART_IRQHandler
                0x00000000080081b4      0x51c ./Drivers/STM32F4xx_HAL_Driver/Src/stm32f4xx_hal_uart.o
                0x00000000080081b4                HAL_UART_IRQHandler
 .text.HAL_UART_TxCpltCallback
                0x00000000080086d0       0x14 ./Drivers/STM32F4xx_HAL_Driver/Src/stm32f4xx_hal_uart.o
                0x00000000080086d0                HAL_UART_TxCpltCallback
 .text.HAL_UART_ErrorCallback
                0x00000000080086e4       0x14 ./Drivers/STM32F4xx_HAL_Driver/Src/stm32f4xx_hal_uart.o
                0x00000000080086e4                HAL_UART_ErrorCallback
 .text.HAL_UARTEx_RxEventCallback
                0x00000000080086f8       0x18 ./Drivers/STM32F4xx_HAL_Driver/Src/stm32f4xx_hal_uart.o
                0x00000000080086f8                HAL_UARTEx_RxEventCallback
 .text.UART_WaitOnFlagUntilTimeout
                0x0000000008008710       0xdc ./Drivers/STM32F4xx_HAL_Driver/Src/stm32f4xx_hal_uart.o
 .text.UART_Start_Receive_IT
                0x00000000080087ec       0x7c ./Drivers/STM32F4xx_HAL_Driver/Src/stm32f4xx_hal_uart.o
                0x00000000080087ec                UART_Start_Receive_IT
 .text.UART_EndRxTransfer
                0x0000000008008868       0xc6 ./Drivers/STM32F4xx_HAL_Driver/Src/stm32f4xx_hal_uart.o
 .text.UART_DMAAbortOnError
                0x000000000800892e       0x28 ./Drivers/STM32F4xx_HAL_Driver/Src/stm32f4xx_hal_uart.o
 .text.UART_Transmit_IT
                0x0000000008008956       0xa0 ./Drivers/STM32F4xx_HAL_Driver/Src/stm32f4xx_hal_uart.o
 .text.UART_EndTransmit_IT
                0x00000000080089f6       0x30 ./Drivers/STM32F4xx_HAL_Driver/Src/stm32f4xx_hal_uart.o
 .text.UART_Receive_IT
                0x0000000008008a26      0x176 ./Drivers/STM32F4xx_HAL_Driver/Src/stm32f4xx_hal_uart.o
 .text.UART_SetConfig
                0x0000000008008b9c      0x4e8 ./Drivers/STM32F4xx_HAL_Driver/Src/stm32f4xx_hal_uart.o
 .text.USB_CoreInit
                0x0000000008009084       0xc2 ./Drivers/STM32F4xx_HAL_Driver/Src/stm32f4xx_ll_usb.o
                0x0000000008009084                USB_CoreInit
 .text.USB_EnableGlobalInt
                0x0000000008009146       0x22 ./Drivers/STM32F4xx_HAL_Driver/Src/stm32f4xx_ll_usb.o
                0x0000000008009146                USB_EnableGlobalInt
 .text.USB_DisableGlobalInt
                0x0000000008009168       0x22 ./Drivers/STM32F4xx_HAL_Driver/Src/stm32f4xx_ll_usb.o
                0x0000000008009168                USB_DisableGlobalInt
 .text.USB_SetCurrentMode
                0x000000000800918a       0x98 ./Drivers/STM32F4xx_HAL_Driver/Src/stm32f4xx_ll_usb.o
                0x000000000800918a                USB_SetCurrentMode
 *fill*         0x0000000008009222        0x2 
 .text.USB_FlushTxFifo
                0x0000000008009224       0x68 ./Drivers/STM32F4xx_HAL_Driver/Src/stm32f4xx_ll_usb.o
                0x0000000008009224                USB_FlushTxFifo
 .text.USB_FlushRxFifo
                0x000000000800928c       0x60 ./Drivers/STM32F4xx_HAL_Driver/Src/stm32f4xx_ll_usb.o
                0x000000000800928c                USB_FlushRxFifo
 .text.USB_WritePacket
                0x00000000080092ec       0x7c ./Drivers/STM32F4xx_HAL_Driver/Src/stm32f4xx_ll_usb.o
                0x00000000080092ec                USB_WritePacket
 .text.USB_ReadPacket
                0x0000000008009368       0xb0 ./Drivers/STM32F4xx_HAL_Driver/Src/stm32f4xx_ll_usb.o
                0x0000000008009368                USB_ReadPacket
 .text.USB_ReadInterrupts
                0x0000000008009418       0x26 ./Drivers/STM32F4xx_HAL_Driver/Src/stm32f4xx_ll_usb.o
                0x0000000008009418                USB_ReadInterrupts
 .text.USB_GetMode
                0x000000000800943e       0x1c ./Drivers/STM32F4xx_HAL_Driver/Src/stm32f4xx_ll_usb.o
                0x000000000800943e                USB_GetMode
 *fill*         0x000000000800945a        0x2 
 .text.USB_CoreReset
                0x000000000800945c       0x68 ./Drivers/STM32F4xx_HAL_Driver/Src/stm32f4xx_ll_usb.o
 .text.USB_HostInit
                0x00000000080094c4      0x180 ./Drivers/STM32F4xx_HAL_Driver/Src/stm32f4xx_ll_usb.o
                0x00000000080094c4                USB_HostInit
 .text.USB_InitFSLSPClkSel
                0x0000000008009644       0x74 ./Drivers/STM32F4xx_HAL_Driver/Src/stm32f4xx_ll_usb.o
                0x0000000008009644                USB_InitFSLSPClkSel
 .text.USB_ResetPort
                0x00000000080096b8       0x54 ./Drivers/STM32F4xx_HAL_Driver/Src/stm32f4xx_ll_usb.o
                0x00000000080096b8                USB_ResetPort
 .text.USB_DriveVbus
                0x000000000800970c       0x72 ./Drivers/STM32F4xx_HAL_Driver/Src/stm32f4xx_ll_usb.o
                0x000000000800970c                USB_DriveVbus
 .text.USB_GetHostSpeed
                0x000000000800977e       0x2e ./Drivers/STM32F4xx_HAL_Driver/Src/stm32f4xx_ll_usb.o
                0x000000000800977e                USB_GetHostSpeed
 .text.USB_GetCurrentFrame
                0x00000000080097ac       0x22 ./Drivers/STM32F4xx_HAL_Driver/Src/stm32f4xx_ll_usb.o
                0x00000000080097ac                USB_GetCurrentFrame
 *fill*         0x00000000080097ce        0x2 
 .text.USB_HC_Init
                0x00000000080097d0      0x244 ./Drivers/STM32F4xx_HAL_Driver/Src/stm32f4xx_ll_usb.o
                0x00000000080097d0                USB_HC_Init
 .text.USB_HC_StartXfer
                0x0000000008009a14      0x284 ./Drivers/STM32F4xx_HAL_Driver/Src/stm32f4xx_ll_usb.o
                0x0000000008009a14                USB_HC_StartXfer
 .text.USB_HC_ReadInterrupt
                0x0000000008009c98       0x22 ./Drivers/STM32F4xx_HAL_Driver/Src/stm32f4xx_ll_usb.o
                0x0000000008009c98                USB_HC_ReadInterrupt
 .text.USB_HC_Halt
                0x0000000008009cba      0x1f8 ./Drivers/STM32F4xx_HAL_Driver/Src/stm32f4xx_ll_usb.o
                0x0000000008009cba                USB_HC_Halt
 *fill*         0x0000000008009eb2        0x2 
 .text.USB_DoPing
                0x0000000008009eb4       0x78 ./Drivers/STM32F4xx_HAL_Driver/Src/stm32f4xx_ll_usb.o
                0x0000000008009eb4                USB_DoPing
 .text.USB_StopHost
                0x0000000008009f2c      0x124 ./Drivers/STM32F4xx_HAL_Driver/Src/stm32f4xx_ll_usb.o
                0x0000000008009f2c                USB_StopHost
 .text.MX_FATFS_Init
                0x000000000800a050       0x24 ./FATFS/App/fatfs.o
                0x000000000800a050                MX_FATFS_Init
 .text.USER_initialize
                0x000000000800a074       0x50 ./FATFS/Target/user_diskio.o
                0x000000000800a074                USER_initialize
 .text.USER_status
                0x000000000800a0c4       0x2c ./FATFS/Target/user_diskio.o
                0x000000000800a0c4                USER_status
 .text.USER_read
                0x000000000800a0f0       0x78 ./FATFS/Target/user_diskio.o
                0x000000000800a0f0                USER_read
 .text.USER_write
                0x000000000800a168       0x8c ./FATFS/Target/user_diskio.o
                0x000000000800a168                USER_write
 .text.USER_ioctl
                0x000000000800a1f4       0x84 ./FATFS/Target/user_diskio.o
                0x000000000800a1f4                USER_ioctl
 .text.USBH_CDC_InterfaceInit
                0x000000000800a278      0x2ac ./Middlewares/ST/STM32_USB_Host_Library/Class/CDC/Src/usbh_cdc.o
 .text.USBH_CDC_InterfaceDeInit
                0x000000000800a524       0xb2 ./Middlewares/ST/STM32_USB_Host_Library/Class/CDC/Src/usbh_cdc.o
 .text.USBH_CDC_ClassRequest
                0x000000000800a5d6       0x3e ./Middlewares/ST/STM32_USB_Host_Library/Class/CDC/Src/usbh_cdc.o
 .text.USBH_CDC_Process
                0x000000000800a614      0x12c ./Middlewares/ST/STM32_USB_Host_Library/Class/CDC/Src/usbh_cdc.o
 .text.USBH_CDC_SOFProcess
                0x000000000800a740       0x16 ./Middlewares/ST/STM32_USB_Host_Library/Class/CDC/Src/usbh_cdc.o
 .text.GetLineCoding
                0x000000000800a756       0x3e ./Middlewares/ST/STM32_USB_Host_Library/Class/CDC/Src/usbh_cdc.o
 .text.SetLineCoding
                0x000000000800a794       0x3e ./Middlewares/ST/STM32_USB_Host_Library/Class/CDC/Src/usbh_cdc.o
 .text.CDC_ProcessTransmission
                0x000000000800a7d2       0xec ./Middlewares/ST/STM32_USB_Host_Library/Class/CDC/Src/usbh_cdc.o
 .text.CDC_ProcessReception
                0x000000000800a8be       0xb6 ./Middlewares/ST/STM32_USB_Host_Library/Class/CDC/Src/usbh_cdc.o
 .text.USBH_CDC_TransmitCallback
                0x000000000800a974       0x14 ./Middlewares/ST/STM32_USB_Host_Library/Class/CDC/Src/usbh_cdc.o
                0x000000000800a974                USBH_CDC_TransmitCallback
 .text.USBH_CDC_ReceiveCallback
                0x000000000800a988       0x14 ./Middlewares/ST/STM32_USB_Host_Library/Class/CDC/Src/usbh_cdc.o
                0x000000000800a988                USBH_CDC_ReceiveCallback
 .text.USBH_CDC_LineCodingChanged
                0x000000000800a99c       0x14 ./Middlewares/ST/STM32_USB_Host_Library/Class/CDC/Src/usbh_cdc.o
                0x000000000800a99c                USBH_CDC_LineCodingChanged
 .text.USBH_Init
                0x000000000800a9b0       0x74 ./Middlewares/ST/STM32_USB_Host_Library/Core/Src/usbh_core.o
                0x000000000800a9b0                USBH_Init
 .text.DeInitStateMachine
                0x000000000800aa24       0xa8 ./Middlewares/ST/STM32_USB_Host_Library/Core/Src/usbh_core.o
 .text.USBH_RegisterClass
                0x000000000800aacc       0x54 ./Middlewares/ST/STM32_USB_Host_Library/Core/Src/usbh_core.o
                0x000000000800aacc                USBH_RegisterClass
 .text.USBH_SelectInterface
                0x000000000800ab20       0x38 ./Middlewares/ST/STM32_USB_Host_Library/Core/Src/usbh_core.o
                0x000000000800ab20                USBH_SelectInterface
 .text.USBH_FindInterface
                0x000000000800ab58       0x8c ./Middlewares/ST/STM32_USB_Host_Library/Core/Src/usbh_core.o
                0x000000000800ab58                USBH_FindInterface
 .text.USBH_Start
                0x000000000800abe4       0x20 ./Middlewares/ST/STM32_USB_Host_Library/Core/Src/usbh_core.o
                0x000000000800abe4                USBH_Start
 .text.USBH_Process
                0x000000000800ac04      0x3d8 ./Middlewares/ST/STM32_USB_Host_Library/Core/Src/usbh_core.o
                0x000000000800ac04                USBH_Process
 .text.USBH_HandleEnum
                0x000000000800afdc      0x3c8 ./Middlewares/ST/STM32_USB_Host_Library/Core/Src/usbh_core.o
 .text.USBH_LL_SetTimer
                0x000000000800b3a4       0x1e ./Middlewares/ST/STM32_USB_Host_Library/Core/Src/usbh_core.o
                0x000000000800b3a4                USBH_LL_SetTimer
 .text.USBH_LL_IncTimer
                0x000000000800b3c2       0x24 ./Middlewares/ST/STM32_USB_Host_Library/Core/Src/usbh_core.o
                0x000000000800b3c2                USBH_LL_IncTimer
 .text.USBH_HandleSof
                0x000000000800b3e6       0x30 ./Middlewares/ST/STM32_USB_Host_Library/Core/Src/usbh_core.o
 .text.USBH_LL_PortEnabled
                0x000000000800b416       0x1c ./Middlewares/ST/STM32_USB_Host_Library/Core/Src/usbh_core.o
                0x000000000800b416                USBH_LL_PortEnabled
 .text.USBH_LL_PortDisabled
                0x000000000800b432       0x1c ./Middlewares/ST/STM32_USB_Host_Library/Core/Src/usbh_core.o
                0x000000000800b432                USBH_LL_PortDisabled
 .text.USBH_LL_Connect
                0x000000000800b44e       0x2e ./Middlewares/ST/STM32_USB_Host_Library/Core/Src/usbh_core.o
                0x000000000800b44e                USBH_LL_Connect
 .text.USBH_LL_Disconnect
                0x000000000800b47c       0x48 ./Middlewares/ST/STM32_USB_Host_Library/Core/Src/usbh_core.o
                0x000000000800b47c                USBH_LL_Disconnect
 .text.USBH_Get_DevDesc
                0x000000000800b4c4       0x50 ./Middlewares/ST/STM32_USB_Host_Library/Core/Src/usbh_ctlreq.o
                0x000000000800b4c4                USBH_Get_DevDesc
 .text.USBH_Get_CfgDesc
                0x000000000800b514       0x48 ./Middlewares/ST/STM32_USB_Host_Library/Core/Src/usbh_ctlreq.o
                0x000000000800b514                USBH_Get_CfgDesc
 .text.USBH_Get_StringDesc
                0x000000000800b55c       0x56 ./Middlewares/ST/STM32_USB_Host_Library/Core/Src/usbh_ctlreq.o
                0x000000000800b55c                USBH_Get_StringDesc
 .text.USBH_GetDescriptor
                0x000000000800b5b2       0x6a ./Middlewares/ST/STM32_USB_Host_Library/Core/Src/usbh_ctlreq.o
                0x000000000800b5b2                USBH_GetDescriptor
 .text.USBH_SetAddress
                0x000000000800b61c       0x48 ./Middlewares/ST/STM32_USB_Host_Library/Core/Src/usbh_ctlreq.o
                0x000000000800b61c                USBH_SetAddress
 .text.USBH_SetCfg
                0x000000000800b664       0x46 ./Middlewares/ST/STM32_USB_Host_Library/Core/Src/usbh_ctlreq.o
                0x000000000800b664                USBH_SetCfg
 .text.USBH_SetFeature
                0x000000000800b6aa       0x48 ./Middlewares/ST/STM32_USB_Host_Library/Core/Src/usbh_ctlreq.o
                0x000000000800b6aa                USBH_SetFeature
 .text.USBH_ClrFeature
                0x000000000800b6f2       0x48 ./Middlewares/ST/STM32_USB_Host_Library/Core/Src/usbh_ctlreq.o
                0x000000000800b6f2                USBH_ClrFeature
 .text.USBH_ParseDevDesc
                0x000000000800b73a      0x122 ./Middlewares/ST/STM32_USB_Host_Library/Core/Src/usbh_ctlreq.o
 .text.USBH_ParseCfgDesc
                0x000000000800b85c      0x1ec ./Middlewares/ST/STM32_USB_Host_Library/Core/Src/usbh_ctlreq.o
 .text.USBH_ParseInterfaceDesc
                0x000000000800ba48       0x5e ./Middlewares/ST/STM32_USB_Host_Library/Core/Src/usbh_ctlreq.o
 .text.USBH_ParseEPDesc
                0x000000000800baa6      0x14a ./Middlewares/ST/STM32_USB_Host_Library/Core/Src/usbh_ctlreq.o
 .text.USBH_ParseStringDesc
                0x000000000800bbf0       0x66 ./Middlewares/ST/STM32_USB_Host_Library/Core/Src/usbh_ctlreq.o
 .text.USBH_GetNextDesc
                0x000000000800bc56       0x36 ./Middlewares/ST/STM32_USB_Host_Library/Core/Src/usbh_ctlreq.o
                0x000000000800bc56                USBH_GetNextDesc
 .text.USBH_CtlReq
                0x000000000800bc8c       0x7a ./Middlewares/ST/STM32_USB_Host_Library/Core/Src/usbh_ctlreq.o
                0x000000000800bc8c                USBH_CtlReq
 *fill*         0x000000000800bd06        0x2 
 .text.USBH_HandleControl
                0x000000000800bd08      0x2e8 ./Middlewares/ST/STM32_USB_Host_Library/Core/Src/usbh_ctlreq.o
 .text.USBH_CtlSendSetup
                0x000000000800bff0       0x34 ./Middlewares/ST/STM32_USB_Host_Library/Core/Src/usbh_ioreq.o
                0x000000000800bff0                USBH_CtlSendSetup
 .text.USBH_CtlSendData
                0x000000000800c024       0x4a ./Middlewares/ST/STM32_USB_Host_Library/Core/Src/usbh_ioreq.o
                0x000000000800c024                USBH_CtlSendData
 .text.USBH_CtlReceiveData
                0x000000000800c06e       0x3c ./Middlewares/ST/STM32_USB_Host_Library/Core/Src/usbh_ioreq.o
                0x000000000800c06e                USBH_CtlReceiveData
 .text.USBH_BulkSendData
                0x000000000800c0aa       0x4a ./Middlewares/ST/STM32_USB_Host_Library/Core/Src/usbh_ioreq.o
                0x000000000800c0aa                USBH_BulkSendData
 .text.USBH_BulkReceiveData
                0x000000000800c0f4       0x3c ./Middlewares/ST/STM32_USB_Host_Library/Core/Src/usbh_ioreq.o
                0x000000000800c0f4                USBH_BulkReceiveData
 .text.USBH_OpenPipe
                0x000000000800c130       0x3e ./Middlewares/ST/STM32_USB_Host_Library/Core/Src/usbh_pipes.o
                0x000000000800c130                USBH_OpenPipe
 .text.USBH_ClosePipe
                0x000000000800c16e       0x20 ./Middlewares/ST/STM32_USB_Host_Library/Core/Src/usbh_pipes.o
                0x000000000800c16e                USBH_ClosePipe
 .text.USBH_AllocPipe
                0x000000000800c18e       0x42 ./Middlewares/ST/STM32_USB_Host_Library/Core/Src/usbh_pipes.o
                0x000000000800c18e                USBH_AllocPipe
 .text.USBH_FreePipe
                0x000000000800c1d0       0x3c ./Middlewares/ST/STM32_USB_Host_Library/Core/Src/usbh_pipes.o
                0x000000000800c1d0                USBH_FreePipe
 .text.USBH_GetFreePipe
                0x000000000800c20c       0x48 ./Middlewares/ST/STM32_USB_Host_Library/Core/Src/usbh_pipes.o
 .text.FATFS_LinkDriverEx
                0x000000000800c254       0x98 ./Middlewares/Third_Party/FatFs/src/ff_gen_drv.o
                0x000000000800c254                FATFS_LinkDriverEx
 .text.FATFS_LinkDriver
                0x000000000800c2ec       0x1e ./Middlewares/Third_Party/FatFs/src/ff_gen_drv.o
                0x000000000800c2ec                FATFS_LinkDriver
 *fill*         0x000000000800c30a        0x2 
 .text.MX_USB_HOST_Init
                0x000000000800c30c       0x4c ./USB_HOST/App/usb_host.o
                0x000000000800c30c                MX_USB_HOST_Init
 .text.MX_USB_HOST_Process
                0x000000000800c358       0x14 ./USB_HOST/App/usb_host.o
                0x000000000800c358                MX_USB_HOST_Process
 .text.USBH_UserProcess
                0x000000000800c36c       0x5c ./USB_HOST/App/usb_host.o
 .text.HAL_HCD_MspInit
                0x000000000800c3c8       0xc4 ./USB_HOST/Target/usbh_conf.o
                0x000000000800c3c8                HAL_HCD_MspInit
 .text.HAL_HCD_SOF_Callback
                0x000000000800c48c       0x1c ./USB_HOST/Target/usbh_conf.o
                0x000000000800c48c                HAL_HCD_SOF_Callback
 .text.HAL_HCD_Connect_Callback
                0x000000000800c4a8       0x1c ./USB_HOST/Target/usbh_conf.o
                0x000000000800c4a8                HAL_HCD_Connect_Callback
 .text.HAL_HCD_Disconnect_Callback
                0x000000000800c4c4       0x1c ./USB_HOST/Target/usbh_conf.o
                0x000000000800c4c4                HAL_HCD_Disconnect_Callback
 .text.HAL_HCD_HC_NotifyURBChange_Callback
                0x000000000800c4e0       0x1c ./USB_HOST/Target/usbh_conf.o
                0x000000000800c4e0                HAL_HCD_HC_NotifyURBChange_Callback
 .text.HAL_HCD_PortEnabled_Callback
                0x000000000800c4fc       0x1c ./USB_HOST/Target/usbh_conf.o
                0x000000000800c4fc                HAL_HCD_PortEnabled_Callback
 .text.HAL_HCD_PortDisabled_Callback
                0x000000000800c518       0x1c ./USB_HOST/Target/usbh_conf.o
                0x000000000800c518                HAL_HCD_PortDisabled_Callback
 .text.USBH_LL_Init
                0x000000000800c534       0x78 ./USB_HOST/Target/usbh_conf.o
                0x000000000800c534                USBH_LL_Init
 .text.USBH_LL_Start
                0x000000000800c5ac       0x36 ./USB_HOST/Target/usbh_conf.o
                0x000000000800c5ac                USBH_LL_Start
 .text.USBH_LL_Stop
                0x000000000800c5e2       0x36 ./USB_HOST/Target/usbh_conf.o
                0x000000000800c5e2                USBH_LL_Stop
 .text.USBH_LL_GetSpeed
                0x000000000800c618       0x4e ./USB_HOST/Target/usbh_conf.o
                0x000000000800c618                USBH_LL_GetSpeed
 .text.USBH_LL_ResetPort
                0x000000000800c666       0x36 ./USB_HOST/Target/usbh_conf.o
                0x000000000800c666                USBH_LL_ResetPort
 .text.USBH_LL_GetLastXferSize
                0x000000000800c69c       0x26 ./USB_HOST/Target/usbh_conf.o
                0x000000000800c69c                USBH_LL_GetLastXferSize
 .text.USBH_LL_OpenPipe
                0x000000000800c6c2       0x5e ./USB_HOST/Target/usbh_conf.o
                0x000000000800c6c2                USBH_LL_OpenPipe
 .text.USBH_LL_ClosePipe
                0x000000000800c720       0x3e ./USB_HOST/Target/usbh_conf.o
                0x000000000800c720                USBH_LL_ClosePipe
 .text.USBH_LL_SubmitURB
                0x000000000800c75e       0x62 ./USB_HOST/Target/usbh_conf.o
                0x000000000800c75e                USBH_LL_SubmitURB
 .text.USBH_LL_GetURBState
                0x000000000800c7c0       0x26 ./USB_HOST/Target/usbh_conf.o
                0x000000000800c7c0                USBH_LL_GetURBState
 .text.USBH_LL_DriverVBUS
                0x000000000800c7e6       0x2e ./USB_HOST/Target/usbh_conf.o
                0x000000000800c7e6                USBH_LL_DriverVBUS
 .text.USBH_LL_SetToggle
                0x000000000800c814       0x60 ./USB_HOST/Target/usbh_conf.o
                0x000000000800c814                USBH_LL_SetToggle
 .text.USBH_Delay
                0x000000000800c874       0x16 ./USB_HOST/Target/usbh_conf.o
                0x000000000800c874                USBH_Delay
 *fill*         0x000000000800c88a        0x2 
 .text.USBH_Get_USB_Status
                0x000000000800c88c       0x58 ./USB_HOST/Target/usbh_conf.o
                0x000000000800c88c                USBH_Get_USB_Status
 .text.MX_DriverVbusFS
                0x000000000800c8e4       0x38 ./USB_HOST/Target/usbh_platform.o
                0x000000000800c8e4                MX_DriverVbusFS
 .text.__errno  0x000000000800c91c        0xc /opt/st/stm32cubeide_1.10.1/plugins/com.st.stm32cube.ide.mcu.externaltools.gnu-tools-for-stm32.10.3-2021.10.linux64_1.0.0.202111181127/tools/bin/../lib/gcc/arm-none-eabi/10.3.1/../../../../arm-none-eabi/lib/thumb/v7e-m+fp/hard/libc_nano.a(lib_a-errno.o)
                0x000000000800c91c                __errno
 .text.__libc_init_array
                0x000000000800c928       0x48 /opt/st/stm32cubeide_1.10.1/plugins/com.st.stm32cube.ide.mcu.externaltools.gnu-tools-for-stm32.10.3-2021.10.linux64_1.0.0.202111181127/tools/bin/../lib/gcc/arm-none-eabi/10.3.1/../../../../arm-none-eabi/lib/thumb/v7e-m+fp/hard/libc_nano.a(lib_a-init.o)
                0x000000000800c928                __libc_init_array
 .text.malloc   0x000000000800c970       0x10 /opt/st/stm32cubeide_1.10.1/plugins/com.st.stm32cube.ide.mcu.externaltools.gnu-tools-for-stm32.10.3-2021.10.linux64_1.0.0.202111181127/tools/bin/../lib/gcc/arm-none-eabi/10.3.1/../../../../arm-none-eabi/lib/thumb/v7e-m+fp/hard/libc_nano.a(lib_a-malloc.o)
                0x000000000800c970                malloc
 .text.free     0x000000000800c980       0x10 /opt/st/stm32cubeide_1.10.1/plugins/com.st.stm32cube.ide.mcu.externaltools.gnu-tools-for-stm32.10.3-2021.10.linux64_1.0.0.202111181127/tools/bin/../lib/gcc/arm-none-eabi/10.3.1/../../../../arm-none-eabi/lib/thumb/v7e-m+fp/hard/libc_nano.a(lib_a-malloc.o)
                0x000000000800c980                free
 .text.memcpy   0x000000000800c990       0x1c /opt/st/stm32cubeide_1.10.1/plugins/com.st.stm32cube.ide.mcu.externaltools.gnu-tools-for-stm32.10.3-2021.10.linux64_1.0.0.202111181127/tools/bin/../lib/gcc/arm-none-eabi/10.3.1/../../../../arm-none-eabi/lib/thumb/v7e-m+fp/hard/libc_nano.a(lib_a-memcpy-stub.o)
                0x000000000800c990                memcpy
 .text.memset   0x000000000800c9ac       0x10 /opt/st/stm32cubeide_1.10.1/plugins/com.st.stm32cube.ide.mcu.externaltools.gnu-tools-for-stm32.10.3-2021.10.linux64_1.0.0.202111181127/tools/bin/../lib/gcc/arm-none-eabi/10.3.1/../../../../arm-none-eabi/lib/thumb/v7e-m+fp/hard/libc_nano.a(lib_a-memset.o)
                0x000000000800c9ac                memset
 .text._free_r  0x000000000800c9bc       0x98 /opt/st/stm32cubeide_1.10.1/plugins/com.st.stm32cube.ide.mcu.externaltools.gnu-tools-for-stm32.10.3-2021.10.linux64_1.0.0.202111181127/tools/bin/../lib/gcc/arm-none-eabi/10.3.1/../../../../arm-none-eabi/lib/thumb/v7e-m+fp/hard/libc_nano.a(lib_a-nano-freer.o)
                0x000000000800c9bc                _free_r
 .text.sbrk_aligned
                0x000000000800ca54       0x40 /opt/st/stm32cubeide_1.10.1/plugins/com.st.stm32cube.ide.mcu.externaltools.gnu-tools-for-stm32.10.3-2021.10.linux64_1.0.0.202111181127/tools/bin/../lib/gcc/arm-none-eabi/10.3.1/../../../../arm-none-eabi/lib/thumb/v7e-m+fp/hard/libc_nano.a(lib_a-nano-mallocr.o)
 .text._malloc_r
                0x000000000800ca94       0xe8 /opt/st/stm32cubeide_1.10.1/plugins/com.st.stm32cube.ide.mcu.externaltools.gnu-tools-for-stm32.10.3-2021.10.linux64_1.0.0.202111181127/tools/bin/../lib/gcc/arm-none-eabi/10.3.1/../../../../arm-none-eabi/lib/thumb/v7e-m+fp/hard/libc_nano.a(lib_a-nano-mallocr.o)
                0x000000000800ca94                _malloc_r
 .text._sbrk_r  0x000000000800cb7c       0x20 /opt/st/stm32cubeide_1.10.1/plugins/com.st.stm32cube.ide.mcu.externaltools.gnu-tools-for-stm32.10.3-2021.10.linux64_1.0.0.202111181127/tools/bin/../lib/gcc/arm-none-eabi/10.3.1/../../../../arm-none-eabi/lib/thumb/v7e-m+fp/hard/libc_nano.a(lib_a-sbrkr.o)
                0x000000000800cb7c                _sbrk_r
 .text.sprintf  0x000000000800cb9c       0x40 /opt/st/stm32cubeide_1.10.1/plugins/com.st.stm32cube.ide.mcu.externaltools.gnu-tools-for-stm32.10.3-2021.10.linux64_1.0.0.202111181127/tools/bin/../lib/gcc/arm-none-eabi/10.3.1/../../../../arm-none-eabi/lib/thumb/v7e-m+fp/hard/libc_nano.a(lib_a-sprintf.o)
                0x000000000800cb9c                sprintf
                0x000000000800cb9c                siprintf
 .text.__malloc_lock
                0x000000000800cbdc        0xc /opt/st/stm32cubeide_1.10.1/plugins/com.st.stm32cube.ide.mcu.externaltools.gnu-tools-for-stm32.10.3-2021.10.linux64_1.0.0.202111181127/tools/bin/../lib/gcc/arm-none-eabi/10.3.1/../../../../arm-none-eabi/lib/thumb/v7e-m+fp/hard/libc_nano.a(lib_a-mlock.o)
                0x000000000800cbdc                __malloc_lock
 .text.__malloc_unlock
                0x000000000800cbe8        0xc /opt/st/stm32cubeide_1.10.1/plugins/com.st.stm32cube.ide.mcu.externaltools.gnu-tools-for-stm32.10.3-2021.10.linux64_1.0.0.202111181127/tools/bin/../lib/gcc/arm-none-eabi/10.3.1/../../../../arm-none-eabi/lib/thumb/v7e-m+fp/hard/libc_nano.a(lib_a-mlock.o)
                0x000000000800cbe8                __malloc_unlock
 .text.__ssputs_r
                0x000000000800cbf4       0xb6 /opt/st/stm32cubeide_1.10.1/plugins/com.st.stm32cube.ide.mcu.externaltools.gnu-tools-for-stm32.10.3-2021.10.linux64_1.0.0.202111181127/tools/bin/../lib/gcc/arm-none-eabi/10.3.1/../../../../arm-none-eabi/lib/thumb/v7e-m+fp/hard/libc_nano.a(lib_a-nano-svfprintf.o)
                0x000000000800cbf4                __ssputs_r
 *fill*         0x000000000800ccaa        0x2 
 .text._svfprintf_r
                0x000000000800ccac      0x200 /opt/st/stm32cubeide_1.10.1/plugins/com.st.stm32cube.ide.mcu.externaltools.gnu-tools-for-stm32.10.3-2021.10.linux64_1.0.0.202111181127/tools/bin/../lib/gcc/arm-none-eabi/10.3.1/../../../../arm-none-eabi/lib/thumb/v7e-m+fp/hard/libc_nano.a(lib_a-nano-svfprintf.o)
                0x000000000800ccac                _svfprintf_r
                0x000000000800ccac                _svfiprintf_r
 .text._printf_common
                0x000000000800ceac       0xda /opt/st/stm32cubeide_1.10.1/plugins/com.st.stm32cube.ide.mcu.externaltools.gnu-tools-for-stm32.10.3-2021.10.linux64_1.0.0.202111181127/tools/bin/../lib/gcc/arm-none-eabi/10.3.1/../../../../arm-none-eabi/lib/thumb/v7e-m+fp/hard/libc_nano.a(lib_a-nano-vfprintf_i.o)
                0x000000000800ceac                _printf_common
 *fill*         0x000000000800cf86        0x2 
 .text._printf_i
                0x000000000800cf88      0x24c /opt/st/stm32cubeide_1.10.1/plugins/com.st.stm32cube.ide.mcu.externaltools.gnu-tools-for-stm32.10.3-2021.10.linux64_1.0.0.202111181127/tools/bin/../lib/gcc/arm-none-eabi/10.3.1/../../../../arm-none-eabi/lib/thumb/v7e-m+fp/hard/libc_nano.a(lib_a-nano-vfprintf_i.o)
                0x000000000800cf88                _printf_i
 .text.__retarget_lock_acquire_recursive
                0x000000000800d1d4        0x2 /opt/st/stm32cubeide_1.10.1/plugins/com.st.stm32cube.ide.mcu.externaltools.gnu-tools-for-stm32.10.3-2021.10.linux64_1.0.0.202111181127/tools/bin/../lib/gcc/arm-none-eabi/10.3.1/../../../../arm-none-eabi/lib/thumb/v7e-m+fp/hard/libc_nano.a(lib_a-lock.o)
                0x000000000800d1d4                __retarget_lock_acquire_recursive
 .text.__retarget_lock_release_recursive
                0x000000000800d1d6        0x2 /opt/st/stm32cubeide_1.10.1/plugins/com.st.stm32cube.ide.mcu.externaltools.gnu-tools-for-stm32.10.3-2021.10.linux64_1.0.0.202111181127/tools/bin/../lib/gcc/arm-none-eabi/10.3.1/../../../../arm-none-eabi/lib/thumb/v7e-m+fp/hard/libc_nano.a(lib_a-lock.o)
                0x000000000800d1d6                __retarget_lock_release_recursive
 .text.memmove  0x000000000800d1d8       0x34 /opt/st/stm32cubeide_1.10.1/plugins/com.st.stm32cube.ide.mcu.externaltools.gnu-tools-for-stm32.10.3-2021.10.linux64_1.0.0.202111181127/tools/bin/../lib/gcc/arm-none-eabi/10.3.1/../../../../arm-none-eabi/lib/thumb/v7e-m+fp/hard/libc_nano.a(lib_a-memmove.o)
                0x000000000800d1d8                memmove
 .text._realloc_r
                0x000000000800d20c       0x5e /opt/st/stm32cubeide_1.10.1/plugins/com.st.stm32cube.ide.mcu.externaltools.gnu-tools-for-stm32.10.3-2021.10.linux64_1.0.0.202111181127/tools/bin/../lib/gcc/arm-none-eabi/10.3.1/../../../../arm-none-eabi/lib/thumb/v7e-m+fp/hard/libc_nano.a(lib_a-nano-reallocr.o)
                0x000000000800d20c                _realloc_r
 .text._malloc_usable_size_r
                0x000000000800d26a       0x10 /opt/st/stm32cubeide_1.10.1/plugins/com.st.stm32cube.ide.mcu.externaltools.gnu-tools-for-stm32.10.3-2021.10.linux64_1.0.0.202111181127/tools/bin/../lib/gcc/arm-none-eabi/10.3.1/../../../../arm-none-eabi/lib/thumb/v7e-m+fp/hard/libc_nano.a(lib_a-nano-msizer.o)
                0x000000000800d26a                _malloc_usable_size_r
 *(.glue_7)
 .glue_7        0x000000000800d27a        0x0 linker stubs
 *(.glue_7t)
 .glue_7t       0x000000000800d27a        0x0 linker stubs
 *(.eh_frame)
 *fill*         0x000000000800d27a        0x2 
 .eh_frame      0x000000000800d27c        0x0 /opt/st/stm32cubeide_1.10.1/plugins/com.st.stm32cube.ide.mcu.externaltools.gnu-tools-for-stm32.10.3-2021.10.linux64_1.0.0.202111181127/tools/bin/../lib/gcc/arm-none-eabi/10.3.1/thumb/v7e-m+fp/hard/crtbegin.o
 *(.init)
 .init          0x000000000800d27c        0x4 /opt/st/stm32cubeide_1.10.1/plugins/com.st.stm32cube.ide.mcu.externaltools.gnu-tools-for-stm32.10.3-2021.10.linux64_1.0.0.202111181127/tools/bin/../lib/gcc/arm-none-eabi/10.3.1/thumb/v7e-m+fp/hard/crti.o
                0x000000000800d27c                _init
 .init          0x000000000800d280        0x8 /opt/st/stm32cubeide_1.10.1/plugins/com.st.stm32cube.ide.mcu.externaltools.gnu-tools-for-stm32.10.3-2021.10.linux64_1.0.0.202111181127/tools/bin/../lib/gcc/arm-none-eabi/10.3.1/thumb/v7e-m+fp/hard/crtn.o
 *(.fini)
 .fini          0x000000000800d288        0x4 /opt/st/stm32cubeide_1.10.1/plugins/com.st.stm32cube.ide.mcu.externaltools.gnu-tools-for-stm32.10.3-2021.10.linux64_1.0.0.202111181127/tools/bin/../lib/gcc/arm-none-eabi/10.3.1/thumb/v7e-m+fp/hard/crti.o
                0x000000000800d288                _fini
 .fini          0x000000000800d28c        0x8 /opt/st/stm32cubeide_1.10.1/plugins/com.st.stm32cube.ide.mcu.externaltools.gnu-tools-for-stm32.10.3-2021.10.linux64_1.0.0.202111181127/tools/bin/../lib/gcc/arm-none-eabi/10.3.1/thumb/v7e-m+fp/hard/crtn.o
                0x000000000800d294                . = ALIGN (0x4)
                0x000000000800d294                _etext = .

.vfp11_veneer   0x000000000800d294        0x0
 .vfp11_veneer  0x000000000800d294        0x0 linker stubs

.v4_bx          0x000000000800d294        0x0
 .v4_bx         0x000000000800d294        0x0 linker stubs

.iplt           0x000000000800d294        0x0
 .iplt          0x000000000800d294        0x0 /opt/st/stm32cubeide_1.10.1/plugins/com.st.stm32cube.ide.mcu.externaltools.gnu-tools-for-stm32.10.3-2021.10.linux64_1.0.0.202111181127/tools/bin/../lib/gcc/arm-none-eabi/10.3.1/thumb/v7e-m+fp/hard/crtbegin.o

.rodata         0x000000000800d294       0xb4
                0x000000000800d294                . = ALIGN (0x4)
 *(.rodata)
 .rodata        0x000000000800d294       0x22 ./Core/Src/main.o
 *fill*         0x000000000800d2b6        0x2 
 .rodata        0x000000000800d2b8       0x23 ./Core/Src/microSD/sd.o
 *fill*         0x000000000800d2db        0x1 
 .rodata        0x000000000800d2dc       0x12 ./FATFS/Target/user_diskio.o
 *fill*         0x000000000800d2ee        0x2 
 .rodata        0x000000000800d2f0        0x4 ./Middlewares/ST/STM32_USB_Host_Library/Class/CDC/Src/usbh_cdc.o
 *(.rodata*)
 .rodata.AHBPrescTable
                0x000000000800d2f4       0x10 ./Core/Src/system_stm32f4xx.o
                0x000000000800d2f4                AHBPrescTable
 .rodata.APBPrescTable
                0x000000000800d304        0x8 ./Core/Src/system_stm32f4xx.o
                0x000000000800d304                APBPrescTable
 .rodata.flagBitshiftOffset.0
                0x000000000800d30c        0x8 ./Drivers/STM32F4xx_HAL_Driver/Src/stm32f4xx_hal_dma.o
 .rodata._svfprintf_r.str1.1
                0x000000000800d314       0x11 /opt/st/stm32cubeide_1.10.1/plugins/com.st.stm32cube.ide.mcu.externaltools.gnu-tools-for-stm32.10.3-2021.10.linux64_1.0.0.202111181127/tools/bin/../lib/gcc/arm-none-eabi/10.3.1/../../../../arm-none-eabi/lib/thumb/v7e-m+fp/hard/libc_nano.a(lib_a-nano-svfprintf.o)
 .rodata._printf_i.str1.1
                0x000000000800d325       0x22 /opt/st/stm32cubeide_1.10.1/plugins/com.st.stm32cube.ide.mcu.externaltools.gnu-tools-for-stm32.10.3-2021.10.linux64_1.0.0.202111181127/tools/bin/../lib/gcc/arm-none-eabi/10.3.1/../../../../arm-none-eabi/lib/thumb/v7e-m+fp/hard/libc_nano.a(lib_a-nano-vfprintf_i.o)
                0x000000000800d348                . = ALIGN (0x4)
 *fill*         0x000000000800d347        0x1 

.ARM.extab      0x000000000800d348        0x0
                0x000000000800d348                . = ALIGN (0x4)
 *(.ARM.extab* .gnu.linkonce.armextab.*)
                0x000000000800d348                . = ALIGN (0x4)

.ARM            0x000000000800d348        0x8
                0x000000000800d348                . = ALIGN (0x4)
                0x000000000800d348                __exidx_start = .
 *(.ARM.exidx*)
 .ARM.exidx     0x000000000800d348        0x8 /opt/st/stm32cubeide_1.10.1/plugins/com.st.stm32cube.ide.mcu.externaltools.gnu-tools-for-stm32.10.3-2021.10.linux64_1.0.0.202111181127/tools/bin/../lib/gcc/arm-none-eabi/10.3.1/thumb/v7e-m+fp/hard/libgcc.a(_udivmoddi4.o)
                0x000000000800d350                __exidx_end = .
                0x000000000800d350                . = ALIGN (0x4)

.rel.dyn        0x000000000800d350        0x0
 .rel.iplt      0x000000000800d350        0x0 /opt/st/stm32cubeide_1.10.1/plugins/com.st.stm32cube.ide.mcu.externaltools.gnu-tools-for-stm32.10.3-2021.10.linux64_1.0.0.202111181127/tools/bin/../lib/gcc/arm-none-eabi/10.3.1/thumb/v7e-m+fp/hard/crtbegin.o

.preinit_array  0x000000000800d350        0x0
                0x000000000800d350                . = ALIGN (0x4)
                0x000000000800d350                PROVIDE (__preinit_array_start = .)
 *(.preinit_array*)
                0x000000000800d350                PROVIDE (__preinit_array_end = .)
                0x000000000800d350                . = ALIGN (0x4)

.init_array     0x000000000800d350        0x4
                0x000000000800d350                . = ALIGN (0x4)
                0x000000000800d350                PROVIDE (__init_array_start = .)
 *(SORT_BY_NAME(.init_array.*))
 *(.init_array*)
 .init_array    0x000000000800d350        0x4 /opt/st/stm32cubeide_1.10.1/plugins/com.st.stm32cube.ide.mcu.externaltools.gnu-tools-for-stm32.10.3-2021.10.linux64_1.0.0.202111181127/tools/bin/../lib/gcc/arm-none-eabi/10.3.1/thumb/v7e-m+fp/hard/crtbegin.o
                0x000000000800d354                PROVIDE (__init_array_end = .)
                0x000000000800d354                . = ALIGN (0x4)

.fini_array     0x000000000800d354        0x4
                0x000000000800d354                . = ALIGN (0x4)
                [!provide]                        PROVIDE (__fini_array_start = .)
 *(SORT_BY_NAME(.fini_array.*))
 *(.fini_array*)
 .fini_array    0x000000000800d354        0x4 /opt/st/stm32cubeide_1.10.1/plugins/com.st.stm32cube.ide.mcu.externaltools.gnu-tools-for-stm32.10.3-2021.10.linux64_1.0.0.202111181127/tools/bin/../lib/gcc/arm-none-eabi/10.3.1/thumb/v7e-m+fp/hard/crtbegin.o
                [!provide]                        PROVIDE (__fini_array_end = .)
                0x000000000800d358                . = ALIGN (0x4)
                0x000000000800d358                _sidata = LOADADDR (.data)

.data           0x0000000020000000       0xa8 load address 0x000000000800d358
                0x0000000020000000                . = ALIGN (0x4)
                0x0000000020000000                _sdata = .
 *(.data)
 *(.data*)
 .data.ARGB_BR  0x0000000020000000        0x1 ./Core/Src/light/led_stript/ARGB.o
                0x0000000020000000                ARGB_BR
 *fill*         0x0000000020000001        0x3 
 .data.SystemCoreClock
                0x0000000020000004        0x4 ./Core/Src/system_stm32f4xx.o
                0x0000000020000004                SystemCoreClock
 .data.uwTickPrio
                0x0000000020000008        0x4 ./Drivers/STM32F4xx_HAL_Driver/Src/stm32f4xx_hal.o
                0x0000000020000008                uwTickPrio
 .data.uwTickFreq
                0x000000002000000c        0x1 ./Drivers/STM32F4xx_HAL_Driver/Src/stm32f4xx_hal.o
                0x000000002000000c                uwTickFreq
 .data.Stat     0x000000002000000d        0x1 ./FATFS/Target/user_diskio.o
 *fill*         0x000000002000000e        0x2 
 .data.USER_Driver
                0x0000000020000010       0x14 ./FATFS/Target/user_diskio.o
                0x0000000020000010                USER_Driver
 .data.CDC_Class
                0x0000000020000024       0x20 ./Middlewares/ST/STM32_USB_Host_Library/Class/CDC/Src/usbh_cdc.o
                0x0000000020000024                CDC_Class
 .data._impure_ptr
                0x0000000020000044        0x4 /opt/st/stm32cubeide_1.10.1/plugins/com.st.stm32cube.ide.mcu.externaltools.gnu-tools-for-stm32.10.3-2021.10.linux64_1.0.0.202111181127/tools/bin/../lib/gcc/arm-none-eabi/10.3.1/../../../../arm-none-eabi/lib/thumb/v7e-m+fp/hard/libc_nano.a(lib_a-impure.o)
                0x0000000020000044                _impure_ptr
 .data.impure_data
                0x0000000020000048       0x60 /opt/st/stm32cubeide_1.10.1/plugins/com.st.stm32cube.ide.mcu.externaltools.gnu-tools-for-stm32.10.3-2021.10.linux64_1.0.0.202111181127/tools/bin/../lib/gcc/arm-none-eabi/10.3.1/../../../../arm-none-eabi/lib/thumb/v7e-m+fp/hard/libc_nano.a(lib_a-impure.o)
 *(.RamFunc)
 *(.RamFunc*)
                0x00000000200000a8                . = ALIGN (0x4)
                0x00000000200000a8                _edata = .
                0x000000000800d400                _siccmram = LOADADDR (.ccmram)

.igot.plt       0x00000000200000a8        0x0 load address 0x000000000800d400
 .igot.plt      0x00000000200000a8        0x0 /opt/st/stm32cubeide_1.10.1/plugins/com.st.stm32cube.ide.mcu.externaltools.gnu-tools-for-stm32.10.3-2021.10.linux64_1.0.0.202111181127/tools/bin/../lib/gcc/arm-none-eabi/10.3.1/thumb/v7e-m+fp/hard/crtbegin.o

.ccmram         0x0000000010000000        0x0 load address 0x000000000800d400
                0x0000000010000000                . = ALIGN (0x4)
                0x0000000010000000                _sccmram = .
 *(.ccmram)
 *(.ccmram*)
                0x0000000010000000                . = ALIGN (0x4)
                0x0000000010000000                _eccmram = .
                0x0000000010000000                . = ALIGN (0x4)

.bss            0x00000000200000a8      0xee4
                0x00000000200000a8                _sbss = .
                0x00000000200000a8                __bss_start__ = _sbss
 *(.bss)
 .bss           0x00000000200000a8       0x1c /opt/st/stm32cubeide_1.10.1/plugins/com.st.stm32cube.ide.mcu.externaltools.gnu-tools-for-stm32.10.3-2021.10.linux64_1.0.0.202111181127/tools/bin/../lib/gcc/arm-none-eabi/10.3.1/thumb/v7e-m+fp/hard/crtbegin.o
 *(.bss*)
 .bss.PWM_HI    0x00000000200000c4        0x1 ./Core/Src/light/led_stript/ARGB.o
                0x00000000200000c4                PWM_HI
 .bss.PWM_LO    0x00000000200000c5        0x1 ./Core/Src/light/led_stript/ARGB.o
                0x00000000200000c5                PWM_LO
 *fill*         0x00000000200000c6        0x2 
 .bss.RGB_BUF_LEFT
                0x00000000200000c8      0x154 ./Core/Src/light/led_stript/ARGB.o
                0x00000000200000c8                RGB_BUF_LEFT
 .bss.RGB_BUF_RIGHT
                0x000000002000021c      0x154 ./Core/Src/light/led_stript/ARGB.o
                0x000000002000021c                RGB_BUF_RIGHT
 .bss.PWM_BUF_LEFT
                0x0000000020000370      0x100 ./Core/Src/light/led_stript/ARGB.o
                0x0000000020000370                PWM_BUF_LEFT
 .bss.PWM_BUF_RIGHT
                0x0000000020000470      0x100 ./Core/Src/light/led_stript/ARGB.o
                0x0000000020000470                PWM_BUF_RIGHT
 .bss.BUF_COUNTER_LEFT
                0x0000000020000570        0x2 ./Core/Src/light/led_stript/ARGB.o
                0x0000000020000570                BUF_COUNTER_LEFT
 .bss.BUF_COUNTER_RIGHT
                0x0000000020000572        0x2 ./Core/Src/light/led_stript/ARGB.o
                0x0000000020000572                BUF_COUNTER_RIGHT
 .bss.ARGB_LOC_ST_LEFT
                0x0000000020000574        0x1 ./Core/Src/light/led_stript/ARGB.o
                0x0000000020000574                ARGB_LOC_ST_LEFT
 .bss.ARGB_LOC_ST_RIGHT
                0x0000000020000575        0x1 ./Core/Src/light/led_stript/ARGB.o
                0x0000000020000575                ARGB_LOC_ST_RIGHT
 *fill*         0x0000000020000576        0x2 
 .bss.hspi1     0x0000000020000578       0x58 ./Core/Src/main.o
                0x0000000020000578                hspi1
 .bss.htim2     0x00000000200005d0       0x48 ./Core/Src/main.o
                0x00000000200005d0                htim2
 .bss.htim3     0x0000000020000618       0x48 ./Core/Src/main.o
                0x0000000020000618                htim3
 .bss.htim4     0x0000000020000660       0x48 ./Core/Src/main.o
                0x0000000020000660                htim4
 .bss.htim7     0x00000000200006a8       0x48 ./Core/Src/main.o
                0x00000000200006a8                htim7
 .bss.htim8     0x00000000200006f0       0x48 ./Core/Src/main.o
                0x00000000200006f0                htim8
 .bss.hdma_tim8_ch3
                0x0000000020000738       0x60 ./Core/Src/main.o
                0x0000000020000738                hdma_tim8_ch3
 .bss.hdma_tim8_ch4_trig_com
                0x0000000020000798       0x60 ./Core/Src/main.o
                0x0000000020000798                hdma_tim8_ch4_trig_com
 .bss.huart3    0x00000000200007f8       0x44 ./Core/Src/main.o
                0x00000000200007f8                huart3
 .bss.Timer7    0x000000002000083c        0x2 ./Core/Src/main.o
                0x000000002000083c                Timer7
 .bss.uart_RX_data
                0x000000002000083e        0x1 ./Core/Src/main.o
                0x000000002000083e                uart_RX_data
 .bss.command_from_uart
                0x000000002000083f        0x1 ./Core/Src/main.o
                0x000000002000083f                command_from_uart
 .bss.__sbrk_heap_end
                0x0000000020000840        0x4 ./Core/Src/sysmem.o
 .bss.sdinfo    0x0000000020000844        0x1 ./Core/Src/microSD/sd.o
                0x0000000020000844                sdinfo
 *fill*         0x0000000020000845        0x3 
 .bss.str1      0x0000000020000848       0x3c ./Core/Src/microSD/sd.o
                0x0000000020000848                str1
 .bss.uwTick    0x0000000020000884        0x4 ./Drivers/STM32F4xx_HAL_Driver/Src/stm32f4xx_hal.o
                0x0000000020000884                uwTick
 .bss.retUSER   0x0000000020000888        0x1 ./FATFS/App/fatfs.o
                0x0000000020000888                retUSER
 *fill*         0x0000000020000889        0x3 
 .bss.USERPath  0x000000002000088c        0x4 ./FATFS/App/fatfs.o
                0x000000002000088c                USERPath
 .bss.disk      0x0000000020000890        0xc ./Middlewares/Third_Party/FatFs/src/ff_gen_drv.o
                0x0000000020000890                disk
 .bss.hUsbHostFS
                0x000000002000089c      0x3d8 ./USB_HOST/App/usb_host.o
                0x000000002000089c                hUsbHostFS
 .bss.Appli_state
                0x0000000020000c74        0x1 ./USB_HOST/App/usb_host.o
                0x0000000020000c74                Appli_state
 *fill*         0x0000000020000c75        0x3 
 .bss.hhcd_USB_OTG_FS
                0x0000000020000c78      0x304 ./USB_HOST/Target/usbh_conf.o
                0x0000000020000c78                hhcd_USB_OTG_FS
 .bss.__malloc_free_list
                0x0000000020000f7c        0x4 /opt/st/stm32cubeide_1.10.1/plugins/com.st.stm32cube.ide.mcu.externaltools.gnu-tools-for-stm32.10.3-2021.10.linux64_1.0.0.202111181127/tools/bin/../lib/gcc/arm-none-eabi/10.3.1/../../../../arm-none-eabi/lib/thumb/v7e-m+fp/hard/libc_nano.a(lib_a-nano-mallocr.o)
                0x0000000020000f7c                __malloc_free_list
 .bss.__malloc_sbrk_start
                0x0000000020000f80        0x4 /opt/st/stm32cubeide_1.10.1/plugins/com.st.stm32cube.ide.mcu.externaltools.gnu-tools-for-stm32.10.3-2021.10.linux64_1.0.0.202111181127/tools/bin/../lib/gcc/arm-none-eabi/10.3.1/../../../../arm-none-eabi/lib/thumb/v7e-m+fp/hard/libc_nano.a(lib_a-nano-mallocr.o)
                0x0000000020000f80                __malloc_sbrk_start
 .bss.errno     0x0000000020000f84        0x4 /opt/st/stm32cubeide_1.10.1/plugins/com.st.stm32cube.ide.mcu.externaltools.gnu-tools-for-stm32.10.3-2021.10.linux64_1.0.0.202111181127/tools/bin/../lib/gcc/arm-none-eabi/10.3.1/../../../../arm-none-eabi/lib/thumb/v7e-m+fp/hard/libc_nano.a(lib_a-reent.o)
                0x0000000020000f84                errno
 .bss.__lock___malloc_recursive_mutex
                0x0000000020000f88        0x1 /opt/st/stm32cubeide_1.10.1/plugins/com.st.stm32cube.ide.mcu.externaltools.gnu-tools-for-stm32.10.3-2021.10.linux64_1.0.0.202111181127/tools/bin/../lib/gcc/arm-none-eabi/10.3.1/../../../../arm-none-eabi/lib/thumb/v7e-m+fp/hard/libc_nano.a(lib_a-lock.o)
                0x0000000020000f88                __lock___malloc_recursive_mutex
 *(COMMON)
                0x0000000020000f8c                . = ALIGN (0x4)
 *fill*         0x0000000020000f89        0x3 
                0x0000000020000f8c                _ebss = .
                0x0000000020000f8c                __bss_end__ = _ebss

._user_heap_stack
                0x0000000020000f8c      0x604
                0x0000000020000f90                . = ALIGN (0x8)
 *fill*         0x0000000020000f8c        0x4 
                [!provide]                        PROVIDE (end = .)
                0x0000000020000f90                PROVIDE (_end = .)
                0x0000000020001190                . = (. + _Min_Heap_Size)
 *fill*         0x0000000020000f90      0x200 
                0x0000000020001590                . = (. + _Min_Stack_Size)
 *fill*         0x0000000020001190      0x400 
                0x0000000020001590                . = ALIGN (0x8)

/DISCARD/
 libc.a(*)
 libm.a(*)
 libgcc.a(*)

.ARM.attributes
                0x0000000000000000       0x30
 *(.ARM.attributes)
 .ARM.attributes
                0x0000000000000000       0x1e /opt/st/stm32cubeide_1.10.1/plugins/com.st.stm32cube.ide.mcu.externaltools.gnu-tools-for-stm32.10.3-2021.10.linux64_1.0.0.202111181127/tools/bin/../lib/gcc/arm-none-eabi/10.3.1/thumb/v7e-m+fp/hard/crti.o
 .ARM.attributes
                0x000000000000001e       0x34 /opt/st/stm32cubeide_1.10.1/plugins/com.st.stm32cube.ide.mcu.externaltools.gnu-tools-for-stm32.10.3-2021.10.linux64_1.0.0.202111181127/tools/bin/../lib/gcc/arm-none-eabi/10.3.1/thumb/v7e-m+fp/hard/crtbegin.o
 .ARM.attributes
                0x0000000000000052       0x34 ./Core/Src/light/led_stript/ARGB.o
 .ARM.attributes
                0x0000000000000086       0x34 ./Core/Src/light/led_stript/control.o
 .ARM.attributes
                0x00000000000000ba       0x34 ./Core/Src/main.o
 .ARM.attributes
                0x00000000000000ee       0x34 ./Core/Src/stm32f4xx_hal_msp.o
 .ARM.attributes
                0x0000000000000122       0x34 ./Core/Src/stm32f4xx_it.o
 .ARM.attributes
                0x0000000000000156       0x34 ./Core/Src/sysmem.o
 .ARM.attributes
                0x000000000000018a       0x34 ./Core/Src/system_stm32f4xx.o
 .ARM.attributes
                0x00000000000001be       0x34 ./Core/Src/microSD/sd.o
 .ARM.attributes
                0x00000000000001f2       0x21 ./Core/Startup/startup_stm32f407vgtx.o
 .ARM.attributes
                0x0000000000000213       0x34 ./Drivers/STM32F4xx_HAL_Driver/Src/stm32f4xx_hal.o
 .ARM.attributes
                0x0000000000000247       0x34 ./Drivers/STM32F4xx_HAL_Driver/Src/stm32f4xx_hal_cortex.o
 .ARM.attributes
                0x000000000000027b       0x34 ./Drivers/STM32F4xx_HAL_Driver/Src/stm32f4xx_hal_dma.o
 .ARM.attributes
                0x00000000000002af       0x34 ./Drivers/STM32F4xx_HAL_Driver/Src/stm32f4xx_hal_gpio.o
 .ARM.attributes
                0x00000000000002e3       0x34 ./Drivers/STM32F4xx_HAL_Driver/Src/stm32f4xx_hal_hcd.o
 .ARM.attributes
                0x0000000000000317       0x34 ./Drivers/STM32F4xx_HAL_Driver/Src/stm32f4xx_hal_rcc.o
 .ARM.attributes
                0x000000000000034b       0x34 ./Drivers/STM32F4xx_HAL_Driver/Src/stm32f4xx_hal_spi.o
 .ARM.attributes
                0x000000000000037f       0x34 ./Drivers/STM32F4xx_HAL_Driver/Src/stm32f4xx_hal_tim.o
 .ARM.attributes
                0x00000000000003b3       0x34 ./Drivers/STM32F4xx_HAL_Driver/Src/stm32f4xx_hal_tim_ex.o
 .ARM.attributes
                0x00000000000003e7       0x34 ./Drivers/STM32F4xx_HAL_Driver/Src/stm32f4xx_hal_uart.o
 .ARM.attributes
                0x000000000000041b       0x34 ./Drivers/STM32F4xx_HAL_Driver/Src/stm32f4xx_ll_usb.o
 .ARM.attributes
                0x000000000000044f       0x34 ./FATFS/App/fatfs.o
 .ARM.attributes
                0x0000000000000483       0x34 ./FATFS/Target/user_diskio.o
 .ARM.attributes
                0x00000000000004b7       0x34 ./Middlewares/ST/STM32_USB_Host_Library/Class/CDC/Src/usbh_cdc.o
 .ARM.attributes
                0x00000000000004eb       0x34 ./Middlewares/ST/STM32_USB_Host_Library/Core/Src/usbh_core.o
 .ARM.attributes
                0x000000000000051f       0x34 ./Middlewares/ST/STM32_USB_Host_Library/Core/Src/usbh_ctlreq.o
 .ARM.attributes
                0x0000000000000553       0x34 ./Middlewares/ST/STM32_USB_Host_Library/Core/Src/usbh_ioreq.o
 .ARM.attributes
                0x0000000000000587       0x34 ./Middlewares/ST/STM32_USB_Host_Library/Core/Src/usbh_pipes.o
 .ARM.attributes
                0x00000000000005bb       0x34 ./Middlewares/Third_Party/FatFs/src/ff_gen_drv.o
 .ARM.attributes
                0x00000000000005ef       0x34 ./USB_HOST/App/usb_host.o
 .ARM.attributes
                0x0000000000000623       0x34 ./USB_HOST/Target/usbh_conf.o
 .ARM.attributes
                0x0000000000000657       0x34 ./USB_HOST/Target/usbh_platform.o
 .ARM.attributes
                0x000000000000068b       0x34 /opt/st/stm32cubeide_1.10.1/plugins/com.st.stm32cube.ide.mcu.externaltools.gnu-tools-for-stm32.10.3-2021.10.linux64_1.0.0.202111181127/tools/bin/../lib/gcc/arm-none-eabi/10.3.1/../../../../arm-none-eabi/lib/thumb/v7e-m+fp/hard/libc_nano.a(lib_a-errno.o)
 .ARM.attributes
                0x00000000000006bf       0x34 /opt/st/stm32cubeide_1.10.1/plugins/com.st.stm32cube.ide.mcu.externaltools.gnu-tools-for-stm32.10.3-2021.10.linux64_1.0.0.202111181127/tools/bin/../lib/gcc/arm-none-eabi/10.3.1/../../../../arm-none-eabi/lib/thumb/v7e-m+fp/hard/libc_nano.a(lib_a-impure.o)
 .ARM.attributes
                0x00000000000006f3       0x34 /opt/st/stm32cubeide_1.10.1/plugins/com.st.stm32cube.ide.mcu.externaltools.gnu-tools-for-stm32.10.3-2021.10.linux64_1.0.0.202111181127/tools/bin/../lib/gcc/arm-none-eabi/10.3.1/../../../../arm-none-eabi/lib/thumb/v7e-m+fp/hard/libc_nano.a(lib_a-init.o)
 .ARM.attributes