Archive member included to satisfy reference by file (symbol)

/opt/st/stm32cubeide_1.10.1/plugins/com.st.stm32cube.ide.mcu.externaltools.gnu-tools-for-stm32.10.3-2021.10.linux64_1.0.0.202111181127/tools/bin/../lib/gcc/arm-none-eabi/10.3.1/../../../../arm-none-eabi/lib/thumb/v7e-m+fp/hard/libc_nano.a(lib_a-errno.o)
                              ./Core/Src/syscalls.o (__errno)
/opt/st/stm32cubeide_1.10.1/plugins/com.st.stm32cube.ide.mcu.externaltools.gnu-tools-for-stm32.10.3-2021.10.linux64_1.0.0.202111181127/tools/bin/../lib/gcc/arm-none-eabi/10.3.1/../../../../arm-none-eabi/lib/thumb/v7e-m+fp/hard/libc_nano.a(lib_a-exit.o)
                              /opt/st/stm32cubeide_1.10.1/plugins/com.st.stm32cube.ide.mcu.externaltools.gnu-tools-for-stm32.10.3-2021.10.linux64_1.0.0.202111181127/tools/bin/../lib/gcc/arm-none-eabi/10.3.1/../../../../arm-none-eabi/lib/thumb/v7e-m+fp/hard/crt0.o (exit)
/opt/st/stm32cubeide_1.10.1/plugins/com.st.stm32cube.ide.mcu.externaltools.gnu-tools-for-stm32.10.3-2021.10.linux64_1.0.0.202111181127/tools/bin/../lib/gcc/arm-none-eabi/10.3.1/../../../../arm-none-eabi/lib/thumb/v7e-m+fp/hard/libc_nano.a(lib_a-impure.o)
                              /opt/st/stm32cubeide_1.10.1/plugins/com.st.stm32cube.ide.mcu.externaltools.gnu-tools-for-stm32.10.3-2021.10.linux64_1.0.0.202111181127/tools/bin/../lib/gcc/arm-none-eabi/10.3.1/../../../../arm-none-eabi/lib/thumb/v7e-m+fp/hard/libc_nano.a(lib_a-exit.o) (_global_impure_ptr)
/opt/st/stm32cubeide_1.10.1/plugins/com.st.stm32cube.ide.mcu.externaltools.gnu-tools-for-stm32.10.3-2021.10.linux64_1.0.0.202111181127/tools/bin/../lib/gcc/arm-none-eabi/10.3.1/../../../../arm-none-eabi/lib/thumb/v7e-m+fp/hard/libc_nano.a(lib_a-init.o)
                              /opt/st/stm32cubeide_1.10.1/plugins/com.st.stm32cube.ide.mcu.externaltools.gnu-tools-for-stm32.10.3-2021.10.linux64_1.0.0.202111181127/tools/bin/../lib/gcc/arm-none-eabi/10.3.1/../../../../arm-none-eabi/lib/thumb/v7e-m+fp/hard/crt0.o (__libc_init_array)
/opt/st/stm32cubeide_1.10.1/plugins/com.st.stm32cube.ide.mcu.externaltools.gnu-tools-for-stm32.10.3-2021.10.linux64_1.0.0.202111181127/tools/bin/../lib/gcc/arm-none-eabi/10.3.1/../../../../arm-none-eabi/lib/thumb/v7e-m+fp/hard/libc_nano.a(lib_a-malloc.o)
                              ./Middlewares/ST/STM32_USB_Host_Library/Class/CDC/Src/usbh_cdc.o (malloc)
/opt/st/stm32cubeide_1.10.1/plugins/com.st.stm32cube.ide.mcu.externaltools.gnu-tools-for-stm32.10.3-2021.10.linux64_1.0.0.202111181127/tools/bin/../lib/gcc/arm-none-eabi/10.3.1/../../../../arm-none-eabi/lib/thumb/v7e-m+fp/hard/libc_nano.a(lib_a-memset.o)
                              /opt/st/stm32cubeide_1.10.1/plugins/com.st.stm32cube.ide.mcu.externaltools.gnu-tools-for-stm32.10.3-2021.10.linux64_1.0.0.202111181127/tools/bin/../lib/gcc/arm-none-eabi/10.3.1/../../../../arm-none-eabi/lib/thumb/v7e-m+fp/hard/crt0.o (memset)
/opt/st/stm32cubeide_1.10.1/plugins/com.st.stm32cube.ide.mcu.externaltools.gnu-tools-for-stm32.10.3-2021.10.linux64_1.0.0.202111181127/tools/bin/../lib/gcc/arm-none-eabi/10.3.1/../../../../arm-none-eabi/lib/thumb/v7e-m+fp/hard/libc_nano.a(lib_a-nano-freer.o)
                              /opt/st/stm32cubeide_1.10.1/plugins/com.st.stm32cube.ide.mcu.externaltools.gnu-tools-for-stm32.10.3-2021.10.linux64_1.0.0.202111181127/tools/bin/../lib/gcc/arm-none-eabi/10.3.1/../../../../arm-none-eabi/lib/thumb/v7e-m+fp/hard/libc_nano.a(lib_a-malloc.o) (_free_r)
/opt/st/stm32cubeide_1.10.1/plugins/com.st.stm32cube.ide.mcu.externaltools.gnu-tools-for-stm32.10.3-2021.10.linux64_1.0.0.202111181127/tools/bin/../lib/gcc/arm-none-eabi/10.3.1/../../../../arm-none-eabi/lib/thumb/v7e-m+fp/hard/libc_nano.a(lib_a-nano-mallocr.o)
                              /opt/st/stm32cubeide_1.10.1/plugins/com.st.stm32cube.ide.mcu.externaltools.gnu-tools-for-stm32.10.3-2021.10.linux64_1.0.0.202111181127/tools/bin/../lib/gcc/arm-none-eabi/10.3.1/../../../../arm-none-eabi/lib/thumb/v7e-m+fp/hard/libc_nano.a(lib_a-malloc.o) (_malloc_r)
/opt/st/stm32cubeide_1.10.1/plugins/com.st.stm32cube.ide.mcu.externaltools.gnu-tools-for-stm32.10.3-2021.10.linux64_1.0.0.202111181127/tools/bin/../lib/gcc/arm-none-eabi/10.3.1/../../../../arm-none-eabi/lib/thumb/v7e-m+fp/hard/libc_nano.a(lib_a-sbrkr.o)
                              /opt/st/stm32cubeide_1.10.1/plugins/com.st.stm32cube.ide.mcu.externaltools.gnu-tools-for-stm32.10.3-2021.10.linux64_1.0.0.202111181127/tools/bin/../lib/gcc/arm-none-eabi/10.3.1/../../../../arm-none-eabi/lib/thumb/v7e-m+fp/hard/libc_nano.a(lib_a-nano-mallocr.o) (_sbrk_r)
/opt/st/stm32cubeide_1.10.1/plugins/com.st.stm32cube.ide.mcu.externaltools.gnu-tools-for-stm32.10.3-2021.10.linux64_1.0.0.202111181127/tools/bin/../lib/gcc/arm-none-eabi/10.3.1/../../../../arm-none-eabi/lib/thumb/v7e-m+fp/hard/libc_nano.a(lib_a-sprintf.o)
                              ./Core/Src/main.o (sprintf)
[...]
Memory Configuration

Name             Origin             Length             Attributes
CCMRAM           0x0000000010000000 0x0000000000010000 xrw
RAM              0x0000000020000000 0x0000000000020000 xrw
FLASH            0x0000000008000000 0x0000000000100000 xr
*default*        0x0000000000000000 0xffffffffffffffff

Linker script and memory map

LOAD /opt/st/stm32cubeide_1.10.1/plugins/com.st.stm32cube.ide.mcu.externaltools.gnu-tools-for-stm32.10.3-2021.10.linux64_1.0.0.202111181127/tools/bin/../lib/gcc/arm-none-eabi/10.3.1/thumb/v7e-m+fp/hard/crti.o
LOAD /opt/st/stm32cubeide_1.10.1/plugins/com.st.stm32cube.ide.mcu.externaltools.gnu-tools-for-stm32.10.3-2021.10.linux64_1.0.0.202111181127/tools/bin/../lib/gcc/arm-none-eabi/10.3.1/thumb/v7e-m+fp/hard/crtbegin.o
LOAD /opt/st/stm32cubeide_1.10.1/plugins/com.st.stm32cube.ide.mcu.externaltools.gnu-tools-for-stm32.10.3-2021.10.linux64_1.0.0.202111181127/tools/bin/../lib/gcc/arm-none-eabi/10.3.1/../../../../arm-none-eabi/lib/thumb/v7e-m+fp/hard/crt0.o
LOAD ./Core/Src/light/led_stop/stop_light.o
LOAD ./Core/Src/light/led_stript/ARGB.o
LOAD ./Core/Src/light/led_stript/control.o
LOAD ./Core/Src/main.o
LOAD ./Core/Src/stm32f4xx_hal_msp.o
LOAD ./Core/Src/stm32f4xx_it.o
LOAD ./Core/Src/syscalls.o
LOAD ./Core/Src/sysmem.o
LOAD ./Core/Src/system_stm32f4xx.o
LOAD ./Core/Src/microSD/file_system.o
LOAD ./Core/Src/microSD/sd_spi.o
LOAD ./Core/Startup/startup_stm32f407vgtx.o
LOAD ./Drivers/STM32F4xx_HAL_Driver/Src/stm32f4xx_hal.o
LOAD ./Drivers/STM32F4xx_HAL_Driver/Src/stm32f4xx_hal_cortex.o
LOAD ./Drivers/STM32F4xx_HAL_Driver/Src/stm32f4xx_hal_dma.o
LOAD ./Drivers/STM32F4xx_HAL_Driver/Src/stm32f4xx_hal_dma_ex.o
LOAD ./Drivers/STM32F4xx_HAL_Driver/Src/stm32f4xx_hal_exti.o
LOAD ./Drivers/STM32F4xx_HAL_Driver/Src/stm32f4xx_hal_flash.o
LOAD ./Drivers/STM32F4xx_HAL_Driver/Src/stm32f4xx_hal_flash_ex.o
LOAD ./Drivers/STM32F4xx_HAL_Driver/Src/stm32f4xx_hal_flash_ramfunc.o
LOAD ./Drivers/STM32F4xx_HAL_Driver/Src/stm32f4xx_hal_gpio.o
LOAD ./Drivers/STM32F4xx_HAL_Driver/Src/stm32f4xx_hal_hcd.o
LOAD ./Drivers/STM32F4xx_HAL_Driver/Src/stm32f4xx_hal_pwr.o
LOAD ./Drivers/STM32F4xx_HAL_Driver/Src/stm32f4xx_hal_pwr_ex.o
LOAD ./Drivers/STM32F4xx_HAL_Driver/Src/stm32f4xx_hal_rcc.o
LOAD ./Drivers/STM32F4xx_HAL_Driver/Src/stm32f4xx_hal_rcc_ex.o
LOAD ./Drivers/STM32F4xx_HAL_Driver/Src/stm32f4xx_hal_spi.o
LOAD ./Drivers/STM32F4xx_HAL_Driver/Src/stm32f4xx_hal_tim.o
LOAD ./Drivers/STM32F4xx_HAL_Driver/Src/stm32f4xx_hal_tim_ex.o
LOAD ./Drivers/STM32F4xx_HAL_Driver/Src/stm32f4xx_hal_uart.o
LOAD ./Drivers/STM32F4xx_HAL_Driver/Src/stm32f4xx_ll_usb.o
LOAD ./FATFS/App/fatfs.o
LOAD ./FATFS/Target/user_diskio.o
LOAD ./Middlewares/ST/STM32_USB_Host_Library/Class/CDC/Src/usbh_cdc.o
LOAD ./Middlewares/ST/STM32_USB_Host_Library/Core/Src/usbh_core.o
LOAD ./Middlewares/ST/STM32_USB_Host_Library/Core/Src/usbh_ctlreq.o
LOAD ./Middlewares/ST/STM32_USB_Host_Library/Core/Src/usbh_ioreq.o
LOAD ./Middlewares/ST/STM32_USB_Host_Library/Core/Src/usbh_pipes.o
LOAD ./Middlewares/Third_Party/FatFs/src/diskio.o
LOAD ./Middlewares/Third_Party/FatFs/src/ff.o
LOAD ./Middlewares/Third_Party/FatFs/src/ff_gen_drv.o
LOAD ./Middlewares/Third_Party/FatFs/src/option/ccsbcs.o
LOAD ./Middlewares/Third_Party/FatFs/src/option/syscall.o
LOAD ./USB_HOST/App/usb_host.o
LOAD ./USB_HOST/Target/usbh_conf.o
LOAD ./USB_HOST/Target/usbh_platform.o
START GROUP
LOAD /opt/st/stm32cubeide_1.10.1/plugins/com.st.stm32cube.ide.mcu.externaltools.gnu-tools-for-stm32.10.3-2021.10.linux64_1.0.0.202111181127/tools/bin/../lib/gcc/arm-none-eabi/10.3.1/../../../../arm-none-eabi/lib/thumb/v7e-m+fp/hard/libc_nano.a
LOAD /opt/st/stm32cubeide_1.10.1/plugins/com.st.stm32cube.ide.mcu.externaltools.gnu-tools-for-stm32.10.3-2021.10.linux64_1.0.0.202111181127/tools/bin/../lib/gcc/arm-none-eabi/10.3.1/../../../../arm-none-eabi/lib/thumb/v7e-m+fp/hard/libm.a
END GROUP
START GROUP
LOAD /opt/st/stm32cubeide_1.10.1/plugins/com.st.stm32cube.ide.mcu.externaltools.gnu-tools-for-stm32.10.3-2021.10.linux64_1.0.0.202111181127/tools/bin/../lib/gcc/arm-none-eabi/10.3.1/thumb/v7e-m+fp/hard/libgcc.a
LOAD /opt/st/stm32cubeide_1.10.1/plugins/com.st.stm32cube.ide.mcu.externaltools.gnu-tools-for-stm32.10.3-2021.10.linux64_1.0.0.202111181127/tools/bin/../lib/gcc/arm-none-eabi/10.3.1/../../../../arm-none-eabi/lib/thumb/v7e-m+fp/hard/libc_nano.a
END GROUP
START GROUP
LOAD /opt/st/stm32cubeide_1.10.1/plugins/com.st.stm32cube.ide.mcu.externaltools.gnu-tools-for-stm32.10.3-2021.10.linux64_1.0.0.202111181127/tools/bin/../lib/gcc/arm-none-eabi/10.3.1/thumb/v7e-m+fp/hard/libgcc.a
LOAD /opt/st/stm32cubeide_1.10.1/plugins/com.st.stm32cube.ide.mcu.externaltools.gnu-tools-for-stm32.10.3-2021.10.linux64_1.0.0.202111181127/tools/bin/../lib/gcc/arm-none-eabi/10.3.1/../../../../arm-none-eabi/lib/thumb/v7e-m+fp/hard/libc_nano.a
LOAD /opt/st/stm32cubeide_1.10.1/plugins/com.st.stm32cube.ide.mcu.externaltools.gnu-tools-for-stm32.10.3-2021.10.linux64_1.0.0.202111181127/tools/bin/../lib/gcc/arm-none-eabi/10.3.1/../../../../arm-none-eabi/lib/thumb/v7e-m+fp/hard/libnosys.a
END GROUP
START GROUP
LOAD /opt/st/stm32cubeide_1.10.1/plugins/com.st.stm32cube.ide.mcu.externaltools.gnu-tools-for-stm32.10.3-2021.10.linux64_1.0.0.202111181127/tools/bin/../lib/gcc/arm-none-eabi/10.3.1/thumb/v7e-m+fp/hard/libgcc.a
LOAD /opt/st/stm32cubeide_1.10.1/plugins/com.st.stm32cube.ide.mcu.externaltools.gnu-tools-for-stm32.10.3-2021.10.linux64_1.0.0.202111181127/tools/bin/../lib/gcc/arm-none-eabi/10.3.1/../../../../arm-none-eabi/lib/thumb/v7e-m+fp/hard/libc_nano.a
LOAD /opt/st/stm32cubeide_1.10.1/plugins/com.st.stm32cube.ide.mcu.externaltools.gnu-tools-for-stm32.10.3-2021.10.linux64_1.0.0.202111181127/tools/bin/../lib/gcc/arm-none-eabi/10.3.1/../../../../arm-none-eabi/lib/thumb/v7e-m+fp/hard/libnosys.a
END GROUP
LOAD /opt/st/stm32cubeide_1.10.1/plugins/com.st.stm32cube.ide.mcu.externaltools.gnu-tools-for-stm32.10.3-2021.10.linux64_1.0.0.202111181127/tools/bin/../lib/gcc/arm-none-eabi/10.3.1/thumb/v7e-m+fp/hard/crtend.o
LOAD /opt/st/stm32cubeide_1.10.1/plugins/com.st.stm32cube.ide.mcu.externaltools.gnu-tools-for-stm32.10.3-2021.10.linux64_1.0.0.202111181127/tools/bin/../lib/gcc/arm-none-eabi/10.3.1/thumb/v7e-m+fp/hard/crtn.o
                0x0000000020020000                _estack = (ORIGIN (RAM) + LENGTH (RAM))
                0x0000000000000200                _Min_Heap_Size = 0x200
                0x0000000000000400                _Min_Stack_Size = 0x400

.isr_vector     0x0000000008000000      0x188
                0x0000000008000000                . = ALIGN (0x4)
 *(.isr_vector)
 .isr_vector    0x0000000008000000      0x188 ./Core/Startup/startup_stm32f407vgtx.o
                0x0000000008000000                g_pfnVectors
                0x0000000008000188                . = ALIGN (0x4)

.text           0x0000000008000190    0x11a14
                0x0000000008000190                . = ALIGN (0x4)
 *(.text)
 .text          0x0000000008000190       0x40 /opt/st/stm32cubeide_1.10.1/plugins/com.st.stm32cube.ide.mcu.externaltools.gnu-tools-for-stm32.10.3-2021.10.linux64_1.0.0.202111181127/tools/bin/../lib/gcc/arm-none-eabi/10.3.1/thumb/v7e-m+fp/hard/crtbegin.o
 .text          0x00000000080001d0       0x10 /opt/st/stm32cubeide_1.10.1/plugins/com.st.stm32cube.ide.mcu.externaltools.gnu-tools-for-stm32.10.3-2021.10.linux64_1.0.0.202111181127/tools/bin/../lib/gcc/arm-none-eabi/10.3.1/../../../../arm-none-eabi/lib/thumb/v7e-m+fp/hard/libc_nano.a(lib_a-strlen.o)
                0x00000000080001d0                strlen
 .text          0x00000000080001e0       0xa0 /opt/st/stm32cubeide_1.10.1/plugins/com.st.stm32cube.ide.mcu.externaltools.gnu-tools-for-stm32.10.3-2021.10.linux64_1.0.0.202111181127/tools/bin/../lib/gcc/arm-none-eabi/10.3.1/../../../../arm-none-eabi/lib/thumb/v7e-m+fp/hard/libc_nano.a(lib_a-memchr.o)
                0x00000000080001e0                memchr
 .text          0x0000000008000280      0x254 /opt/st/stm32cubeide_1.10.1/plugins/com.st.stm32cube.ide.mcu.externaltools.gnu-tools-for-stm32.10.3-2021.10.linux64_1.0.0.202111181127/tools/bin/../lib/gcc/arm-none-eabi/10.3.1/thumb/v7e-m+fp/hard/libgcc.a(_arm_muldf3.o)
                0x0000000008000280                __aeabi_dmul
                0x0000000008000280                __muldf3
 .text          0x00000000080004d4      0x378 /opt/st/stm32cubeide_1.10.1/plugins/com.st.stm32cube.ide.mcu.externaltools.gnu-tools-for-stm32.10.3-2021.10.linux64_1.0.0.202111181127/tools/bin/../lib/gcc/arm-none-eabi/10.3.1/thumb/v7e-m+fp/hard/libgcc.a(_arm_addsubdf3.o)
                0x00000000080004d4                __aeabi_drsub
                0x00000000080004dc                __aeabi_dsub
                0x00000000080004dc                __subdf3
                0x00000000080004e0                __adddf3
                0x00000000080004e0                __aeabi_dadd
                0x0000000008000758                __aeabi_ui2d
                0x0000000008000758                __floatunsidf
                0x0000000008000778                __floatsidf
                0x0000000008000778                __aeabi_i2d
                0x000000000800079c                __extendsfdf2
                0x000000000800079c                __aeabi_f2d
                0x00000000080007e0                __aeabi_ul2d
                0x00000000080007e0                __floatundidf
                0x00000000080007f0                __floatdidf
                0x00000000080007f0                __aeabi_l2d
 .text          0x000000000800084c       0x40 /opt/st/stm32cubeide_1.10.1/plugins/com.st.stm32cube.ide.mcu.externaltools.gnu-tools-for-stm32.10.3-2021.10.linux64_1.0.0.202111181127/tools/bin/../lib/gcc/arm-none-eabi/10.3.1/thumb/v7e-m+fp/hard/libgcc.a(_arm_fixunsdfsi.o)
                0x000000000800084c                __fixunsdfsi
                0x000000000800084c                __aeabi_d2uiz
 .text          0x000000000800088c       0x30 /opt/st/stm32cubeide_1.10.1/plugins/com.st.stm32cube.ide.mcu.externaltools.gnu-tools-for-stm32.10.3-2021.10.linux64_1.0.0.202111181127/tools/bin/../lib/gcc/arm-none-eabi/10.3.1/thumb/v7e-m+fp/hard/libgcc.a(_aeabi_uldivmod.o)
                0x000000000800088c                __aeabi_uldivmod
 .text          0x00000000080008bc      0x2d0 /opt/st/stm32cubeide_1.10.1/plugins/com.st.stm32cube.ide.mcu.externaltools.gnu-tools-for-stm32.10.3-2021.10.linux64_1.0.0.202111181127/tools/bin/../lib/gcc/arm-none-eabi/10.3.1/thumb/v7e-m+fp/hard/libgcc.a(_udivmoddi4.o)
                0x00000000080008bc                __udivmoddi4
 .text          0x0000000008000b8c        0x4 /opt/st/stm32cubeide_1.10.1/plugins/com.st.stm32cube.ide.mcu.externaltools.gnu-tools-for-stm32.10.3-2021.10.linux64_1.0.0.202111181127/tools/bin/../lib/gcc/arm-none-eabi/10.3.1/thumb/v7e-m+fp/hard/libgcc.a(_dvmd_tls.o)
                0x0000000008000b8c                __aeabi_ldiv0
                0x0000000008000b8c                __aeabi_idiv0
 *(.text*)
 .text.stop_light_turn_on_left
                0x0000000008000b90       0x38 ./Core/Src/light/led_stop/stop_light.o
                0x0000000008000b90                stop_light_turn_on_left
 .text.stop_light_turn_on_right
                0x0000000008000bc8       0x38 ./Core/Src/light/led_stop/stop_light.o
                0x0000000008000bc8                stop_light_turn_on_right
 .text.stop_light_turn_off_left
                0x0000000008000c00       0x38 ./Core/Src/light/led_stop/stop_light.o
                0x0000000008000c00                stop_light_turn_off_left
 .text.stop_light_turn_off_right
                0x0000000008000c38       0x38 ./Core/Src/light/led_stop/stop_light.o
                0x0000000008000c38                stop_light_turn_off_right
 .text.set_duty_cycle_stop_left_1
                0x0000000008000c70       0x20 ./Core/Src/light/led_stop/stop_light.o
                0x0000000008000c70                set_duty_cycle_stop_left_1
 .text.set_duty_cycle_stop_left_2
                0x0000000008000c90       0x20 ./Core/Src/light/led_stop/stop_light.o
                0x0000000008000c90                set_duty_cycle_stop_left_2
 .text.set_duty_cycle_stop_left_3
                0x0000000008000cb0       0x20 ./Core/Src/light/led_stop/stop_light.o
                0x0000000008000cb0                set_duty_cycle_stop_left_3
 .text.set_duty_cycle_stop_left_4
                0x0000000008000cd0       0x20 ./Core/Src/light/led_stop/stop_light.o
                0x0000000008000cd0                set_duty_cycle_stop_left_4
 .text.set_duty_cycle_stop_left_5
                0x0000000008000cf0       0x20 ./Core/Src/light/led_stop/stop_light.o
                0x0000000008000cf0                set_duty_cycle_stop_left_5
 .text.set_duty_cycle_stop_ritht_1
                0x0000000008000d10       0x20 ./Core/Src/light/led_stop/stop_light.o
                0x0000000008000d10                set_duty_cycle_stop_ritht_1
 .text.set_duty_cycle_stop_ritht_2
                0x0000000008000d30       0x20 ./Core/Src/light/led_stop/stop_light.o
                0x0000000008000d30                set_duty_cycle_stop_ritht_2
 .text.set_duty_cycle_stop_ritht_3
                0x0000000008000d50       0x20 ./Core/Src/light/led_stop/stop_light.o
                0x0000000008000d50                set_duty_cycle_stop_ritht_3
 .text.set_duty_cycle_stop_ritht_4
                0x0000000008000d70       0x20 ./Core/Src/light/led_stop/stop_light.o
                0x0000000008000d70                set_duty_cycle_stop_ritht_4
 .text.set_duty_cycle_stop_ritht_5
                0x0000000008000d90       0x20 ./Core/Src/light/led_stop/stop_light.o
                0x0000000008000d90                set_duty_cycle_stop_ritht_5
 .text.stop_light_all_turn_off
                0x0000000008000db0       0x10 ./Core/Src/light/led_stop/stop_light.o
                0x0000000008000db0                stop_light_all_turn_off
 .text.test_from_midle_to_corner
                0x0000000008000dc0      0x1b8 ./Core/Src/light/led_stop/stop_light.o
                0x0000000008000dc0                test_from_midle_to_corner
 .text.ARGB_Init
                0x0000000008000f78      0x108 ./Core/Src/light/led_stript/ARGB.o
                0x0000000008000f78                ARGB_Init
 .text.ARGB_Clear_left
                0x0000000008001080       0x18 ./Core/Src/light/led_stript/ARGB.o
                0x0000000008001080                ARGB_Clear_left
 .text.ARGB_Clear_right
                0x0000000008001098       0x18 ./Core/Src/light/led_stript/ARGB.o
                0x0000000008001098                ARGB_Clear_right
 .text.ARGB_SetBrightness
                0x00000000080010b0       0x20 ./Core/Src/light/led_stript/ARGB.o
                0x00000000080010b0                ARGB_SetBrightness
 .text.ARGB_SetRGB_left
                0x00000000080010d0       0xf4 ./Core/Src/light/led_stript/ARGB.o
                0x00000000080010d0                ARGB_SetRGB_left
 .text.ARGB_SetRGB_right
                0x00000000080011c4       0xf4 ./Core/Src/light/led_stript/ARGB.o
                0x00000000080011c4                ARGB_SetRGB_right
 .text.ARGB_SetWhite_left
                0x00000000080012b8       0x48 ./Core/Src/light/led_stript/ARGB.o
                0x00000000080012b8                ARGB_SetWhite_left
 .text.ARGB_SetWhite_right
                0x0000000008001300       0x48 ./Core/Src/light/led_stript/ARGB.o
                0x0000000008001300                ARGB_SetWhite_right
 .text.ARGB_FillRGB_left
                0x0000000008001348       0x42 ./Core/Src/light/led_stript/ARGB.o
                0x0000000008001348                ARGB_FillRGB_left
 .text.ARGB_FillRGB_right
                0x000000000800138a       0x42 ./Core/Src/light/led_stript/ARGB.o
                0x000000000800138a                ARGB_FillRGB_right
 .text.ARGB_FillWhite_left
                0x00000000080013cc       0x3a ./Core/Src/light/led_stript/ARGB.o
                0x00000000080013cc                ARGB_FillWhite_left
 .text.ARGB_FillWhite_right
                0x0000000008001406       0x3a ./Core/Src/light/led_stript/ARGB.o
                0x0000000008001406                ARGB_FillWhite_right
 .text.ARGB_Show_left
                0x0000000008001440      0x398 ./Core/Src/light/led_stript/ARGB.o
                0x0000000008001440                ARGB_Show_left
 .text.ARGB_Show_right
                0x00000000080017d8      0x398 ./Core/Src/light/led_stript/ARGB.o
                0x00000000080017d8                ARGB_Show_right
 .text.scale8   0x0000000008001b70       0x28 ./Core/Src/light/led_stript/ARGB.o
 .text.ARGB_TIM_DMADelayPulseCplt_left
                0x0000000008001b98      0x2f8 ./Core/Src/light/led_stript/ARGB.o
 .text.ARGB_TIM_DMADelayPulseCplt_right
                0x0000000008001e90      0x2f8 ./Core/Src/light/led_stript/ARGB.o
 .text.ARGB_TIM_DMADelayPulseHalfCplt_left
                0x0000000008002188      0x1b0 ./Core/Src/light/led_stript/ARGB.o
 .text.ARGB_TIM_DMADelayPulseHalfCplt_right
                0x0000000008002338      0x1b0 ./Core/Src/light/led_stript/ARGB.o
 .text.turn_off_left_stript
                0x00000000080024e8       0x1a ./Core/Src/light/led_stript/control.o
                0x00000000080024e8                turn_off_left_stript
 .text.turn_off_right_stript
                0x0000000008002502       0x1a ./Core/Src/light/led_stript/control.o
                0x0000000008002502                turn_off_right_stript
 .text.turn_off_left_and_right_dtript
                0x000000000800251c       0x10 ./Core/Src/light/led_stript/control.o
                0x000000000800251c                turn_off_left_and_right_dtript
 .text.turn_on_left_stript
                0x000000000800252c       0x4c ./Core/Src/light/led_stript/control.o
                0x000000000800252c                turn_on_left_stript
 .text.turn_on_right_stript
                0x0000000008002578       0x4c ./Core/Src/light/led_stript/control.o
                0x0000000008002578                turn_on_right_stript
 .text.turn_all_leds_from_centr
                0x00000000080025c4       0xa6 ./Core/Src/light/led_stript/control.o
                0x00000000080025c4                turn_all_leds_from_centr
 .text.set_left_one_rgbw_led
                0x000000000800266a       0x42 ./Core/Src/light/led_stript/control.o
                0x000000000800266a                set_left_one_rgbw_led
 .text.set_right_one_rgbw_led
                0x00000000080026ac       0x42 ./Core/Src/light/led_stript/control.o
                0x00000000080026ac                set_right_one_rgbw_led
 *fill*         0x00000000080026ee        0x2 
 .text.main     0x00000000080026f0      0x158 ./Core/Src/main.o
                0x00000000080026f0                main
 .text.SystemClock_Config
                0x0000000008002848       0xd4 ./Core/Src/main.o
                0x0000000008002848                SystemClock_Config
 .text.MX_SPI1_Init
                0x000000000800291c       0x6c ./Core/Src/main.o
 .text.MX_TIM2_Init
                0x0000000008002988      0x12c ./Core/Src/main.o
 .text.MX_TIM3_Init
                0x0000000008002ab4      0x130 ./Core/Src/main.o
 .text.MX_TIM4_Init
                0x0000000008002be4      0x104 ./Core/Src/main.o
 .text.MX_TIM5_Init
                0x0000000008002ce8       0x9c ./Core/Src/main.o
 .text.MX_TIM7_Init
                0x0000000008002d84       0x6c ./Core/Src/main.o
 .text.MX_TIM8_Init
                0x0000000008002df0      0x120 ./Core/Src/main.o
 .text.MX_USART3_UART_Init
                0x0000000008002f10       0x54 ./Core/Src/main.o
 .text.MX_DMA_Init
                0x0000000008002f64       0x50 ./Core/Src/main.o
 .text.MX_GPIO_Init
                0x0000000008002fb4      0x2c0 ./Core/Src/main.o
 .text.HAL_TIM_PeriodElapsedCallback
                0x0000000008003274       0x34 ./Core/Src/main.o
                0x0000000008003274                HAL_TIM_PeriodElapsedCallback
 .text.HAL_UART_RxCpltCallback
                0x00000000080032a8       0x54 ./Core/Src/main.o
                0x00000000080032a8                HAL_UART_RxCpltCallback
 .text.test_all_leds
                0x00000000080032fc      0x116 ./Core/Src/main.o
                0x00000000080032fc                test_all_leds
 .text.Error_Handler
                0x0000000008003412        0xa ./Core/Src/main.o
                0x0000000008003412                Error_Handler
 .text.HAL_MspInit
                0x000000000800341c       0x50 ./Core/Src/stm32f4xx_hal_msp.o
                0x000000000800341c                HAL_MspInit
 .text.HAL_SPI_MspInit
                0x000000000800346c       0x90 ./Core/Src/stm32f4xx_hal_msp.o
                0x000000000800346c                HAL_SPI_MspInit
 .text.HAL_TIM_Base_MspInit
                0x00000000080034fc      0x11c ./Core/Src/stm32f4xx_hal_msp.o
                0x00000000080034fc                HAL_TIM_Base_MspInit
 .text.HAL_TIM_PWM_MspInit
                0x0000000008003618      0x130 ./Core/Src/stm32f4xx_hal_msp.o
                0x0000000008003618                HAL_TIM_PWM_MspInit
 .text.HAL_TIM_MspPostInit
                0x0000000008003748      0x1dc ./Core/Src/stm32f4xx_hal_msp.o
                0x0000000008003748                HAL_TIM_MspPostInit
 .text.HAL_UART_MspInit
                0x0000000008003924       0xa0 ./Core/Src/stm32f4xx_hal_msp.o
                0x0000000008003924                HAL_UART_MspInit
 .text.NMI_Handler
                0x00000000080039c4        0x6 ./Core/Src/stm32f4xx_it.o
                0x00000000080039c4                NMI_Handler
 .text.HardFault_Handler
                0x00000000080039ca        0x6 ./Core/Src/stm32f4xx_it.o
                0x00000000080039ca                HardFault_Handler
 .text.MemManage_Handler
                0x00000000080039d0        0x6 ./Core/Src/stm32f4xx_it.o
                0x00000000080039d0                MemManage_Handler
 .text.BusFault_Handler
                0x00000000080039d6        0x6 ./Core/Src/stm32f4xx_it.o
                0x00000000080039d6                BusFault_Handler
 .text.UsageFault_Handler
                0x00000000080039dc        0x6 ./Core/Src/stm32f4xx_it.o
                0x00000000080039dc                UsageFault_Handler
 .text.SVC_Handler
                0x00000000080039e2        0xe ./Core/Src/stm32f4xx_it.o
                0x00000000080039e2                SVC_Handler
 .text.DebugMon_Handler
                0x00000000080039f0        0xe ./Core/Src/stm32f4xx_it.o
                0x00000000080039f0                DebugMon_Handler
 .text.PendSV_Handler
                0x00000000080039fe        0xe ./Core/Src/stm32f4xx_it.o
                0x00000000080039fe                PendSV_Handler
 .text.SysTick_Handler
                0x0000000008003a0c        0xc ./Core/Src/stm32f4xx_it.o
                0x0000000008003a0c                SysTick_Handler
 .text.TIM2_IRQHandler
                0x0000000008003a18       0x14 ./Core/Src/stm32f4xx_it.o
                0x0000000008003a18                TIM2_IRQHandler
 .text.USART3_IRQHandler
                0x0000000008003a2c       0x14 ./Core/Src/stm32f4xx_it.o
                0x0000000008003a2c                USART3_IRQHandler
 .text.TIM5_IRQHandler
                0x0000000008003a40       0x14 ./Core/Src/stm32f4xx_it.o
                0x0000000008003a40                TIM5_IRQHandler
 .text.TIM7_IRQHandler
                0x0000000008003a54       0x14 ./Core/Src/stm32f4xx_it.o
                0x0000000008003a54                TIM7_IRQHandler
 .text.DMA2_Stream4_IRQHandler
                0x0000000008003a68       0x14 ./Core/Src/stm32f4xx_it.o
                0x0000000008003a68                DMA2_Stream4_IRQHandler
 .text.OTG_FS_IRQHandler
                0x0000000008003a7c       0x14 ./Core/Src/stm32f4xx_it.o
                0x0000000008003a7c                OTG_FS_IRQHandler
 .text.DMA2_Stream7_IRQHandler
                0x0000000008003a90       0x14 ./Core/Src/stm32f4xx_it.o
                0x0000000008003a90                DMA2_Stream7_IRQHandler
 .text._sbrk    0x0000000008003aa4       0x6c ./Core/Src/sysmem.o
                0x0000000008003aa4                _sbrk
 .text.SystemInit
                0x0000000008003b10       0x24 ./Core/Src/system_stm32f4xx.o
                0x0000000008003b10                SystemInit
 .text.SD_SPI_Init
                0x0000000008003b34      0x1c0 ./Core/Src/microSD/sd_spi.o
                0x0000000008003b34                SD_SPI_Init
 .text.SPIx_WriteRead
                0x0000000008003cf4       0x3c ./Core/Src/microSD/sd_spi.o
                0x0000000008003cf4                SPIx_WriteRead
 .text.SPI_SendByte
                0x0000000008003d30       0x1a ./Core/Src/microSD/sd_spi.o
                0x0000000008003d30                SPI_SendByte
 .text.SPI_ReceiveByte
                0x0000000008003d4a       0x1a ./Core/Src/microSD/sd_spi.o
                0x0000000008003d4a                SPI_ReceiveByte
 .text.SPI_Release
                0x0000000008003d64        0xe ./Core/Src/microSD/sd_spi.o
                0x0000000008003d64                SPI_Release
 .text.SD_SPI_WaitingForReadiness
                0x0000000008003d72       0x4a ./Core/Src/microSD/sd_spi.o
                0x0000000008003d72                SD_SPI_WaitingForReadiness
 .text.SD_SPI_Cmd
                0x0000000008003dbc       0xd4 ./Core/Src/microSD/sd_spi.o
                0x0000000008003dbc                SD_SPI_Cmd
 .text.SD_SPI_Read_Block
                0x0000000008003e90       0x8c ./Core/Src/microSD/sd_spi.o
                0x0000000008003e90                SD_SPI_Read_Block
 .text.SD_SPI_Write_Block
                0x0000000008003f1c       0xa4 ./Core/Src/microSD/sd_spi.o
                0x0000000008003f1c                SD_SPI_Write_Block
 .text.SD_SPI_GetFileInfo
                0x0000000008003fc0      0x1e0 ./Core/Src/microSD/sd_spi.o
                0x0000000008003fc0                SD_SPI_GetFileInfo
 .text.SD_Error_Handler
                0x00000000080041a0       0x18 ./Core/Src/microSD/sd_spi.o
                0x00000000080041a0                SD_Error_Handler
 .text.open_bin_file
                0x00000000080041b8      0x3c4 ./Core/Src/microSD/sd_spi.o
                0x00000000080041b8                open_bin_file
 .text.test_function_2
                0x000000000800457c       0x30 ./Core/Src/microSD/sd_spi.o
                0x000000000800457c                test_function_2
 .text.Reset_Handler
                0x00000000080045ac       0x50 ./Core/Startup/startup_stm32f407vgtx.o
                0x00000000080045ac                Reset_Handler
 .text.Default_Handler
                0x00000000080045fc        0x2 ./Core/Startup/startup_stm32f407vgtx.o
                0x00000000080045fc                RTC_Alarm_IRQHandler
                0x00000000080045fc                HASH_RNG_IRQHandler
                0x00000000080045fc                EXTI2_IRQHandler
                0x00000000080045fc                TIM8_CC_IRQHandler
                0x00000000080045fc                TIM1_CC_IRQHandler
                0x00000000080045fc                DMA2_Stream5_IRQHandler
                0x00000000080045fc                DMA1_Stream5_IRQHandler
                0x00000000080045fc                PVD_IRQHandler
                0x00000000080045fc                SDIO_IRQHandler
                0x00000000080045fc                TAMP_STAMP_IRQHandler
                0x00000000080045fc                CAN2_RX1_IRQHandler
                0x00000000080045fc                EXTI3_IRQHandler
                0x00000000080045fc                TIM8_TRG_COM_TIM14_IRQHandler
                0x00000000080045fc                TIM1_UP_TIM10_IRQHandler
                0x00000000080045fc                TIM8_UP_TIM13_IRQHandler
                0x00000000080045fc                I2C3_ER_IRQHandler
                0x00000000080045fc                EXTI0_IRQHandler
                0x00000000080045fc                I2C2_EV_IRQHandler
                0x00000000080045fc                DMA1_Stream2_IRQHandler
                0x00000000080045fc                CAN1_RX0_IRQHandler
                0x00000000080045fc                FPU_IRQHandler
                0x00000000080045fc                OTG_HS_WKUP_IRQHandler
                0x00000000080045fc                CAN2_SCE_IRQHandler
                0x00000000080045fc                DMA2_Stream2_IRQHandler
                0x00000000080045fc                SPI1_IRQHandler
                0x00000000080045fc                TIM6_DAC_IRQHandler
                0x00000000080045fc                TIM1_BRK_TIM9_IRQHandler
                0x00000000080045fc                DCMI_IRQHandler
                0x00000000080045fc                CAN2_RX0_IRQHandler
                0x00000000080045fc                DMA2_Stream3_IRQHandler
                0x00000000080045fc                USART6_IRQHandler
                0x00000000080045fc                CAN1_RX1_IRQHandler
                0x00000000080045fc                UART5_IRQHandler
                0x00000000080045fc                DMA2_Stream0_IRQHandler
                0x00000000080045fc                TIM4_IRQHandler
                0x00000000080045fc                I2C1_EV_IRQHandler
                0x00000000080045fc                DMA1_Stream6_IRQHandler
                0x00000000080045fc                DMA1_Stream1_IRQHandler
                0x00000000080045fc                UART4_IRQHandler
                0x00000000080045fc                TIM3_IRQHandler
                0x00000000080045fc                RCC_IRQHandler
                0x00000000080045fc                TIM8_BRK_TIM12_IRQHandler
                0x00000000080045fc                Default_Handler
                0x00000000080045fc                EXTI15_10_IRQHandler
                0x00000000080045fc                ADC_IRQHandler
                0x00000000080045fc                DMA1_Stream7_IRQHandler
                0x00000000080045fc                CAN2_TX_IRQHandler
                0x00000000080045fc                I2C3_EV_IRQHandler
                0x00000000080045fc                EXTI9_5_IRQHandler
                0x00000000080045fc                RTC_WKUP_IRQHandler
                0x00000000080045fc                ETH_WKUP_IRQHandler
                0x00000000080045fc                SPI2_IRQHandler
                0x00000000080045fc                OTG_HS_EP1_IN_IRQHandler
                0x00000000080045fc                DMA1_Stream0_IRQHandler
                0x00000000080045fc                CAN1_TX_IRQHandler
                0x00000000080045fc                EXTI4_IRQHandler
                0x00000000080045fc                FSMC_IRQHandler
                0x00000000080045fc                ETH_IRQHandler
                0x00000000080045fc                OTG_HS_EP1_OUT_IRQHandler
                0x00000000080045fc                WWDG_IRQHandler
                0x00000000080045fc                OTG_FS_WKUP_IRQHandler
                0x00000000080045fc                TIM1_TRG_COM_TIM11_IRQHandler
                0x00000000080045fc                OTG_HS_IRQHandler
                0x00000000080045fc                EXTI1_IRQHandler
                0x00000000080045fc                USART2_IRQHandler
                0x00000000080045fc                I2C2_ER_IRQHandler
                0x00000000080045fc                DMA2_Stream1_IRQHandler
                0x00000000080045fc                CAN1_SCE_IRQHandler
                0x00000000080045fc                FLASH_IRQHandler
                0x00000000080045fc                USART1_IRQHandler
                0x00000000080045fc                SPI3_IRQHandler
                0x00000000080045fc                DMA1_Stream4_IRQHandler
                0x00000000080045fc                I2C1_ER_IRQHandler
                0x00000000080045fc                DMA2_Stream6_IRQHandler
                0x00000000080045fc                DMA1_Stream3_IRQHandler
 *fill*         0x00000000080045fe        0x2 
 .text.HAL_Init
                0x0000000008004600       0x44 ./Drivers/STM32F4xx_HAL_Driver/Src/stm32f4xx_hal.o
                0x0000000008004600                HAL_Init
 .text.HAL_InitTick
                0x0000000008004644       0x60 ./Drivers/STM32F4xx_HAL_Driver/Src/stm32f4xx_hal.o
                0x0000000008004644                HAL_InitTick
 .text.HAL_IncTick
                0x00000000080046a4       0x28 ./Drivers/STM32F4xx_HAL_Driver/Src/stm32f4xx_hal.o
                0x00000000080046a4                HAL_IncTick
 .text.HAL_GetTick
                0x00000000080046cc       0x18 ./Drivers/STM32F4xx_HAL_Driver/Src/stm32f4xx_hal.o
                0x00000000080046cc                HAL_GetTick
 .text.HAL_Delay
                0x00000000080046e4       0x48 ./Drivers/STM32F4xx_HAL_Driver/Src/stm32f4xx_hal.o
                0x00000000080046e4                HAL_Delay
 .text.__NVIC_SetPriorityGrouping
                0x000000000800472c       0x48 ./Drivers/STM32F4xx_HAL_Driver/Src/stm32f4xx_hal_cortex.o
 .text.__NVIC_GetPriorityGrouping
                0x0000000008004774       0x1c ./Drivers/STM32F4xx_HAL_Driver/Src/stm32f4xx_hal_cortex.o
 .text.__NVIC_EnableIRQ
                0x0000000008004790       0x3c ./Drivers/STM32F4xx_HAL_Driver/Src/stm32f4xx_hal_cortex.o
 .text.__NVIC_SetPriority
                0x00000000080047cc       0x54 ./Drivers/STM32F4xx_HAL_Driver/Src/stm32f4xx_hal_cortex.o
 .text.NVIC_EncodePriority
                0x0000000008004820       0x66 ./Drivers/STM32F4xx_HAL_Driver/Src/stm32f4xx_hal_cortex.o
 *fill*         0x0000000008004886        0x2 
 .text.SysTick_Config
                0x0000000008004888       0x44 ./Drivers/STM32F4xx_HAL_Driver/Src/stm32f4xx_hal_cortex.o
 .text.HAL_NVIC_SetPriorityGrouping
                0x00000000080048cc       0x16 ./Drivers/STM32F4xx_HAL_Driver/Src/stm32f4xx_hal_cortex.o
                0x00000000080048cc                HAL_NVIC_SetPriorityGrouping
 .text.HAL_NVIC_SetPriority
                0x00000000080048e2       0x38 ./Drivers/STM32F4xx_HAL_Driver/Src/stm32f4xx_hal_cortex.o
                0x00000000080048e2                HAL_NVIC_SetPriority
 .text.HAL_NVIC_EnableIRQ
                0x000000000800491a       0x1c ./Drivers/STM32F4xx_HAL_Driver/Src/stm32f4xx_hal_cortex.o
                0x000000000800491a                HAL_NVIC_EnableIRQ
 .text.HAL_SYSTICK_Config
                0x0000000008004936       0x18 ./Drivers/STM32F4xx_HAL_Driver/Src/stm32f4xx_hal_cortex.o
                0x0000000008004936                HAL_SYSTICK_Config
 *fill*         0x000000000800494e        0x2 
 .text.HAL_DMA_Init
                0x0000000008004950      0x15c ./Drivers/STM32F4xx_HAL_Driver/Src/stm32f4xx_hal_dma.o
                0x0000000008004950                HAL_DMA_Init
 .text.HAL_DMA_Start_IT
                0x0000000008004aac       0xb0 ./Drivers/STM32F4xx_HAL_Driver/Src/stm32f4xx_hal_dma.o
                0x0000000008004aac                HAL_DMA_Start_IT
 .text.HAL_DMA_Abort
                0x0000000008004b5c       0xe0 ./Drivers/STM32F4xx_HAL_Driver/Src/stm32f4xx_hal_dma.o
                0x0000000008004b5c                HAL_DMA_Abort
 .text.HAL_DMA_Abort_IT
                0x0000000008004c3c       0x44 ./Drivers/STM32F4xx_HAL_Driver/Src/stm32f4xx_hal_dma.o
                0x0000000008004c3c                HAL_DMA_Abort_IT
 .text.HAL_DMA_IRQHandler
                0x0000000008004c80      0x314 ./Drivers/STM32F4xx_HAL_Driver/Src/stm32f4xx_hal_dma.o
                0x0000000008004c80                HAL_DMA_IRQHandler
 .text.DMA_SetConfig
                0x0000000008004f94       0x5c ./Drivers/STM32F4xx_HAL_Driver/Src/stm32f4xx_hal_dma.o
 .text.DMA_CalcBaseAndBitshift
                0x0000000008004ff0       0x6c ./Drivers/STM32F4xx_HAL_Driver/Src/stm32f4xx_hal_dma.o
 .text.DMA_CheckFifoParam
                0x000000000800505c       0xf8 ./Drivers/STM32F4xx_HAL_Driver/Src/stm32f4xx_hal_dma.o
 .text.HAL_GPIO_Init
                0x0000000008005154      0x338 ./Drivers/STM32F4xx_HAL_Driver/Src/stm32f4xx_hal_gpio.o
                0x0000000008005154                HAL_GPIO_Init
 .text.HAL_GPIO_WritePin
                0x000000000800548c       0x32 ./Drivers/STM32F4xx_HAL_Driver/Src/stm32f4xx_hal_gpio.o
                0x000000000800548c                HAL_GPIO_WritePin
 .text.HAL_HCD_Init
                0x00000000080054be       0xc4 ./Drivers/STM32F4xx_HAL_Driver/Src/stm32f4xx_hal_hcd.o
                0x00000000080054be                HAL_HCD_Init
 .text.HAL_HCD_HC_Init
                0x0000000008005582      0x11e ./Drivers/STM32F4xx_HAL_Driver/Src/stm32f4xx_hal_hcd.o
                0x0000000008005582                HAL_HCD_HC_Init
 .text.HAL_HCD_HC_Halt
                0x00000000080056a0       0x46 ./Drivers/STM32F4xx_HAL_Driver/Src/stm32f4xx_hal_hcd.o
                0x00000000080056a0                HAL_HCD_HC_Halt
 *fill*         0x00000000080056e6        0x2 
 .text.HAL_HCD_HC_SubmitRequest
                0x00000000080056e8      0x2ac ./Drivers/STM32F4xx_HAL_Driver/Src/stm32f4xx_hal_hcd.o
                0x00000000080056e8                HAL_HCD_HC_SubmitRequest
 .text.HAL_HCD_IRQHandler
                0x0000000008005994      0x216 ./Drivers/STM32F4xx_HAL_Driver/Src/stm32f4xx_hal_hcd.o
                0x0000000008005994                HAL_HCD_IRQHandler
 .text.HAL_HCD_Start
                0x0000000008005baa       0x46 ./Drivers/STM32F4xx_HAL_Driver/Src/stm32f4xx_hal_hcd.o
                0x0000000008005baa                HAL_HCD_Start
 .text.HAL_HCD_Stop
                0x0000000008005bf0       0x3a ./Drivers/STM32F4xx_HAL_Driver/Src/stm32f4xx_hal_hcd.o
                0x0000000008005bf0                HAL_HCD_Stop
 .text.HAL_HCD_ResetPort
                0x0000000008005c2a       0x1c ./Drivers/STM32F4xx_HAL_Driver/Src/stm32f4xx_hal_hcd.o
                0x0000000008005c2a                HAL_HCD_ResetPort
 .text.HAL_HCD_HC_GetURBState
                0x0000000008005c46       0x28 ./Drivers/STM32F4xx_HAL_Driver/Src/stm32f4xx_hal_hcd.o
                0x0000000008005c46                HAL_HCD_HC_GetURBState
 .text.HAL_HCD_HC_GetXferCount
                0x0000000008005c6e       0x28 ./Drivers/STM32F4xx_HAL_Driver/Src/stm32f4xx_hal_hcd.o
                0x0000000008005c6e                HAL_HCD_HC_GetXferCount
 .text.HAL_HCD_GetCurrentFrame
                0x0000000008005c96       0x1c ./Drivers/STM32F4xx_HAL_Driver/Src/stm32f4xx_hal_hcd.o
                0x0000000008005c96                HAL_HCD_GetCurrentFrame
 .text.HAL_HCD_GetCurrentSpeed
                0x0000000008005cb2       0x1c ./Drivers/STM32F4xx_HAL_Driver/Src/stm32f4xx_hal_hcd.o
                0x0000000008005cb2                HAL_HCD_GetCurrentSpeed
 .text.HCD_HC_IN_IRQHandler
                0x0000000008005cce      0x6aa ./Drivers/STM32F4xx_HAL_Driver/Src/stm32f4xx_hal_hcd.o
 .text.HCD_HC_OUT_IRQHandler
                0x0000000008006378      0x6d2 ./Drivers/STM32F4xx_HAL_Driver/Src/stm32f4xx_hal_hcd.o
 .text.HCD_RXQLVL_IRQHandler
                0x0000000008006a4a      0x1a4 ./Drivers/STM32F4xx_HAL_Driver/Src/stm32f4xx_hal_hcd.o
 .text.HCD_Port_IRQHandler
                0x0000000008006bee       0xe6 ./Drivers/STM32F4xx_HAL_Driver/Src/stm32f4xx_hal_hcd.o
 .text.HAL_RCC_OscConfig
                0x0000000008006cd4      0x4f0 ./Drivers/STM32F4xx_HAL_Driver/Src/stm32f4xx_hal_rcc.o
                0x0000000008006cd4                HAL_RCC_OscConfig
 .text.HAL_RCC_ClockConfig
                0x00000000080071c4      0x1cc ./Drivers/STM32F4xx_HAL_Driver/Src/stm32f4xx_hal_rcc.o
                0x00000000080071c4                HAL_RCC_ClockConfig
 .text.HAL_RCC_GetSysClockFreq
                0x0000000008007390      0x20c ./Drivers/STM32F4xx_HAL_Driver/Src/stm32f4xx_hal_rcc.o
                0x0000000008007390                HAL_RCC_GetSysClockFreq
 .text.HAL_RCC_GetHCLKFreq
                0x000000000800759c       0x18 ./Drivers/STM32F4xx_HAL_Driver/Src/stm32f4xx_hal_rcc.o
                0x000000000800759c                HAL_RCC_GetHCLKFreq
 .text.HAL_RCC_GetPCLK1Freq
                0x00000000080075b4       0x28 ./Drivers/STM32F4xx_HAL_Driver/Src/stm32f4xx_hal_rcc.o
                0x00000000080075b4                HAL_RCC_GetPCLK1Freq
 .text.HAL_RCC_GetPCLK2Freq
                0x00000000080075dc       0x28 ./Drivers/STM32F4xx_HAL_Driver/Src/stm32f4xx_hal_rcc.o
                0x00000000080075dc                HAL_RCC_GetPCLK2Freq
 .text.HAL_SPI_Init
                0x0000000008007604      0x112 ./Drivers/STM32F4xx_HAL_Driver/Src/stm32f4xx_hal_spi.o
                0x0000000008007604                HAL_SPI_Init
 .text.HAL_SPI_TransmitReceive
                0x0000000008007716      0x344 ./Drivers/STM32F4xx_HAL_Driver/Src/stm32f4xx_hal_spi.o
                0x0000000008007716                HAL_SPI_TransmitReceive
 *fill*         0x0000000008007a5a        0x2 
 .text.SPI_WaitFlagStateUntilTimeout
                0x0000000008007a5c      0x110 ./Drivers/STM32F4xx_HAL_Driver/Src/stm32f4xx_hal_spi.o
 .text.SPI_EndRxTxTransaction
                0x0000000008007b6c       0x84 ./Drivers/STM32F4xx_HAL_Driver/Src/stm32f4xx_hal_spi.o
 .text.HAL_TIM_Base_Init
                0x0000000008007bf0       0x9e ./Drivers/STM32F4xx_HAL_Driver/Src/stm32f4xx_hal_tim.o
                0x0000000008007bf0                HAL_TIM_Base_Init
 *fill*         0x0000000008007c8e        0x2 
 .text.HAL_TIM_Base_Start_IT
                0x0000000008007c90       0xe0 ./Drivers/STM32F4xx_HAL_Driver/Src/stm32f4xx_hal_tim.o
                0x0000000008007c90                HAL_TIM_Base_Start_IT
 .text.HAL_TIM_PWM_Init
                0x0000000008007d70       0x9e ./Drivers/STM32F4xx_HAL_Driver/Src/stm32f4xx_hal_tim.o
                0x0000000008007d70                HAL_TIM_PWM_Init
 *fill*         0x0000000008007e0e        0x2 
 .text.HAL_TIM_PWM_Start
                0x0000000008007e10      0x190 ./Drivers/STM32F4xx_HAL_Driver/Src/stm32f4xx_hal_tim.o
                0x0000000008007e10                HAL_TIM_PWM_Start
 .text.HAL_TIM_PWM_Stop
                0x0000000008007fa0       0xe0 ./Drivers/STM32F4xx_HAL_Driver/Src/stm32f4xx_hal_tim.o
                0x0000000008007fa0                HAL_TIM_PWM_Stop
 .text.HAL_TIM_IRQHandler
                0x0000000008008080      0x210 ./Drivers/STM32F4xx_HAL_Driver/Src/stm32f4xx_hal_tim.o
                0x0000000008008080                HAL_TIM_IRQHandler
 .text.HAL_TIM_PWM_ConfigChannel
                0x0000000008008290      0x184 ./Drivers/STM32F4xx_HAL_Driver/Src/stm32f4xx_hal_tim.o
                0x0000000008008290                HAL_TIM_PWM_ConfigChannel
 .text.HAL_TIM_ConfigClockSource
                0x0000000008008414      0x18e ./Drivers/STM32F4xx_HAL_Driver/Src/stm32f4xx_hal_tim.o
                0x0000000008008414                HAL_TIM_ConfigClockSource
 .text.HAL_TIM_OC_DelayElapsedCallback
                0x00000000080085a2       0x14 ./Drivers/STM32F4xx_HAL_Driver/Src/stm32f4xx_hal_tim.o
                0x00000000080085a2                HAL_TIM_OC_DelayElapsedCallback
 .text.HAL_TIM_IC_CaptureCallback
                0x00000000080085b6       0x14 ./Drivers/STM32F4xx_HAL_Driver/Src/stm32f4xx_hal_tim.o
                0x00000000080085b6                HAL_TIM_IC_CaptureCallback
 .text.HAL_TIM_PWM_PulseFinishedCallback
                0x00000000080085ca       0x14 ./Drivers/STM32F4xx_HAL_Driver/Src/stm32f4xx_hal_tim.o
                0x00000000080085ca                HAL_TIM_PWM_PulseFinishedCallback
 .text.HAL_TIM_TriggerCallback
                0x00000000080085de       0x14 ./Drivers/STM32F4xx_HAL_Driver/Src/stm32f4xx_hal_tim.o
                0x00000000080085de                HAL_TIM_TriggerCallback
 .text.HAL_TIM_ErrorCallback
                0x00000000080085f2       0x14 ./Drivers/STM32F4xx_HAL_Driver/Src/stm32f4xx_hal_tim.o
                0x00000000080085f2                HAL_TIM_ErrorCallback
 .text.TIM_DMAError
                0x0000000008008606       0x92 ./Drivers/STM32F4xx_HAL_Driver/Src/stm32f4xx_hal_tim.o
                0x0000000008008606                TIM_DMAError
 .text.TIM_Base_SetConfig
                0x0000000008008698      0x140 ./Drivers/STM32F4xx_HAL_Driver/Src/stm32f4xx_hal_tim.o
                0x0000000008008698                TIM_Base_SetConfig
 .text.TIM_OC1_SetConfig
                0x00000000080087d8       0xe0 ./Drivers/STM32F4xx_HAL_Driver/Src/stm32f4xx_hal_tim.o
 .text.TIM_OC2_SetConfig
                0x00000000080088b8       0xec ./Drivers/STM32F4xx_HAL_Driver/Src/stm32f4xx_hal_tim.o
                0x00000000080088b8                TIM_OC2_SetConfig
 .text.TIM_OC3_SetConfig
                0x00000000080089a4       0xe8 ./Drivers/STM32F4xx_HAL_Driver/Src/stm32f4xx_hal_tim.o
 .text.TIM_OC4_SetConfig
                0x0000000008008a8c       0xac ./Drivers/STM32F4xx_HAL_Driver/Src/stm32f4xx_hal_tim.o
 .text.TIM_TI1_ConfigInputStage
                0x0000000008008b38       0x5e ./Drivers/STM32F4xx_HAL_Driver/Src/stm32f4xx_hal_tim.o
 .text.TIM_TI2_ConfigInputStage
                0x0000000008008b96       0x60 ./Drivers/STM32F4xx_HAL_Driver/Src/stm32f4xx_hal_tim.o
 .text.TIM_ITRx_SetConfig
                0x0000000008008bf6       0x36 ./Drivers/STM32F4xx_HAL_Driver/Src/stm32f4xx_hal_tim.o
 .text.TIM_ETR_SetConfig
                0x0000000008008c2c       0x40 ./Drivers/STM32F4xx_HAL_Driver/Src/stm32f4xx_hal_tim.o
                0x0000000008008c2c                TIM_ETR_SetConfig
 .text.TIM_CCxChannelCmd
                0x0000000008008c6c       0x4a ./Drivers/STM32F4xx_HAL_Driver/Src/stm32f4xx_hal_tim.o
                0x0000000008008c6c                TIM_CCxChannelCmd
 *fill*         0x0000000008008cb6        0x2 
 .text.HAL_TIMEx_MasterConfigSynchronization
                0x0000000008008cb8       0xf8 ./Drivers/STM32F4xx_HAL_Driver/Src/stm32f4xx_hal_tim_ex.o
                0x0000000008008cb8                HAL_TIMEx_MasterConfigSynchronization
 .text.HAL_TIMEx_ConfigBreakDeadTime
                0x0000000008008db0       0xa4 ./Drivers/STM32F4xx_HAL_Driver/Src/stm32f4xx_hal_tim_ex.o
                0x0000000008008db0                HAL_TIMEx_ConfigBreakDeadTime
 .text.HAL_TIMEx_CommutCallback
                0x0000000008008e54       0x14 ./Drivers/STM32F4xx_HAL_Driver/Src/stm32f4xx_hal_tim_ex.o
                0x0000000008008e54                HAL_TIMEx_CommutCallback
 .text.HAL_TIMEx_BreakCallback
                0x0000000008008e68       0x14 ./Drivers/STM32F4xx_HAL_Driver/Src/stm32f4xx_hal_tim_ex.o
                0x0000000008008e68                HAL_TIMEx_BreakCallback
 .text.HAL_UART_Init
                0x0000000008008e7c       0x9a ./Drivers/STM32F4xx_HAL_Driver/Src/stm32f4xx_hal_uart.o
                0x0000000008008e7c                HAL_UART_Init
 .text.HAL_UART_Transmit
                0x0000000008008f16      0x124 ./Drivers/STM32F4xx_HAL_Driver/Src/stm32f4xx_hal_uart.o
                0x0000000008008f16                HAL_UART_Transmit
 .text.HAL_UART_Transmit_IT
                0x000000000800903a       0x8a ./Drivers/STM32F4xx_HAL_Driver/Src/stm32f4xx_hal_uart.o
                0x000000000800903a                HAL_UART_Transmit_IT
 .text.HAL_UART_Receive_IT
                0x00000000080090c4       0x60 ./Drivers/STM32F4xx_HAL_Driver/Src/stm32f4xx_hal_uart.o
                0x00000000080090c4                HAL_UART_Receive_IT
 .text.HAL_UART_IRQHandler
                0x0000000008009124      0x51c ./Drivers/STM32F4xx_HAL_Driver/Src/stm32f4xx_hal_uart.o
                0x0000000008009124                HAL_UART_IRQHandler
 .text.HAL_UART_TxCpltCallback
                0x0000000008009640       0x14 ./Drivers/STM32F4xx_HAL_Driver/Src/stm32f4xx_hal_uart.o
                0x0000000008009640                HAL_UART_TxCpltCallback
 .text.HAL_UART_ErrorCallback
                0x0000000008009654       0x14 ./Drivers/STM32F4xx_HAL_Driver/Src/stm32f4xx_hal_uart.o
                0x0000000008009654                HAL_UART_ErrorCallback
 .text.HAL_UARTEx_RxEventCallback
                0x0000000008009668       0x18 ./Drivers/STM32F4xx_HAL_Driver/Src/stm32f4xx_hal_uart.o
                0x0000000008009668                HAL_UARTEx_RxEventCallback
 .text.UART_WaitOnFlagUntilTimeout
                0x0000000008009680       0xdc ./Drivers/STM32F4xx_HAL_Driver/Src/stm32f4xx_hal_uart.o
 .text.UART_Start_Receive_IT
                0x000000000800975c       0x7c ./Drivers/STM32F4xx_HAL_Driver/Src/stm32f4xx_hal_uart.o
                0x000000000800975c                UART_Start_Receive_IT
 .text.UART_EndRxTransfer
                0x00000000080097d8       0xc6 ./Drivers/STM32F4xx_HAL_Driver/Src/stm32f4xx_hal_uart.o
 .text.UART_DMAAbortOnError
                0x000000000800989e       0x28 ./Drivers/STM32F4xx_HAL_Driver/Src/stm32f4xx_hal_uart.o
 .text.UART_Transmit_IT
                0x00000000080098c6       0xa0 ./Drivers/STM32F4xx_HAL_Driver/Src/stm32f4xx_hal_uart.o
 .text.UART_EndTransmit_IT
                0x0000000008009966       0x30 ./Drivers/STM32F4xx_HAL_Driver/Src/stm32f4xx_hal_uart.o
 .text.UART_Receive_IT
                0x0000000008009996      0x176 ./Drivers/STM32F4xx_HAL_Driver/Src/stm32f4xx_hal_uart.o
 .text.UART_SetConfig
                0x0000000008009b0c      0x4e8 ./Drivers/STM32F4xx_HAL_Driver/Src/stm32f4xx_hal_uart.o
 .text.USB_CoreInit
                0x0000000008009ff4       0xc2 ./Drivers/STM32F4xx_HAL_Driver/Src/stm32f4xx_ll_usb.o
                0x0000000008009ff4                USB_CoreInit
 .text.USB_EnableGlobalInt
                0x000000000800a0b6       0x22 ./Drivers/STM32F4xx_HAL_Driver/Src/stm32f4xx_ll_usb.o
                0x000000000800a0b6                USB_EnableGlobalInt
 .text.USB_DisableGlobalInt
                0x000000000800a0d8       0x22 ./Drivers/STM32F4xx_HAL_Driver/Src/stm32f4xx_ll_usb.o
                0x000000000800a0d8                USB_DisableGlobalInt
 .text.USB_SetCurrentMode
                0x000000000800a0fa       0x98 ./Drivers/STM32F4xx_HAL_Driver/Src/stm32f4xx_ll_usb.o
                0x000000000800a0fa                USB_SetCurrentMode
 *fill*         0x000000000800a192        0x2 
 .text.USB_FlushTxFifo
                0x000000000800a194       0x68 ./Drivers/STM32F4xx_HAL_Driver/Src/stm32f4xx_ll_usb.o
                0x000000000800a194                USB_FlushTxFifo
 .text.USB_FlushRxFifo
                0x000000000800a1fc       0x60 ./Drivers/STM32F4xx_HAL_Driver/Src/stm32f4xx_ll_usb.o
                0x000000000800a1fc                USB_FlushRxFifo
 .text.USB_WritePacket
                0x000000000800a25c       0x7c ./Drivers/STM32F4xx_HAL_Driver/Src/stm32f4xx_ll_usb.o
                0x000000000800a25c                USB_WritePacket
 .text.USB_ReadPacket
                0x000000000800a2d8       0xb0 ./Drivers/STM32F4xx_HAL_Driver/Src/stm32f4xx_ll_usb.o
                0x000000000800a2d8                USB_ReadPacket
 .text.USB_ReadInterrupts
                0x000000000800a388       0x26 ./Drivers/STM32F4xx_HAL_Driver/Src/stm32f4xx_ll_usb.o
                0x000000000800a388                USB_ReadInterrupts
 .text.USB_GetMode
                0x000000000800a3ae       0x1c ./Drivers/STM32F4xx_HAL_Driver/Src/stm32f4xx_ll_usb.o
                0x000000000800a3ae                USB_GetMode
 *fill*         0x000000000800a3ca        0x2 
 .text.USB_CoreReset
                0x000000000800a3cc       0x68 ./Drivers/STM32F4xx_HAL_Driver/Src/stm32f4xx_ll_usb.o
 .text.USB_HostInit
                0x000000000800a434      0x180 ./Drivers/STM32F4xx_HAL_Driver/Src/stm32f4xx_ll_usb.o
                0x000000000800a434                USB_HostInit
 .text.USB_InitFSLSPClkSel
                0x000000000800a5b4       0x74 ./Drivers/STM32F4xx_HAL_Driver/Src/stm32f4xx_ll_usb.o
                0x000000000800a5b4                USB_InitFSLSPClkSel
 .text.USB_ResetPort
                0x000000000800a628       0x54 ./Drivers/STM32F4xx_HAL_Driver/Src/stm32f4xx_ll_usb.o
                0x000000000800a628                USB_ResetPort
 .text.USB_DriveVbus
                0x000000000800a67c       0x72 ./Drivers/STM32F4xx_HAL_Driver/Src/stm32f4xx_ll_usb.o
                0x000000000800a67c                USB_DriveVbus
 .text.USB_GetHostSpeed
                0x000000000800a6ee       0x2e ./Drivers/STM32F4xx_HAL_Driver/Src/stm32f4xx_ll_usb.o
                0x000000000800a6ee                USB_GetHostSpeed
 .text.USB_GetCurrentFrame
                0x000000000800a71c       0x22 ./Drivers/STM32F4xx_HAL_Driver/Src/stm32f4xx_ll_usb.o
                0x000000000800a71c                USB_GetCurrentFrame
 *fill*         0x000000000800a73e        0x2 
 .text.USB_HC_Init
                0x000000000800a740      0x244 ./Drivers/STM32F4xx_HAL_Driver/Src/stm32f4xx_ll_usb.o
                0x000000000800a740                USB_HC_Init
 .text.USB_HC_StartXfer
                0x000000000800a984      0x284 ./Drivers/STM32F4xx_HAL_Driver/Src/stm32f4xx_ll_usb.o
                0x000000000800a984                USB_HC_StartXfer
 .text.USB_HC_ReadInterrupt
                0x000000000800ac08       0x22 ./Drivers/STM32F4xx_HAL_Driver/Src/stm32f4xx_ll_usb.o
                0x000000000800ac08                USB_HC_ReadInterrupt
 .text.USB_HC_Halt
                0x000000000800ac2a      0x1f8 ./Drivers/STM32F4xx_HAL_Driver/Src/stm32f4xx_ll_usb.o
                0x000000000800ac2a                USB_HC_Halt
 *fill*         0x000000000800ae22        0x2 
 .text.USB_DoPing
                0x000000000800ae24       0x78 ./Drivers/STM32F4xx_HAL_Driver/Src/stm32f4xx_ll_usb.o
                0x000000000800ae24                USB_DoPing
 .text.USB_StopHost
                0x000000000800ae9c      0x124 ./Drivers/STM32F4xx_HAL_Driver/Src/stm32f4xx_ll_usb.o
                0x000000000800ae9c                USB_StopHost
 .text.MX_FATFS_Init
                0x000000000800afc0       0x24 ./FATFS/App/fatfs.o
                0x000000000800afc0                MX_FATFS_Init
 .text.get_fattime
                0x000000000800afe4       0x10 ./FATFS/App/fatfs.o
                0x000000000800afe4                get_fattime
 .text.USER_initialize
                0x000000000800aff4       0x34 ./FATFS/Target/user_diskio.o
                0x000000000800aff4                USER_initialize
 .text.USER_status
                0x000000000800b028       0x2c ./FATFS/Target/user_diskio.o
                0x000000000800b028                USER_status
 .text.USER_read
                0x000000000800b054       0x78 ./FATFS/Target/user_diskio.o
                0x000000000800b054                USER_read
 .text.USER_write
                0x000000000800b0cc       0x8c ./FATFS/Target/user_diskio.o
                0x000000000800b0cc                USER_write
 .text.USER_ioctl
                0x000000000800b158       0x88 ./FATFS/Target/user_diskio.o
                0x000000000800b158                USER_ioctl
 .text.USBH_CDC_InterfaceInit
                0x000000000800b1e0      0x2ac ./Middlewares/ST/STM32_USB_Host_Library/Class/CDC/Src/usbh_cdc.o
 .text.USBH_CDC_InterfaceDeInit
                0x000000000800b48c       0xb2 ./Middlewares/ST/STM32_USB_Host_Library/Class/CDC/Src/usbh_cdc.o
 .text.USBH_CDC_ClassRequest
                0x000000000800b53e       0x3e ./Middlewares/ST/STM32_USB_Host_Library/Class/CDC/Src/usbh_cdc.o
 .text.USBH_CDC_Process
                0x000000000800b57c      0x12c ./Middlewares/ST/STM32_USB_Host_Library/Class/CDC/Src/usbh_cdc.o
 .text.USBH_CDC_SOFProcess
                0x000000000800b6a8       0x16 ./Middlewares/ST/STM32_USB_Host_Library/Class/CDC/Src/usbh_cdc.o
 .text.GetLineCoding
                0x000000000800b6be       0x3e ./Middlewares/ST/STM32_USB_Host_Library/Class/CDC/Src/usbh_cdc.o
 .text.SetLineCoding
                0x000000000800b6fc       0x3e ./Middlewares/ST/STM32_USB_Host_Library/Class/CDC/Src/usbh_cdc.o
 .text.CDC_ProcessTransmission
                0x000000000800b73a       0xec ./Middlewares/ST/STM32_USB_Host_Library/Class/CDC/Src/usbh_cdc.o
 .text.CDC_ProcessReception
                0x000000000800b826       0xb6 ./Middlewares/ST/STM32_USB_Host_Library/Class/CDC/Src/usbh_cdc.o
 .text.USBH_CDC_TransmitCallback
                0x000000000800b8dc       0x14 ./Middlewares/ST/STM32_USB_Host_Library/Class/CDC/Src/usbh_cdc.o
                0x000000000800b8dc                USBH_CDC_TransmitCallback
 .text.USBH_CDC_ReceiveCallback
                0x000000000800b8f0       0x14 ./Middlewares/ST/STM32_USB_Host_Library/Class/CDC/Src/usbh_cdc.o
                0x000000000800b8f0                USBH_CDC_ReceiveCallback
 .text.USBH_CDC_LineCodingChanged
                0x000000000800b904       0x14 ./Middlewares/ST/STM32_USB_Host_Library/Class/CDC/Src/usbh_cdc.o
                0x000000000800b904                USBH_CDC_LineCodingChanged
 .text.USBH_Init
                0x000000000800b918       0x74 ./Middlewares/ST/STM32_USB_Host_Library/Core/Src/usbh_core.o
                0x000000000800b918                USBH_Init
 .text.DeInitStateMachine
                0x000000000800b98c       0xa8 ./Middlewares/ST/STM32_USB_Host_Library/Core/Src/usbh_core.o
 .text.USBH_RegisterClass
                0x000000000800ba34       0x54 ./Middlewares/ST/STM32_USB_Host_Library/Core/Src/usbh_core.o
                0x000000000800ba34                USBH_RegisterClass
 .text.USBH_SelectInterface
                0x000000000800ba88       0x38 ./Middlewares/ST/STM32_USB_Host_Library/Core/Src/usbh_core.o
                0x000000000800ba88                USBH_SelectInterface
 .text.USBH_FindInterface
                0x000000000800bac0       0x8c ./Middlewares/ST/STM32_USB_Host_Library/Core/Src/usbh_core.o
                0x000000000800bac0                USBH_FindInterface
 .text.USBH_Start
                0x000000000800bb4c       0x20 ./Middlewares/ST/STM32_USB_Host_Library/Core/Src/usbh_core.o
                0x000000000800bb4c                USBH_Start
 .text.USBH_Process
                0x000000000800bb6c      0x3d8 ./Middlewares/ST/STM32_USB_Host_Library/Core/Src/usbh_core.o
                0x000000000800bb6c                USBH_Process
 .text.USBH_HandleEnum
                0x000000000800bf44      0x3c8 ./Middlewares/ST/STM32_USB_Host_Library/Core/Src/usbh_core.o
 .text.USBH_LL_SetTimer
                0x000000000800c30c       0x1e ./Middlewares/ST/STM32_USB_Host_Library/Core/Src/usbh_core.o
                0x000000000800c30c                USBH_LL_SetTimer
 .text.USBH_LL_IncTimer
                0x000000000800c32a       0x24 ./Middlewares/ST/STM32_USB_Host_Library/Core/Src/usbh_core.o
                0x000000000800c32a                USBH_LL_IncTimer
 .text.USBH_HandleSof
                0x000000000800c34e       0x30 ./Middlewares/ST/STM32_USB_Host_Library/Core/Src/usbh_core.o
 .text.USBH_LL_PortEnabled
                0x000000000800c37e       0x1c ./Middlewares/ST/STM32_USB_Host_Library/Core/Src/usbh_core.o
                0x000000000800c37e                USBH_LL_PortEnabled
 .text.USBH_LL_PortDisabled
                0x000000000800c39a       0x1c ./Middlewares/ST/STM32_USB_Host_Library/Core/Src/usbh_core.o
                0x000000000800c39a                USBH_LL_PortDisabled
 .text.USBH_LL_Connect
                0x000000000800c3b6       0x2e ./Middlewares/ST/STM32_USB_Host_Library/Core/Src/usbh_core.o
                0x000000000800c3b6                USBH_LL_Connect
 .text.USBH_LL_Disconnect
                0x000000000800c3e4       0x48 ./Middlewares/ST/STM32_USB_Host_Library/Core/Src/usbh_core.o
                0x000000000800c3e4                USBH_LL_Disconnect
 .text.USBH_Get_DevDesc
                0x000000000800c42c       0x50 ./Middlewares/ST/STM32_USB_Host_Library/Core/Src/usbh_ctlreq.o
                0x000000000800c42c                USBH_Get_DevDesc
 .text.USBH_Get_CfgDesc
                0x000000000800c47c       0x48 ./Middlewares/ST/STM32_USB_Host_Library/Core/Src/usbh_ctlreq.o
                0x000000000800c47c                USBH_Get_CfgDesc
 .text.USBH_Get_StringDesc
                0x000000000800c4c4       0x56 ./Middlewares/ST/STM32_USB_Host_Library/Core/Src/usbh_ctlreq.o
                0x000000000800c4c4                USBH_Get_StringDesc
 .text.USBH_GetDescriptor
                0x000000000800c51a       0x6a ./Middlewares/ST/STM32_USB_Host_Library/Core/Src/usbh_ctlreq.o
                0x000000000800c51a                USBH_GetDescriptor
 .text.USBH_SetAddress
                0x000000000800c584       0x48 ./Middlewares/ST/STM32_USB_Host_Library/Core/Src/usbh_ctlreq.o
                0x000000000800c584                USBH_SetAddress
 .text.USBH_SetCfg
                0x000000000800c5cc       0x46 ./Middlewares/ST/STM32_USB_Host_Library/Core/Src/usbh_ctlreq.o
                0x000000000800c5cc                USBH_SetCfg
 .text.USBH_SetFeature
                0x000000000800c612       0x48 ./Middlewares/ST/STM32_USB_Host_Library/Core/Src/usbh_ctlreq.o
                0x000000000800c612                USBH_SetFeature
 .text.USBH_ClrFeature
                0x000000000800c65a       0x48 ./Middlewares/ST/STM32_USB_Host_Library/Core/Src/usbh_ctlreq.o
                0x000000000800c65a                USBH_ClrFeature
 .text.USBH_ParseDevDesc
                0x000000000800c6a2      0x122 ./Middlewares/ST/STM32_USB_Host_Library/Core/Src/usbh_ctlreq.o
 .text.USBH_ParseCfgDesc
                0x000000000800c7c4      0x1ec ./Middlewares/ST/STM32_USB_Host_Library/Core/Src/usbh_ctlreq.o
 .text.USBH_ParseInterfaceDesc
                0x000000000800c9b0       0x5e ./Middlewares/ST/STM32_USB_Host_Library/Core/Src/usbh_ctlreq.o
 .text.USBH_ParseEPDesc
                0x000000000800ca0e      0x14a ./Middlewares/ST/STM32_USB_Host_Library/Core/Src/usbh_ctlreq.o
 .text.USBH_ParseStringDesc
                0x000000000800cb58       0x66 ./Middlewares/ST/STM32_USB_Host_Library/Core/Src/usbh_ctlreq.o
 .text.USBH_GetNextDesc
                0x000000000800cbbe       0x36 ./Middlewares/ST/STM32_USB_Host_Library/Core/Src/usbh_ctlreq.o
                0x000000000800cbbe                USBH_GetNextDesc
 .text.USBH_CtlReq
                0x000000000800cbf4       0x7a ./Middlewares/ST/STM32_USB_Host_Library/Core/Src/usbh_ctlreq.o
                0x000000000800cbf4                USBH_CtlReq
 *fill*         0x000000000800cc6e        0x2 
 .text.USBH_HandleControl
                0x000000000800cc70      0x2e8 ./Middlewares/ST/STM32_USB_Host_Library/Core/Src/usbh_ctlreq.o
 .text.USBH_CtlSendSetup
                0x000000000800cf58       0x34 ./Middlewares/ST/STM32_USB_Host_Library/Core/Src/usbh_ioreq.o
                0x000000000800cf58                USBH_CtlSendSetup
 .text.USBH_CtlSendData
                0x000000000800cf8c       0x4a ./Middlewares/ST/STM32_USB_Host_Library/Core/Src/usbh_ioreq.o
                0x000000000800cf8c                USBH_CtlSendData
 .text.USBH_CtlReceiveData
                0x000000000800cfd6       0x3c ./Middlewares/ST/STM32_USB_Host_Library/Core/Src/usbh_ioreq.o
                0x000000000800cfd6                USBH_CtlReceiveData
 .text.USBH_BulkSendData
                0x000000000800d012       0x4a ./Middlewares/ST/STM32_USB_Host_Library/Core/Src/usbh_ioreq.o
                0x000000000800d012                USBH_BulkSendData
 .text.USBH_BulkReceiveData
                0x000000000800d05c       0x3c ./Middlewares/ST/STM32_USB_Host_Library/Core/Src/usbh_ioreq.o
                0x000000000800d05c                USBH_BulkReceiveData
 .text.USBH_OpenPipe
                0x000000000800d098       0x3e ./Middlewares/ST/STM32_USB_Host_Library/Core/Src/usbh_pipes.o
                0x000000000800d098                USBH_OpenPipe
 .text.USBH_ClosePipe
                0x000000000800d0d6       0x20 ./Middlewares/ST/STM32_USB_Host_Library/Core/Src/usbh_pipes.o
                0x000000000800d0d6                USBH_ClosePipe
 .text.USBH_AllocPipe
                0x000000000800d0f6       0x42 ./Middlewares/ST/STM32_USB_Host_Library/Core/Src/usbh_pipes.o
                0x000000000800d0f6                USBH_AllocPipe
 .text.USBH_FreePipe
                0x000000000800d138       0x3c ./Middlewares/ST/STM32_USB_Host_Library/Core/Src/usbh_pipes.o
                0x000000000800d138                USBH_FreePipe
 .text.USBH_GetFreePipe
                0x000000000800d174       0x48 ./Middlewares/ST/STM32_USB_Host_Library/Core/Src/usbh_pipes.o
 .text.disk_status
                0x000000000800d1bc       0x34 ./Middlewares/Third_Party/FatFs/src/diskio.o
                0x000000000800d1bc                disk_status
 .text.disk_initialize
                0x000000000800d1f0       0x4c ./Middlewares/Third_Party/FatFs/src/diskio.o
                0x000000000800d1f0                disk_initialize
 .text.disk_read
                0x000000000800d23c       0x40 ./Middlewares/Third_Party/FatFs/src/diskio.o
                0x000000000800d23c                disk_read
 .text.disk_write
                0x000000000800d27c       0x40 ./Middlewares/Third_Party/FatFs/src/diskio.o
                0x000000000800d27c                disk_write
 .text.disk_ioctl
                0x000000000800d2bc       0x3c ./Middlewares/Third_Party/FatFs/src/diskio.o
                0x000000000800d2bc                disk_ioctl
 .text.ld_word  0x000000000800d2f8       0x30 ./Middlewares/Third_Party/FatFs/src/ff.o
 .text.ld_dword
                0x000000000800d328       0x46 ./Middlewares/Third_Party/FatFs/src/ff.o
 .text.st_word  0x000000000800d36e       0x36 ./Middlewares/Third_Party/FatFs/src/ff.o
 .text.st_dword
                0x000000000800d3a4       0x58 ./Middlewares/Third_Party/FatFs/src/ff.o
 .text.mem_cpy  0x000000000800d3fc       0x42 ./Middlewares/Third_Party/FatFs/src/ff.o
 .text.mem_set  0x000000000800d43e       0x36 ./Middlewares/Third_Party/FatFs/src/ff.o
 .text.mem_cmp  0x000000000800d474       0x4e ./Middlewares/Third_Party/FatFs/src/ff.o
 .text.chk_chr  0x000000000800d4c2       0x36 ./Middlewares/Third_Party/FatFs/src/ff.o
 .text.chk_lock
                0x000000000800d4f8       0xb8 ./Middlewares/Third_Party/FatFs/src/ff.o
 .text.enq_lock
                0x000000000800d5b0       0x44 ./Middlewares/Third_Party/FatFs/src/ff.o
 .text.inc_lock
                0x000000000800d5f4      0x11c ./Middlewares/Third_Party/FatFs/src/ff.o
 .text.dec_lock
                0x000000000800d710       0x78 ./Middlewares/Third_Party/FatFs/src/ff.o
 .text.clear_lock
                0x000000000800d788       0x48 ./Middlewares/Third_Party/FatFs/src/ff.o
 .text.sync_window
                0x000000000800d7d0       0x88 ./Middlewares/Third_Party/FatFs/src/ff.o
 .text.move_window
                0x000000000800d858       0x5a ./Middlewares/Third_Party/FatFs/src/ff.o
 *fill*         0x000000000800d8b2        0x2 
 .text.sync_fs  0x000000000800d8b4       0xe0 ./Middlewares/Third_Party/FatFs/src/ff.o
 .text.clust2sect
                0x000000000800d994       0x3e ./Middlewares/Third_Party/FatFs/src/ff.o
 .text.get_fat  0x000000000800d9d2      0x1a8 ./Middlewares/Third_Party/FatFs/src/ff.o
 .text.put_fat  0x000000000800db7a      0x238 ./Middlewares/Third_Party/FatFs/src/ff.o
 .text.remove_chain
                0x000000000800ddb2       0xca ./Middlewares/Third_Party/FatFs/src/ff.o
 .text.create_chain
                0x000000000800de7c      0x130 ./Middlewares/Third_Party/FatFs/src/ff.o
 .text.clmt_clust
                0x000000000800dfac       0x70 ./Middlewares/Third_Party/FatFs/src/ff.o
 .text.dir_sdi  0x000000000800e01c      0x112 ./Middlewares/Third_Party/FatFs/src/ff.o
 .text.dir_next
                0x000000000800e12e      0x1ac ./Middlewares/Third_Party/FatFs/src/ff.o
 .text.dir_alloc
                0x000000000800e2da       0x8e ./Middlewares/Third_Party/FatFs/src/ff.o
 .text.ld_clust
                0x000000000800e368       0x3e ./Middlewares/Third_Party/FatFs/src/ff.o
 .text.st_clust
                0x000000000800e3a6       0x40 ./Middlewares/Third_Party/FatFs/src/ff.o
 *fill*         0x000000000800e3e6        0x2 
 .text.cmp_lfn  0x000000000800e3e8       0xe0 ./Middlewares/Third_Party/FatFs/src/ff.o
 .text.pick_lfn
                0x000000000800e4c8       0xc8 ./Middlewares/Third_Party/FatFs/src/ff.o
 .text.put_lfn  0x000000000800e590       0xd0 ./Middlewares/Third_Party/FatFs/src/ff.o
 .text.gen_numname
                0x000000000800e660      0x11c ./Middlewares/Third_Party/FatFs/src/ff.o
 .text.sum_sfn  0x000000000800e77c       0x42 ./Middlewares/Third_Party/FatFs/src/ff.o
 .text.dir_read
                0x000000000800e7be      0x14e ./Middlewares/Third_Party/FatFs/src/ff.o
 .text.dir_find
                0x000000000800e90c      0x180 ./Middlewares/Third_Party/FatFs/src/ff.o
 .text.dir_register
                0x000000000800ea8c      0x1f0 ./Middlewares/Third_Party/FatFs/src/ff.o
 .text.get_fileinfo
                0x000000000800ec7c      0x1ba ./Middlewares/Third_Party/FatFs/src/ff.o
 *fill*         0x000000000800ee36        0x2 
 .text.create_name
                0x000000000800ee38      0x370 ./Middlewares/Third_Party/FatFs/src/ff.o
 .text.follow_path
                0x000000000800f1a8       0xec ./Middlewares/Third_Party/FatFs/src/ff.o
 .text.get_ldnumber
                0x000000000800f294       0x88 ./Middlewares/Third_Party/FatFs/src/ff.o
 .text.check_fs
                0x000000000800f31c       0xac ./Middlewares/Third_Party/FatFs/src/ff.o
 .text.find_volume
                0x000000000800f3c8      0x50c ./Middlewares/Third_Party/FatFs/src/ff.o
 .text.validate
                0x000000000800f8d4       0x6a ./Middlewares/Third_Party/FatFs/src/ff.o
 *fill*         0x000000000800f93e        0x2 
 .text.f_mount  0x000000000800f940       0x8c ./Middlewares/Third_Party/FatFs/src/ff.o
                0x000000000800f940                f_mount
 .text.f_open   0x000000000800f9cc      0x398 ./Middlewares/Third_Party/FatFs/src/ff.o
                0x000000000800f9cc                f_open
 .text.f_read   0x000000000800fd64      0x2be ./Middlewares/Third_Party/FatFs/src/ff.o
                0x000000000800fd64                f_read
 .text.f_sync   0x0000000008010022       0xfc ./Middlewares/Third_Party/FatFs/src/ff.o
                0x0000000008010022                f_sync
 .text.f_close  0x000000000801011e       0x54 ./Middlewares/Third_Party/FatFs/src/ff.o
                0x000000000801011e                f_close
 .text.f_lseek  0x0000000008010172      0x448 ./Middlewares/Third_Party/FatFs/src/ff.o
                0x0000000008010172                f_lseek
 .text.f_opendir
                0x00000000080105ba       0xe6 ./Middlewares/Third_Party/FatFs/src/ff.o
                0x00000000080105ba                f_opendir
 .text.f_closedir
                0x00000000080106a0       0x4c ./Middlewares/Third_Party/FatFs/src/ff.o
                0x00000000080106a0                f_closedir
 .text.f_readdir
                0x00000000080106ec       0x7a ./Middlewares/Third_Party/FatFs/src/ff.o
                0x00000000080106ec                f_readdir
 .text.f_getfree
                0x0000000008010766      0x16a ./Middlewares/Third_Party/FatFs/src/ff.o
                0x0000000008010766                f_getfree
 .text.f_gets   0x00000000080108d0       0x7a ./Middlewares/Third_Party/FatFs/src/ff.o
                0x00000000080108d0                f_gets
 *fill*         0x000000000801094a        0x2 
 .text.FATFS_LinkDriverEx
                0x000000000801094c       0x98 ./Middlewares/Third_Party/FatFs/src/ff_gen_drv.o
                0x000000000801094c                FATFS_LinkDriverEx
 .text.FATFS_LinkDriver
                0x00000000080109e4       0x1e ./Middlewares/Third_Party/FatFs/src/ff_gen_drv.o
                0x00000000080109e4                FATFS_LinkDriver
 *fill*         0x0000000008010a02        0x2 
 .text.FATFS_UnLinkDriverEx
                0x0000000008010a04       0x70 ./Middlewares/Third_Party/FatFs/src/ff_gen_drv.o
                0x0000000008010a04                FATFS_UnLinkDriverEx
 .text.FATFS_UnLinkDriver
                0x0000000008010a74       0x1a ./Middlewares/Third_Party/FatFs/src/ff_gen_drv.o
                0x0000000008010a74                FATFS_UnLinkDriver
 *fill*         0x0000000008010a8e        0x2 
 .text.ff_convert
                0x0000000008010a90       0x78 ./Middlewares/Third_Party/FatFs/src/option/ccsbcs.o
                0x0000000008010a90                ff_convert
 .text.ff_wtoupper
                0x0000000008010b08      0x114 ./Middlewares/Third_Party/FatFs/src/option/ccsbcs.o
                0x0000000008010b08                ff_wtoupper
 .text.MX_USB_HOST_Init
                0x0000000008010c1c       0x4c ./USB_HOST/App/usb_host.o
                0x0000000008010c1c                MX_USB_HOST_Init
 .text.MX_USB_HOST_Process
                0x0000000008010c68       0x14 ./USB_HOST/App/usb_host.o
                0x0000000008010c68                MX_USB_HOST_Process
 .text.USBH_UserProcess
                0x0000000008010c7c       0x5c ./USB_HOST/App/usb_host.o
 .text.HAL_HCD_MspInit
                0x0000000008010cd8       0xc4 ./USB_HOST/Target/usbh_conf.o
                0x0000000008010cd8                HAL_HCD_MspInit
 .text.HAL_HCD_SOF_Callback
                0x0000000008010d9c       0x1c ./USB_HOST/Target/usbh_conf.o
                0x0000000008010d9c                HAL_HCD_SOF_Callback
 .text.HAL_HCD_Connect_Callback
                0x0000000008010db8       0x1c ./USB_HOST/Target/usbh_conf.o
                0x0000000008010db8                HAL_HCD_Connect_Callback
 .text.HAL_HCD_Disconnect_Callback
                0x0000000008010dd4       0x1c ./USB_HOST/Target/usbh_conf.o
                0x0000000008010dd4                HAL_HCD_Disconnect_Callback
 .text.HAL_HCD_HC_NotifyURBChange_Callback
                0x0000000008010df0       0x1c ./USB_HOST/Target/usbh_conf.o
                0x0000000008010df0                HAL_HCD_HC_NotifyURBChange_Callback
 .text.HAL_HCD_PortEnabled_Callback
                0x0000000008010e0c       0x1c ./USB_HOST/Target/usbh_conf.o
                0x0000000008010e0c                HAL_HCD_PortEnabled_Callback
 .text.HAL_HCD_PortDisabled_Callback
                0x0000000008010e28       0x1c ./USB_HOST/Target/usbh_conf.o
                0x0000000008010e28                HAL_HCD_PortDisabled_Callback
 .text.USBH_LL_Init
                0x0000000008010e44       0x78 ./USB_HOST/Target/usbh_conf.o
                0x0000000008010e44                USBH_LL_Init
 .text.USBH_LL_Start
                0x0000000008010ebc       0x36 ./USB_HOST/Target/usbh_conf.o
                0x0000000008010ebc                USBH_LL_Start
 .text.USBH_LL_Stop
                0x0000000008010ef2       0x36 ./USB_HOST/Target/usbh_conf.o
                0x0000000008010ef2                USBH_LL_Stop
 .text.USBH_LL_GetSpeed
                0x0000000008010f28       0x4e ./USB_HOST/Target/usbh_conf.o
                0x0000000008010f28                USBH_LL_GetSpeed
 .text.USBH_LL_ResetPort
                0x0000000008010f76       0x36 ./USB_HOST/Target/usbh_conf.o
                0x0000000008010f76                USBH_LL_ResetPort
 .text.USBH_LL_GetLastXferSize
                0x0000000008010fac       0x26 ./USB_HOST/Target/usbh_conf.o
                0x0000000008010fac                USBH_LL_GetLastXferSize
 .text.USBH_LL_OpenPipe
                0x0000000008010fd2       0x5e ./USB_HOST/Target/usbh_conf.o
                0x0000000008010fd2                USBH_LL_OpenPipe
 .text.USBH_LL_ClosePipe
                0x0000000008011030       0x3e ./USB_HOST/Target/usbh_conf.o
                0x0000000008011030                USBH_LL_ClosePipe
 .text.USBH_LL_SubmitURB
                0x000000000801106e       0x62 ./USB_HOST/Target/usbh_conf.o
                0x000000000801106e                USBH_LL_SubmitURB
 .text.USBH_LL_GetURBState
                0x00000000080110d0       0x26 ./USB_HOST/Target/usbh_conf.o
                0x00000000080110d0                USBH_LL_GetURBState
 .text.USBH_LL_DriverVBUS
                0x00000000080110f6       0x2e ./USB_HOST/Target/usbh_conf.o
                0x00000000080110f6                USBH_LL_DriverVBUS
 .text.USBH_LL_SetToggle
                0x0000000008011124       0x60 ./USB_HOST/Target/usbh_conf.o
                0x0000000008011124                USBH_LL_SetToggle
 .text.USBH_Delay
                0x0000000008011184       0x16 ./USB_HOST/Target/usbh_conf.o
                0x0000000008011184                USBH_Delay
 *fill*         0x000000000801119a        0x2 
 .text.USBH_Get_USB_Status
                0x000000000801119c       0x58 ./USB_HOST/Target/usbh_conf.o
                0x000000000801119c                USBH_Get_USB_Status
 .text.MX_DriverVbusFS
                0x00000000080111f4       0x38 ./USB_HOST/Target/usbh_platform.o
                0x00000000080111f4                MX_DriverVbusFS
 .text.__errno  0x000000000801122c        0xc /opt/st/stm32cubeide_1.10.1/plugins/com.st.stm32cube.ide.mcu.externaltools.gnu-tools-for-stm32.10.3-2021.10.linux64_1.0.0.202111181127/tools/bin/../lib/gcc/arm-none-eabi/10.3.1/../../../../arm-none-eabi/lib/thumb/v7e-m+fp/hard/libc_nano.a(lib_a-errno.o)
                0x000000000801122c                __errno
 .text.__libc_init_array
                0x0000000008011238       0x48 /opt/st/stm32cubeide_1.10.1/plugins/com.st.stm32cube.ide.mcu.externaltools.gnu-tools-for-stm32.10.3-2021.10.linux64_1.0.0.202111181127/tools/bin/../lib/gcc/arm-none-eabi/10.3.1/../../../../arm-none-eabi/lib/thumb/v7e-m+fp/hard/libc_nano.a(lib_a-init.o)
                0x0000000008011238                __libc_init_array
 .text.malloc   0x0000000008011280       0x10 /opt/st/stm32cubeide_1.10.1/plugins/com.st.stm32cube.ide.mcu.externaltools.gnu-tools-for-stm32.10.3-2021.10.linux64_1.0.0.202111181127/tools/bin/../lib/gcc/arm-none-eabi/10.3.1/../../../../arm-none-eabi/lib/thumb/v7e-m+fp/hard/libc_nano.a(lib_a-malloc.o)
                0x0000000008011280                malloc
 .text.free     0x0000000008011290       0x10 /opt/st/stm32cubeide_1.10.1/plugins/com.st.stm32cube.ide.mcu.externaltools.gnu-tools-for-stm32.10.3-2021.10.linux64_1.0.0.202111181127/tools/bin/../lib/gcc/arm-none-eabi/10.3.1/../../../../arm-none-eabi/lib/thumb/v7e-m+fp/hard/libc_nano.a(lib_a-malloc.o)
                0x0000000008011290                free
 .text.memset   0x00000000080112a0       0x10 /opt/st/stm32cubeide_1.10.1/plugins/com.st.stm32cube.ide.mcu.externaltools.gnu-tools-for-stm32.10.3-2021.10.linux64_1.0.0.202111181127/tools/bin/../lib/gcc/arm-none-eabi/10.3.1/../../../../arm-none-eabi/lib/thumb/v7e-m+fp/hard/libc_nano.a(lib_a-memset.o)
                0x00000000080112a0                memset
 .text._free_r  0x00000000080112b0       0x98 /opt/st/stm32cubeide_1.10.1/plugins/com.st.stm32cube.ide.mcu.externaltools.gnu-tools-for-stm32.10.3-2021.10.linux64_1.0.0.202111181127/tools/bin/../lib/gcc/arm-none-eabi/10.3.1/../../../../arm-none-eabi/lib/thumb/v7e-m+fp/hard/libc_nano.a(lib_a-nano-freer.o)
                0x00000000080112b0                _free_r
 .text.sbrk_aligned
                0x0000000008011348       0x40 /opt/st/stm32cubeide_1.10.1/plugins/com.st.stm32cube.ide.mcu.externaltools.gnu-tools-for-stm32.10.3-2021.10.linux64_1.0.0.202111181127/tools/bin/../lib/gcc/arm-none-eabi/10.3.1/../../../../arm-none-eabi/lib/thumb/v7e-m+fp/hard/libc_nano.a(lib_a-nano-mallocr.o)
 .text._malloc_r
                0x0000000008011388       0xe8 /opt/st/stm32cubeide_1.10.1/plugins/com.st.stm32cube.ide.mcu.externaltools.gnu-tools-for-stm32.10.3-2021.10.linux64_1.0.0.202111181127/tools/bin/../lib/gcc/arm-none-eabi/10.3.1/../../../../arm-none-eabi/lib/thumb/v7e-m+fp/hard/libc_nano.a(lib_a-nano-mallocr.o)
                0x0000000008011388                _malloc_r
 .text._sbrk_r  0x0000000008011470       0x20 /opt/st/stm32cubeide_1.10.1/plugins/com.st.stm32cube.ide.mcu.externaltools.gnu-tools-for-stm32.10.3-2021.10.linux64_1.0.0.202111181127/tools/bin/../lib/gcc/arm-none-eabi/10.3.1/../../../../arm-none-eabi/lib/thumb/v7e-m+fp/hard/libc_nano.a(lib_a-sbrkr.o)
                0x0000000008011470                _sbrk_r
 .text.sprintf  0x0000000008011490       0x40 /opt/st/stm32cubeide_1.10.1/plugins/com.st.stm32cube.ide.mcu.externaltools.gnu-tools-for-stm32.10.3-2021.10.linux64_1.0.0.202111181127/tools/bin/../lib/gcc/arm-none-eabi/10.3.1/../../../../arm-none-eabi/lib/thumb/v7e-m+fp/hard/libc_nano.a(lib_a-sprintf.o)
                0x0000000008011490                sprintf
                0x0000000008011490                siprintf
 .text.__malloc_lock
                0x00000000080114d0        0xc /opt/st/stm32cubeide_1.10.1/plugins/com.st.stm32cube.ide.mcu.externaltools.gnu-tools-for-stm32.10.3-2021.10.linux64_1.0.0.202111181127/tools/bin/../lib/gcc/arm-none-eabi/10.3.1/../../../../arm-none-eabi/lib/thumb/v7e-m+fp/hard/libc_nano.a(lib_a-mlock.o)
                0x00000000080114d0                __malloc_lock
 .text.__malloc_unlock
                0x00000000080114dc        0xc /opt/st/stm32cubeide_1.10.1/plugins/com.st.stm32cube.ide.mcu.externaltools.gnu-tools-for-stm32.10.3-2021.10.linux64_1.0.0.202111181127/tools/bin/../lib/gcc/arm-none-eabi/10.3.1/../../../../arm-none-eabi/lib/thumb/v7e-m+fp/hard/libc_nano.a(lib_a-mlock.o)
                0x00000000080114dc                __malloc_unlock
 .text.__ssputs_r
                0x00000000080114e8       0xb6 /opt/st/stm32cubeide_1.10.1/plugins/com.st.stm32cube.ide.mcu.externaltools.gnu-tools-for-stm32.10.3-2021.10.linux64_1.0.0.202111181127/tools/bin/../lib/gcc/arm-none-eabi/10.3.1/../../../../arm-none-eabi/lib/thumb/v7e-m+fp/hard/libc_nano.a(lib_a-nano-svfprintf.o)
                0x00000000080114e8                __ssputs_r
 *fill*         0x000000000801159e        0x2 
 .text._svfprintf_r
                0x00000000080115a0      0x200 /opt/st/stm32cubeide_1.10.1/plugins/com.st.stm32cube.ide.mcu.externaltools.gnu-tools-for-stm32.10.3-2021.10.linux64_1.0.0.202111181127/tools/bin/../lib/gcc/arm-none-eabi/10.3.1/../../../../arm-none-eabi/lib/thumb/v7e-m+fp/hard/libc_nano.a(lib_a-nano-svfprintf.o)
                0x00000000080115a0                _svfprintf_r
                0x00000000080115a0                _svfiprintf_r
 .text._printf_common
                0x00000000080117a0       0xda /opt/st/stm32cubeide_1.10.1/plugins/com.st.stm32cube.ide.mcu.externaltools.gnu-tools-for-stm32.10.3-2021.10.linux64_1.0.0.202111181127/tools/bin/../lib/gcc/arm-none-eabi/10.3.1/../../../../arm-none-eabi/lib/thumb/v7e-m+fp/hard/libc_nano.a(lib_a-nano-vfprintf_i.o)
                0x00000000080117a0                _printf_common
 *fill*         0x000000000801187a        0x2 
 .text._printf_i
                0x000000000801187c      0x24c /opt/st/stm32cubeide_1.10.1/plugins/com.st.stm32cube.ide.mcu.externaltools.gnu-tools-for-stm32.10.3-2021.10.linux64_1.0.0.202111181127/tools/bin/../lib/gcc/arm-none-eabi/10.3.1/../../../../arm-none-eabi/lib/thumb/v7e-m+fp/hard/libc_nano.a(lib_a-nano-vfprintf_i.o)
                0x000000000801187c                _printf_i
 .text.__retarget_lock_acquire_recursive
                0x0000000008011ac8        0x2 /opt/st/stm32cubeide_1.10.1/plugins/com.st.stm32cube.ide.mcu.externaltools.gnu-tools-for-stm32.10.3-2021.10.linux64_1.0.0.202111181127/tools/bin/../lib/gcc/arm-none-eabi/10.3.1/../../../../arm-none-eabi/lib/thumb/v7e-m+fp/hard/libc_nano.a(lib_a-lock.o)
                0x0000000008011ac8                __retarget_lock_acquire_recursive
 .text.__retarget_lock_release_recursive
                0x0000000008011aca        0x2 /opt/st/stm32cubeide_1.10.1/plugins/com.st.stm32cube.ide.mcu.externaltools.gnu-tools-for-stm32.10.3-2021.10.linux64_1.0.0.202111181127/tools/bin/../lib/gcc/arm-none-eabi/10.3.1/../../../../arm-none-eabi/lib/thumb/v7e-m+fp/hard/libc_nano.a(lib_a-lock.o)
                0x0000000008011aca                __retarget_lock_release_recursive
 .text.memcpy   0x0000000008011acc       0x1c /opt/st/stm32cubeide_1.10.1/plugins/com.st.stm32cube.ide.mcu.externaltools.gnu-tools-for-stm32.10.3-2021.10.linux64_1.0.0.202111181127/tools/bin/../lib/gcc/arm-none-eabi/10.3.1/../../../../arm-none-eabi/lib/thumb/v7e-m+fp/hard/libc_nano.a(lib_a-memcpy-stub.o)
                0x0000000008011acc                memcpy
 .text.memmove  0x0000000008011ae8       0x34 /opt/st/stm32cubeide_1.10.1/plugins/com.st.stm32cube.ide.mcu.externaltools.gnu-tools-for-stm32.10.3-2021.10.linux64_1.0.0.202111181127/tools/bin/../lib/gcc/arm-none-eabi/10.3.1/../../../../arm-none-eabi/lib/thumb/v7e-m+fp/hard/libc_nano.a(lib_a-memmove.o)
                0x0000000008011ae8                memmove
 .text._realloc_r
                0x0000000008011b1c       0x5e /opt/st/stm32cubeide_1.10.1/plugins/com.st.stm32cube.ide.mcu.externaltools.gnu-tools-for-stm32.10.3-2021.10.linux64_1.0.0.202111181127/tools/bin/../lib/gcc/arm-none-eabi/10.3.1/../../../../arm-none-eabi/lib/thumb/v7e-m+fp/hard/libc_nano.a(lib_a-nano-reallocr.o)
                0x0000000008011b1c                _realloc_r
 .text._malloc_usable_size_r
                0x0000000008011b7a       0x10 /opt/st/stm32cubeide_1.10.1/plugins/com.st.stm32cube.ide.mcu.externaltools.gnu-tools-for-stm32.10.3-2021.10.linux64_1.0.0.202111181127/tools/bin/../lib/gcc/arm-none-eabi/10.3.1/../../../../arm-none-eabi/lib/thumb/v7e-m+fp/hard/libc_nano.a(lib_a-nano-msizer.o)
                0x0000000008011b7a                _malloc_usable_size_r
 *(.glue_7)
 .glue_7        0x0000000008011b8a        0x0 linker stubs
 *(.glue_7t)
 .glue_7t       0x0000000008011b8a        0x0 linker stubs
 *(.eh_frame)
 *fill*         0x0000000008011b8a        0x2 
 .eh_frame      0x0000000008011b8c        0x0 /opt/st/stm32cubeide_1.10.1/plugins/com.st.stm32cube.ide.mcu.externaltools.gnu-tools-for-stm32.10.3-2021.10.linux64_1.0.0.202111181127/tools/bin/../lib/gcc/arm-none-eabi/10.3.1/thumb/v7e-m+fp/hard/crtbegin.o
 *(.init)
 .init          0x0000000008011b8c        0x4 /opt/st/stm32cubeide_1.10.1/plugins/com.st.stm32cube.ide.mcu.externaltools.gnu-tools-for-stm32.10.3-2021.10.linux64_1.0.0.202111181127/tools/bin/../lib/gcc/arm-none-eabi/10.3.1/thumb/v7e-m+fp/hard/crti.o
                0x0000000008011b8c                _init
 .init          0x0000000008011b90        0x8 /opt/st/stm32cubeide_1.10.1/plugins/com.st.stm32cube.ide.mcu.externaltools.gnu-tools-for-stm32.10.3-2021.10.linux64_1.0.0.202111181127/tools/bin/../lib/gcc/arm-none-eabi/10.3.1/thumb/v7e-m+fp/hard/crtn.o
 *(.fini)
 .fini          0x0000000008011b98        0x4 /opt/st/stm32cubeide_1.10.1/plugins/com.st.stm32cube.ide.mcu.externaltools.gnu-tools-for-stm32.10.3-2021.10.linux64_1.0.0.202111181127/tools/bin/../lib/gcc/arm-none-eabi/10.3.1/thumb/v7e-m+fp/hard/crti.o
                0x0000000008011b98                _fini
 .fini          0x0000000008011b9c        0x8 /opt/st/stm32cubeide_1.10.1/plugins/com.st.stm32cube.ide.mcu.externaltools.gnu-tools-for-stm32.10.3-2021.10.linux64_1.0.0.202111181127/tools/bin/../lib/gcc/arm-none-eabi/10.3.1/thumb/v7e-m+fp/hard/crtn.o
                0x0000000008011ba4                . = ALIGN (0x4)
                0x0000000008011ba4                _etext = .

.vfp11_veneer   0x0000000008011ba4        0x0
 .vfp11_veneer  0x0000000008011ba4        0x0 linker stubs

.v4_bx          0x0000000008011ba4        0x0
 .v4_bx         0x0000000008011ba4        0x0 linker stubs

.iplt           0x0000000008011ba4        0x0
 .iplt          0x0000000008011ba4        0x0 /opt/st/stm32cubeide_1.10.1/plugins/com.st.stm32cube.ide.mcu.externaltools.gnu-tools-for-stm32.10.3-2021.10.linux64_1.0.0.202111181127/tools/bin/../lib/gcc/arm-none-eabi/10.3.1/thumb/v7e-m+fp/hard/crtbegin.o

.rodata         0x0000000008011ba4      0x5d0
                0x0000000008011ba4                . = ALIGN (0x4)
 *(.rodata)
 .rodata        0x0000000008011ba4       0x2e ./Core/Src/main.o
 *fill*         0x0000000008011bd2        0x2 
 .rodata        0x0000000008011bd4       0xbf ./Core/Src/microSD/sd_spi.o
 *fill*         0x0000000008011c93        0x1 
 .rodata        0x0000000008011c94        0x4 ./Middlewares/ST/STM32_USB_Host_Library/Class/CDC/Src/usbh_cdc.o
 .rodata        0x0000000008011c98       0x48 ./Middlewares/Third_Party/FatFs/src/ff.o
 *(.rodata*)
 .rodata.AHBPrescTable
                0x0000000008011ce0       0x10 ./Core/Src/system_stm32f4xx.o
                0x0000000008011ce0                AHBPrescTable
 .rodata.APBPrescTable
                0x0000000008011cf0        0x8 ./Core/Src/system_stm32f4xx.o
                0x0000000008011cf0                APBPrescTable
 .rodata.flagBitshiftOffset.0
                0x0000000008011cf8        0x8 ./Drivers/STM32F4xx_HAL_Driver/Src/stm32f4xx_hal_dma.o
 .rodata.ExCvt  0x0000000008011d00       0x80 ./Middlewares/Third_Party/FatFs/src/ff.o
 .rodata.LfnOfs
                0x0000000008011d80        0xd ./Middlewares/Third_Party/FatFs/src/ff.o
 *fill*         0x0000000008011d8d        0x3 
 .rodata.Tbl    0x0000000008011d90      0x100 ./Middlewares/Third_Party/FatFs/src/option/ccsbcs.o
 .rodata.cvt1.1
                0x0000000008011e90      0x1f2 ./Middlewares/Third_Party/FatFs/src/option/ccsbcs.o
 *fill*         0x0000000008012082        0x2 
 .rodata.cvt2.0
                0x0000000008012084       0xbc ./Middlewares/Third_Party/FatFs/src/option/ccsbcs.o
 .rodata._svfprintf_r.str1.1
                0x0000000008012140       0x11 /opt/st/stm32cubeide_1.10.1/plugins/com.st.stm32cube.ide.mcu.externaltools.gnu-tools-for-stm32.10.3-2021.10.linux64_1.0.0.202111181127/tools/bin/../lib/gcc/arm-none-eabi/10.3.1/../../../../arm-none-eabi/lib/thumb/v7e-m+fp/hard/libc_nano.a(lib_a-nano-svfprintf.o)
 .rodata._printf_i.str1.1
                0x0000000008012151       0x22 /opt/st/stm32cubeide_1.10.1/plugins/com.st.stm32cube.ide.mcu.externaltools.gnu-tools-for-stm32.10.3-2021.10.linux64_1.0.0.202111181127/tools/bin/../lib/gcc/arm-none-eabi/10.3.1/../../../../arm-none-eabi/lib/thumb/v7e-m+fp/hard/libc_nano.a(lib_a-nano-vfprintf_i.o)
                0x0000000008012174                . = ALIGN (0x4)
 *fill*         0x0000000008012173        0x1 

.ARM.extab      0x0000000008012174        0x0
                0x0000000008012174                . = ALIGN (0x4)
 *(.ARM.extab* .gnu.linkonce.armextab.*)
                0x0000000008012174                . = ALIGN (0x4)

.ARM            0x0000000008012174        0x8
                0x0000000008012174                . = ALIGN (0x4)
                0x0000000008012174                __exidx_start = .
 *(.ARM.exidx*)
 .ARM.exidx     0x0000000008012174        0x8 /opt/st/stm32cubeide_1.10.1/plugins/com.st.stm32cube.ide.mcu.externaltools.gnu-tools-for-stm32.10.3-2021.10.linux64_1.0.0.202111181127/tools/bin/../lib/gcc/arm-none-eabi/10.3.1/thumb/v7e-m+fp/hard/libgcc.a(_udivmoddi4.o)
                0x000000000801217c                __exidx_end = .
                0x000000000801217c                . = ALIGN (0x4)

.rel.dyn        0x000000000801217c        0x0
 .rel.iplt      0x000000000801217c        0x0 /opt/st/stm32cubeide_1.10.1/plugins/com.st.stm32cube.ide.mcu.externaltools.gnu-tools-for-stm32.10.3-2021.10.linux64_1.0.0.202111181127/tools/bin/../lib/gcc/arm-none-eabi/10.3.1/thumb/v7e-m+fp/hard/crtbegin.o

.preinit_array  0x000000000801217c        0x0
                0x000000000801217c                . = ALIGN (0x4)
                0x000000000801217c                PROVIDE (__preinit_array_start = .)
 *(.preinit_array*)
                0x000000000801217c                PROVIDE (__preinit_array_end = .)
                0x000000000801217c                . = ALIGN (0x4)

.init_array     0x000000000801217c        0x4
                0x000000000801217c                . = ALIGN (0x4)
                0x000000000801217c                PROVIDE (__init_array_start = .)
 *(SORT_BY_NAME(.init_array.*))
 *(.init_array*)
 .init_array    0x000000000801217c        0x4 /opt/st/stm32cubeide_1.10.1/plugins/com.st.stm32cube.ide.mcu.externaltools.gnu-tools-for-stm32.10.3-2021.10.linux64_1.0.0.202111181127/tools/bin/../lib/gcc/arm-none-eabi/10.3.1/thumb/v7e-m+fp/hard/crtbegin.o
                0x0000000008012180                PROVIDE (__init_array_end = .)
                0x0000000008012180                . = ALIGN (0x4)

.fini_array     0x0000000008012180        0x4
                0x0000000008012180                . = ALIGN (0x4)
                [!provide]                        PROVIDE (__fini_array_start = .)
 *(SORT_BY_NAME(.fini_array.*))
 *(.fini_array*)
 .fini_array    0x0000000008012180        0x4 /opt/st/stm32cubeide_1.10.1/plugins/com.st.stm32cube.ide.mcu.externaltools.gnu-tools-for-stm32.10.3-2021.10.linux64_1.0.0.202111181127/tools/bin/../lib/gcc/arm-none-eabi/10.3.1/thumb/v7e-m+fp/hard/crtbegin.o
                [!provide]                        PROVIDE (__fini_array_end = .)
                0x0000000008012184                . = ALIGN (0x4)
                0x0000000008012184                _sidata = LOADADDR (.data)

.data           0x0000000020000000       0xc0 load address 0x0000000008012184
                0x0000000020000000                . = ALIGN (0x4)
                0x0000000020000000                _sdata = .
 *(.data)
 *(.data*)
 .data.ARGB_BR  0x0000000020000000        0x1 ./Core/Src/light/led_stript/ARGB.o
                0x0000000020000000                ARGB_BR
 *fill*         0x0000000020000001        0x3 
 .data.SystemCoreClock
                0x0000000020000004        0x4 ./Core/Src/system_stm32f4xx.o
                0x0000000020000004                SystemCoreClock
 .data.frame_size
                0x0000000020000008        0x4 ./Core/Src/microSD/sd_spi.o
                0x0000000020000008                frame_size
 .data.start_evenled
                0x000000002000000c        0x4 ./Core/Src/microSD/sd_spi.o
                0x000000002000000c                start_evenled
 .data.strat_left_led
                0x0000000020000010        0x4 ./Core/Src/microSD/sd_spi.o
                0x0000000020000010                strat_left_led
 .data.end_left_led
                0x0000000020000014        0x4 ./Core/Src/microSD/sd_spi.o
                0x0000000020000014                end_left_led
 .data.strat_right_led
                0x0000000020000018        0x4 ./Core/Src/microSD/sd_spi.o
                0x0000000020000018                strat_right_led
 .data.end_ritht_led
                0x000000002000001c        0x4 ./Core/Src/microSD/sd_spi.o
                0x000000002000001c                end_ritht_led
 .data.uwTickPrio
                0x0000000020000020        0x4 ./Drivers/STM32F4xx_HAL_Driver/Src/stm32f4xx_hal.o
                0x0000000020000020                uwTickPrio
 .data.uwTickFreq
                0x0000000020000024        0x1 ./Drivers/STM32F4xx_HAL_Driver/Src/stm32f4xx_hal.o
                0x0000000020000024                uwTickFreq
 .data.Stat     0x0000000020000025        0x1 ./FATFS/Target/user_diskio.o
 *fill*         0x0000000020000026        0x2 
 .data.USER_Driver
                0x0000000020000028       0x14 ./FATFS/Target/user_diskio.o
                0x0000000020000028                USER_Driver
 .data.CDC_Class
                0x000000002000003c       0x20 ./Middlewares/ST/STM32_USB_Host_Library/Class/CDC/Src/usbh_cdc.o