../Core/Src/light/led_stop/stop_light.c:48:6:stop_light_turn_on_left	8	static
../Core/Src/light/led_stop/stop_light.c:54:6:stop_light_turn_on_right	8	static
../Core/Src/light/led_stop/stop_light.c:60:6:stop_light_turn_off_left	8	static
../Core/Src/light/led_stop/stop_light.c:66:6:stop_light_turn_off_right	8	static
../Core/Src/light/led_stop/stop_light.c:72:6:stop_light_turn_on_from_center	16	static
../Core/Src/light/led_stop/stop_light.c:95:6:set_duty_cycle_stop_left_1	16	static
../Core/Src/light/led_stop/stop_light.c:100:6:set_duty_cycle_stop_left_2	16	static
../Core/Src/light/led_stop/stop_light.c:105:6:set_duty_cycle_stop_left_3	16	static
../Core/Src/light/led_stop/stop_light.c:110:6:set_duty_cycle_stop_left_4	16	static
../Core/Src/light/led_stop/stop_light.c:115:6:set_duty_cycle_stop_left_5	16	static
../Core/Src/light/led_stop/stop_light.c:120:6:set_duty_cycle_stop_ritht_1	16	static
../Core/Src/light/led_stop/stop_light.c:125:6:set_duty_cycle_stop_ritht_2	16	static
../Core/Src/light/led_stop/stop_light.c:130:6:set_duty_cycle_stop_ritht_3	16	static
../Core/Src/light/led_stop/stop_light.c:135:6:set_duty_cycle_stop_ritht_4	16	static
../Core/Src/light/led_stop/stop_light.c:140:6:set_duty_cycle_stop_ritht_5	16	static
../Core/Src/light/led_stop/stop_light.c:145:6:stop_light_all_turn_on	8	static
../Core/Src/light/led_stop/stop_light.c:176:6:stop_light_all_turn_off	8	static
../Core/Src/light/led_stop/stop_light.c:184:6:test_changes_bratiles	16	static
../Core/Src/light/led_stop/stop_light.c:244:6:test_from_midle_to_corner	16	static
