../Core/Src/microSD/sd_spi.c:59:9:SD_SPI_Init	24	static
../Core/Src/microSD/sd_spi.c:124:9:SPIx_WriteRead	32	static
../Core/Src/microSD/sd_spi.c:136:6:SPI_SendByte	16	static
../Core/Src/microSD/sd_spi.c:143:9:SPI_ReceiveByte	16	static
../Core/Src/microSD/sd_spi.c:151:6:SPI_Release	8	static
../Core/Src/microSD/sd_spi.c:158:9:SD_SPI_WaitingForReadiness	16	static
../Core/Src/microSD/sd_spi.c:175:9:SD_SPI_Cmd	24	static
../Core/Src/microSD/sd_spi.c:217:9:SD_SPI_Read_Block	32	static
../Core/Src/microSD/sd_spi.c:242:9:SD_SPI_Write_Block	24	static
../Core/Src/microSD/sd_spi.c:271:9:SD_SPI_ReadFile	8	static
../Core/Src/microSD/sd_spi.c:294:9:SD_SPI_ReadLongFile	32	static
../Core/Src/microSD/sd_spi.c:329:9:SD_SPI_WriteFile	120	static
../Core/Src/microSD/sd_spi.c:363:9:SD_SPI_GetFileInfo	24	static
../Core/Src/microSD/sd_spi.c:426:6:SD_Error_Handler	8	static
../Core/Src/microSD/sd_spi.c:435:9:open_bin_file	1032	static
../Core/Src/microSD/sd_spi.c:599:6:make_delay	16	static
../Core/Src/microSD/sd_spi.c:605:9:open_my_bin_file	1016	static
../Core/Src/microSD/sd_spi.c:705:6:create_example_bin	992	static
