../Core/Src/microSD/sd_spi.c:67:9:SD_SPI_Init	24	static
../Core/Src/microSD/sd_spi.c:132:9:SPIx_WriteRead	32	static
../Core/Src/microSD/sd_spi.c:144:6:SPI_SendByte	16	static
../Core/Src/microSD/sd_spi.c:151:9:SPI_ReceiveByte	16	static
../Core/Src/microSD/sd_spi.c:159:6:SPI_Release	8	static
../Core/Src/microSD/sd_spi.c:166:9:SD_SPI_WaitingForReadiness	16	static
../Core/Src/microSD/sd_spi.c:183:9:SD_SPI_Cmd	24	static
../Core/Src/microSD/sd_spi.c:225:9:SD_SPI_Read_Block	32	static
../Core/Src/microSD/sd_spi.c:250:9:SD_SPI_Write_Block	24	static
../Core/Src/microSD/sd_spi.c:279:9:SD_SPI_ReadFile	8	static
../Core/Src/microSD/sd_spi.c:302:9:SD_SPI_ReadLongFile	32	static
../Core/Src/microSD/sd_spi.c:337:9:SD_SPI_WriteFile	120	static
../Core/Src/microSD/sd_spi.c:371:9:SD_SPI_GetFileInfo	24	static
../Core/Src/microSD/sd_spi.c:434:6:SD_Error_Handler	8	static
../Core/Src/microSD/sd_spi.c:440:6:test_function_generate_delay	8	static
../Core/Src/microSD/sd_spi.c:452:6:test_double_buffer	1976	static
../Core/Src/microSD/sd_spi.c:570:9:open_bin_file	1016	static
../Core/Src/microSD/sd_spi.c:721:6:make_delay	16	static
../Core/Src/microSD/sd_spi.c:727:9:open_my_bin_file	1016	static
../Core/Src/microSD/sd_spi.c:826:6:create_example_bin	992	static
