../Core/Src/microSD/sd_spi.c:68:9:SD_SPI_Init	24	static
../Core/Src/microSD/sd_spi.c:133:9:SPIx_WriteRead	32	static
../Core/Src/microSD/sd_spi.c:145:6:SPI_SendByte	16	static
../Core/Src/microSD/sd_spi.c:152:9:SPI_ReceiveByte	16	static
../Core/Src/microSD/sd_spi.c:160:6:SPI_Release	8	static
../Core/Src/microSD/sd_spi.c:167:9:SD_SPI_WaitingForReadiness	16	static
../Core/Src/microSD/sd_spi.c:184:9:SD_SPI_Cmd	24	static
../Core/Src/microSD/sd_spi.c:226:9:SD_SPI_Read_Block	32	static
../Core/Src/microSD/sd_spi.c:251:9:SD_SPI_Write_Block	24	static
../Core/Src/microSD/sd_spi.c:280:9:SD_SPI_ReadFile	8	static
../Core/Src/microSD/sd_spi.c:303:9:SD_SPI_ReadLongFile	32	static
../Core/Src/microSD/sd_spi.c:338:9:SD_SPI_WriteFile	120	static
../Core/Src/microSD/sd_spi.c:369:9:SD_SPI_GetFileInfo	24	static
../Core/Src/microSD/sd_spi.c:432:6:SD_Error_Handler	8	static
../Core/Src/microSD/sd_spi.c:438:6:test_function_generate_delay	8	static
../Core/Src/microSD/sd_spi.c:448:6:test_double_buffer	1976	static
../Core/Src/microSD/sd_spi.c:566:9:open_bin_file	1008	static
../Core/Src/microSD/sd_spi.c:707:6:update_all_leds	16	static
../Core/Src/microSD/sd_spi.c:748:6:make_delay	16	static
../Core/Src/microSD/sd_spi.c:754:9:open_my_bin_file	1016	static
../Core/Src/microSD/sd_spi.c:852:6:create_example_bin	992	static
