../Core/Src/microSD/sd_spi.c:65:9:SD_SPI_Init	24	static
../Core/Src/microSD/sd_spi.c:130:9:SPIx_WriteRead	32	static
../Core/Src/microSD/sd_spi.c:142:6:SPI_SendByte	16	static
../Core/Src/microSD/sd_spi.c:149:9:SPI_ReceiveByte	16	static
../Core/Src/microSD/sd_spi.c:157:6:SPI_Release	8	static
../Core/Src/microSD/sd_spi.c:164:9:SD_SPI_WaitingForReadiness	16	static
../Core/Src/microSD/sd_spi.c:181:9:SD_SPI_Cmd	24	static
../Core/Src/microSD/sd_spi.c:223:9:SD_SPI_Read_Block	32	static
../Core/Src/microSD/sd_spi.c:248:9:SD_SPI_Write_Block	24	static
../Core/Src/microSD/sd_spi.c:277:9:SD_SPI_ReadFile	8	static
../Core/Src/microSD/sd_spi.c:300:9:SD_SPI_ReadLongFile	32	static
../Core/Src/microSD/sd_spi.c:335:9:SD_SPI_WriteFile	120	static
../Core/Src/microSD/sd_spi.c:369:9:SD_SPI_GetFileInfo	24	static
../Core/Src/microSD/sd_spi.c:432:6:SD_Error_Handler	8	static
../Core/Src/microSD/sd_spi.c:438:6:test_function_generate_delay	8	static
../Core/Src/microSD/sd_spi.c:450:6:test_double_buffer	1976	static
../Core/Src/microSD/sd_spi.c:568:9:open_bin_file	1016	static
../Core/Src/microSD/sd_spi.c:718:6:make_delay	16	static
../Core/Src/microSD/sd_spi.c:724:9:open_my_bin_file	1016	static
../Core/Src/microSD/sd_spi.c:823:6:create_example_bin	992	static
