../Core/Src/microSD/sd_spi.c:66:9:SD_SPI_Init	24	static
../Core/Src/microSD/sd_spi.c:131:9:SPIx_WriteRead	32	static
../Core/Src/microSD/sd_spi.c:143:6:SPI_SendByte	16	static
../Core/Src/microSD/sd_spi.c:150:9:SPI_ReceiveByte	16	static
../Core/Src/microSD/sd_spi.c:158:6:SPI_Release	8	static
../Core/Src/microSD/sd_spi.c:165:9:SD_SPI_WaitingForReadiness	16	static
../Core/Src/microSD/sd_spi.c:182:9:SD_SPI_Cmd	24	static
../Core/Src/microSD/sd_spi.c:224:9:SD_SPI_Read_Block	32	static
../Core/Src/microSD/sd_spi.c:249:9:SD_SPI_Write_Block	24	static
../Core/Src/microSD/sd_spi.c:278:9:SD_SPI_ReadFile	8	static
../Core/Src/microSD/sd_spi.c:301:9:SD_SPI_ReadLongFile	32	static
../Core/Src/microSD/sd_spi.c:336:9:SD_SPI_WriteFile	120	static
../Core/Src/microSD/sd_spi.c:367:9:SD_SPI_GetFileInfo	24	static
../Core/Src/microSD/sd_spi.c:430:6:init_microSD	8	static
../Core/Src/microSD/sd_spi.c:449:6:SD_Error_Handler	8	static
../Core/Src/microSD/sd_spi.c:455:6:test_function_generate_delay	8	static
../Core/Src/microSD/sd_spi.c:465:6:update_all_leds	8	static
../Core/Src/microSD/sd_spi.c:489:6:make_delay	16	static
../Core/Src/microSD/sd_spi.c:495:9:open_my_bin_file	1016	static
../Core/Src/microSD/sd_spi.c:593:6:create_example_bin	992	static
