../Core/Src/main.c:128:5:main	64	static
../Core/Src/main.c:375:6:SystemClock_Config	88	static
../Core/Src/main.c:421:13:MX_SPI1_Init	8	static
../Core/Src/main.c:459:13:MX_TIM2_Init	64	static
../Core/Src/main.c:530:13:MX_TIM3_Init	64	static
../Core/Src/main.c:601:13:MX_TIM4_Init	64	static
../Core/Src/main.c:664:13:MX_TIM5_Init	32	static
../Core/Src/main.c:709:13:MX_TIM8_Init	80	static
../Core/Src/main.c:778:13:MX_USART3_UART_Init	8	static
../Core/Src/main.c:809:13:MX_DMA_Init	16	static
../Core/Src/main.c:830:13:MX_GPIO_Init	56	static
../Core/Src/main.c:967:6:HAL_TIM_PeriodElapsedCallback	16	static
../Core/Src/main.c:974:6:HAL_UART_RxCpltCallback	16	static
../Core/Src/main.c:1000:6:all_leds_animantion_ok_state	8	static
../Core/Src/main.c:1011:6:all_leds_animantion_error_state	24	static
../Core/Src/main.c:1035:6:Error_Handler	4	static,ignoring_inline_asm
