../Core/Src/main.c:147:6:start_and_init_25_hz	16	static
../Core/Src/main.c:155:6:stop_25_hz	8	static
../Core/Src/main.c:160:6:init_leds_pwm	8	static
../Core/Src/main.c:174:6:init_uart3	8	static
../Core/Src/main.c:179:6:init_rgbw_led_stript	8	static
../Core/Src/main.c:193:1:__io_putchar	16	static
../Core/Src/main.c:199:9:read_framesfrom_bin_file	56	static
../Core/Src/main.c:322:5:main	8	static
../Core/Src/main.c:437:6:SystemClock_Config	88	static
../Core/Src/main.c:483:13:MX_SPI1_Init	8	static
../Core/Src/main.c:521:13:MX_TIM2_Init	64	static
../Core/Src/main.c:592:13:MX_TIM3_Init	64	static
../Core/Src/main.c:663:13:MX_TIM4_Init	64	static
../Core/Src/main.c:726:13:MX_TIM8_Init	80	static
../Core/Src/main.c:795:13:MX_TIM13_Init	8	static
../Core/Src/main.c:826:13:MX_USART3_UART_Init	8	static
../Core/Src/main.c:857:13:MX_DMA_Init	16	static
../Core/Src/main.c:878:13:MX_GPIO_Init	56	static
../Core/Src/main.c:1015:6:HAL_TIM_PeriodElapsedCallback	16	static
../Core/Src/main.c:1025:6:HAL_UART_RxCpltCallback	16	static
../Core/Src/main.c:1051:6:all_leds_animantion_ok_state	8	static
../Core/Src/main.c:1062:6:all_leds_animantion_error_state	24	static
../Core/Src/main.c:1086:6:Error_Handler	4	static,ignoring_inline_asm
