../Core/Src/main.c:144:6:start_and_init_25_hz	16	static
../Core/Src/main.c:152:6:stop_25_hz	8	static
../Core/Src/main.c:164:1:__io_putchar	16	static
../Core/Src/main.c:170:9:read_framesfrom_bin_file	56	static
../Core/Src/main.c:298:5:main	40	static
../Core/Src/main.c:439:6:SystemClock_Config	88	static
../Core/Src/main.c:485:13:MX_SPI1_Init	8	static
../Core/Src/main.c:523:13:MX_TIM2_Init	64	static
../Core/Src/main.c:594:13:MX_TIM3_Init	64	static
../Core/Src/main.c:665:13:MX_TIM4_Init	64	static
../Core/Src/main.c:728:13:MX_TIM8_Init	80	static
../Core/Src/main.c:797:13:MX_TIM13_Init	8	static
../Core/Src/main.c:828:13:MX_USART3_UART_Init	8	static
../Core/Src/main.c:859:13:MX_DMA_Init	16	static
../Core/Src/main.c:880:13:MX_GPIO_Init	56	static
../Core/Src/main.c:1017:6:HAL_TIM_PeriodElapsedCallback	16	static
../Core/Src/main.c:1027:6:HAL_UART_RxCpltCallback	16	static
../Core/Src/main.c:1053:6:all_leds_animantion_ok_state	8	static
../Core/Src/main.c:1064:6:all_leds_animantion_error_state	24	static
../Core/Src/main.c:1088:6:Error_Handler	4	static,ignoring_inline_asm
