../Core/Src/main.c:121:6:init_tim_13	16	static
../Core/Src/main.c:141:5:main	48	static
../Core/Src/main.c:421:6:SystemClock_Config	88	static
../Core/Src/main.c:467:13:MX_SPI1_Init	8	static
../Core/Src/main.c:505:13:MX_TIM2_Init	64	static
../Core/Src/main.c:576:13:MX_TIM3_Init	64	static
../Core/Src/main.c:647:13:MX_TIM4_Init	64	static
../Core/Src/main.c:710:13:MX_TIM5_Init	32	static
../Core/Src/main.c:755:13:MX_TIM8_Init	80	static
../Core/Src/main.c:824:13:MX_TIM13_Init	8	static
../Core/Src/main.c:855:13:MX_USART3_UART_Init	8	static
../Core/Src/main.c:886:13:MX_DMA_Init	16	static
../Core/Src/main.c:907:13:MX_GPIO_Init	56	static
../Core/Src/main.c:1044:6:HAL_TIM_PeriodElapsedCallback	16	static
../Core/Src/main.c:1054:6:HAL_UART_RxCpltCallback	16	static
../Core/Src/main.c:1080:6:all_leds_animantion_ok_state	8	static
../Core/Src/main.c:1091:6:all_leds_animantion_error_state	24	static
../Core/Src/main.c:1115:6:Error_Handler	4	static,ignoring_inline_asm
