../Core/Src/main.c:140:6:start_and_init_25_hz	16	static
../Core/Src/main.c:148:6:stop_25_hz	8	static
../Core/Src/main.c:153:9:read_framesfrom_bin_file	56	static
../Core/Src/main.c:274:5:main	48	static
../Core/Src/main.c:424:6:SystemClock_Config	88	static
../Core/Src/main.c:470:13:MX_SPI1_Init	8	static
../Core/Src/main.c:508:13:MX_TIM2_Init	64	static
../Core/Src/main.c:579:13:MX_TIM3_Init	64	static
../Core/Src/main.c:650:13:MX_TIM4_Init	64	static
../Core/Src/main.c:713:13:MX_TIM8_Init	80	static
../Core/Src/main.c:782:13:MX_TIM13_Init	8	static
../Core/Src/main.c:813:13:MX_USART3_UART_Init	8	static
../Core/Src/main.c:844:13:MX_DMA_Init	16	static
../Core/Src/main.c:865:13:MX_GPIO_Init	56	static
../Core/Src/main.c:1002:6:HAL_TIM_PeriodElapsedCallback	16	static
../Core/Src/main.c:1012:6:HAL_UART_RxCpltCallback	16	static
../Core/Src/main.c:1038:6:all_leds_animantion_ok_state	8	static
../Core/Src/main.c:1049:6:all_leds_animantion_error_state	24	static
../Core/Src/main.c:1208:6:Error_Handler	4	static,ignoring_inline_asm
