../Core/Src/main.c:121:6:init_tim_13	16	static
../Core/Src/main.c:141:5:main	48	static
../Core/Src/main.c:409:6:SystemClock_Config	88	static
../Core/Src/main.c:455:13:MX_SPI1_Init	8	static
../Core/Src/main.c:493:13:MX_TIM2_Init	64	static
../Core/Src/main.c:564:13:MX_TIM3_Init	64	static
../Core/Src/main.c:635:13:MX_TIM4_Init	64	static
../Core/Src/main.c:698:13:MX_TIM5_Init	32	static
../Core/Src/main.c:743:13:MX_TIM8_Init	80	static
../Core/Src/main.c:812:13:MX_TIM13_Init	8	static
../Core/Src/main.c:843:13:MX_USART3_UART_Init	8	static
../Core/Src/main.c:874:13:MX_DMA_Init	16	static
../Core/Src/main.c:895:13:MX_GPIO_Init	56	static
../Core/Src/main.c:1032:6:HAL_TIM_PeriodElapsedCallback	16	static
../Core/Src/main.c:1042:6:HAL_UART_RxCpltCallback	16	static
../Core/Src/main.c:1068:6:all_leds_animantion_ok_state	8	static
../Core/Src/main.c:1079:6:all_leds_animantion_error_state	24	static
../Core/Src/main.c:1103:6:Error_Handler	4	static,ignoring_inline_asm
