../Core/Src/main.c:140:6:start_and_init_25_hz	16	static
../Core/Src/main.c:148:6:stop_25_hz	8	static
../Core/Src/main.c:153:9:read_framesfrom_bin_file	56	static
../Core/Src/main.c:274:5:main	48	static
../Core/Src/main.c:425:6:SystemClock_Config	88	static
../Core/Src/main.c:471:13:MX_SPI1_Init	8	static
../Core/Src/main.c:509:13:MX_TIM2_Init	64	static
../Core/Src/main.c:580:13:MX_TIM3_Init	64	static
../Core/Src/main.c:651:13:MX_TIM4_Init	64	static
../Core/Src/main.c:714:13:MX_TIM8_Init	80	static
../Core/Src/main.c:783:13:MX_TIM13_Init	8	static
../Core/Src/main.c:814:13:MX_USART3_UART_Init	8	static
../Core/Src/main.c:845:13:MX_DMA_Init	16	static
../Core/Src/main.c:866:13:MX_GPIO_Init	56	static
../Core/Src/main.c:1003:6:HAL_TIM_PeriodElapsedCallback	16	static
../Core/Src/main.c:1013:6:HAL_UART_RxCpltCallback	16	static
../Core/Src/main.c:1039:6:all_leds_animantion_ok_state	8	static
../Core/Src/main.c:1050:6:all_leds_animantion_error_state	24	static
../Core/Src/main.c:1209:6:Error_Handler	4	static,ignoring_inline_asm
