../Core/Src/main.c:143:6:init_tim_13	16	static
../Core/Src/main.c:151:9:read_framesfrom_bin_file	56	static
../Core/Src/main.c:275:5:main	48	static
../Core/Src/main.c:440:6:SystemClock_Config	88	static
../Core/Src/main.c:486:13:MX_SPI1_Init	8	static
../Core/Src/main.c:524:13:MX_TIM2_Init	64	static
../Core/Src/main.c:595:13:MX_TIM3_Init	64	static
../Core/Src/main.c:666:13:MX_TIM4_Init	64	static
../Core/Src/main.c:729:13:MX_TIM5_Init	32	static
../Core/Src/main.c:774:13:MX_TIM8_Init	80	static
../Core/Src/main.c:843:13:MX_TIM13_Init	8	static
../Core/Src/main.c:874:13:MX_USART3_UART_Init	8	static
../Core/Src/main.c:905:13:MX_DMA_Init	16	static
../Core/Src/main.c:926:13:MX_GPIO_Init	56	static
../Core/Src/main.c:1063:6:HAL_TIM_PeriodElapsedCallback	16	static
../Core/Src/main.c:1073:6:HAL_UART_RxCpltCallback	16	static
../Core/Src/main.c:1099:6:all_leds_animantion_ok_state	8	static
../Core/Src/main.c:1110:6:all_leds_animantion_error_state	24	static
../Core/Src/main.c:1269:6:Error_Handler	4	static,ignoring_inline_asm
