../Core/Src/main.c:148:6:start_and_init_25_hz	16	static
../Core/Src/main.c:156:6:stop_25_hz	8	static
../Core/Src/main.c:161:6:init_leds_pwm	8	static
../Core/Src/main.c:175:6:init_uart3	8	static
../Core/Src/main.c:180:6:init_rgbw_led_stript	8	static
../Core/Src/main.c:194:1:__io_putchar	16	static
../Core/Src/main.c:201:9:read_framesfrom_bin_file	56	static
../Core/Src/main.c:321:5:main	8	static
../Core/Src/main.c:436:6:SystemClock_Config	88	static
../Core/Src/main.c:482:13:MX_SPI1_Init	8	static
../Core/Src/main.c:520:13:MX_TIM2_Init	64	static
../Core/Src/main.c:591:13:MX_TIM3_Init	64	static
../Core/Src/main.c:662:13:MX_TIM4_Init	64	static
../Core/Src/main.c:725:13:MX_TIM8_Init	80	static
../Core/Src/main.c:794:13:MX_TIM13_Init	8	static
../Core/Src/main.c:825:13:MX_USART3_UART_Init	8	static
../Core/Src/main.c:856:13:MX_DMA_Init	16	static
../Core/Src/main.c:877:13:MX_GPIO_Init	56	static
../Core/Src/main.c:1014:6:HAL_TIM_PeriodElapsedCallback	16	static
../Core/Src/main.c:1024:6:HAL_UART_RxCpltCallback	16	static
../Core/Src/main.c:1050:6:all_leds_animantion_ok_state	8	static
../Core/Src/main.c:1061:6:all_leds_animantion_error_state	24	static
../Core/Src/main.c:1085:6:Error_Handler	4	static,ignoring_inline_asm
