../Core/Src/light/led_stript/ARGB.c:139:6:ARGB_Init	16	static
../Core/Src/light/led_stript/ARGB.c:188:6:ARGB_Clear_left	8	static
../Core/Src/light/led_stript/ARGB.c:195:6:ARGB_Clear_right	8	static
../Core/Src/light/led_stript/ARGB.c:206:6:ARGB_SetBrightness	16	static
../Core/Src/light/led_stript/ARGB.c:217:6:ARGB_SetRGB_left	32	static
../Core/Src/light/led_stript/ARGB.c:253:6:ARGB_SetRGB_right	32	static
../Core/Src/light/led_stript/ARGB.c:296:6:ARGB_SetHSV	40	static
../Core/Src/light/led_stript/ARGB.c:307:6:ARGB_SetWhite_left	16	static
../Core/Src/light/led_stript/ARGB.c:315:6:ARGB_SetWhite_right	16	static
../Core/Src/light/led_stript/ARGB.c:330:6:ARGB_FillRGB_left	24	static
../Core/Src/light/led_stript/ARGB.c:335:6:ARGB_FillRGB_right	24	static
../Core/Src/light/led_stript/ARGB.c:346:6:ARGB_FillHSV_left	40	static
../Core/Src/light/led_stript/ARGB.c:356:6:ARGB_FillWhite_left	24	static
../Core/Src/light/led_stript/ARGB.c:361:6:ARGB_FillWhite_right	24	static
../Core/Src/light/led_stript/ARGB.c:372:12:ARGB_Ready_left	4	static
../Core/Src/light/led_stript/ARGB.c:376:12:ARGB_Ready_right	4	static
../Core/Src/light/led_stript/ARGB.c:385:12:ARGB_Show_left	24	static
../Core/Src/light/led_stript/ARGB.c:456:12:ARGB_Show_right	24	static
../Core/Src/light/led_stript/ARGB.c:537:20:scale8	16	static
../Core/Src/light/led_stript/ARGB.c:550:13:HSV2RGB	40	static
../Core/Src/light/led_stript/ARGB.c:591:13:ARGB_TIM_DMADelayPulseCplt_left	24	static
../Core/Src/light/led_stript/ARGB.c:670:13:ARGB_TIM_DMADelayPulseCplt_right	24	static
../Core/Src/light/led_stript/ARGB.c:754:13:ARGB_TIM_DMADelayPulseHalfCplt_left	24	static
../Core/Src/light/led_stript/ARGB.c:781:13:ARGB_TIM_DMADelayPulseHalfCplt_right	24	static
